Archive member included to satisfy reference by file (symbol)

c:/program files (x86)/atollic/truestudio for arm 7.0.1/armtools/bin/../lib/gcc/arm-atollic-eabi/5.3.1/../../../../arm-atollic-eabi/lib/armv7e-m\libc_nano.a(lib_a-init.o)
                              other\startup_stm32f40xx.o (__libc_init_array)
c:/program files (x86)/atollic/truestudio for arm 7.0.1/armtools/bin/../lib/gcc/arm-atollic-eabi/5.3.1/../../../../arm-atollic-eabi/lib/armv7e-m\libc_nano.a(lib_a-malloc.o)
                              inc\tm_stm32f4_delay.o (malloc)
c:/program files (x86)/atollic/truestudio for arm 7.0.1/armtools/bin/../lib/gcc/arm-atollic-eabi/5.3.1/../../../../arm-atollic-eabi/lib/armv7e-m\libc_nano.a(lib_a-nano-freer.o)
                              c:/program files (x86)/atollic/truestudio for arm 7.0.1/armtools/bin/../lib/gcc/arm-atollic-eabi/5.3.1/../../../../arm-atollic-eabi/lib/armv7e-m\libc_nano.a(lib_a-malloc.o) (_free_r)
c:/program files (x86)/atollic/truestudio for arm 7.0.1/armtools/bin/../lib/gcc/arm-atollic-eabi/5.3.1/../../../../arm-atollic-eabi/lib/armv7e-m\libc_nano.a(lib_a-nano-mallocr.o)
                              c:/program files (x86)/atollic/truestudio for arm 7.0.1/armtools/bin/../lib/gcc/arm-atollic-eabi/5.3.1/../../../../arm-atollic-eabi/lib/armv7e-m\libc_nano.a(lib_a-malloc.o) (_malloc_r)
c:/program files (x86)/atollic/truestudio for arm 7.0.1/armtools/bin/../lib/gcc/arm-atollic-eabi/5.3.1/../../../../arm-atollic-eabi/lib/armv7e-m\libc_nano.a(lib_a-printf.o)
                              src\LinkedList.o (printf)
c:/program files (x86)/atollic/truestudio for arm 7.0.1/armtools/bin/../lib/gcc/arm-atollic-eabi/5.3.1/../../../../arm-atollic-eabi/lib/armv7e-m\libc_nano.a(lib_a-putchar.o)
                              src\LinkedList.o (putchar)
c:/program files (x86)/atollic/truestudio for arm 7.0.1/armtools/bin/../lib/gcc/arm-atollic-eabi/5.3.1/../../../../arm-atollic-eabi/lib/armv7e-m\libc_nano.a(lib_a-reent.o)
                              other\syscalls.o (errno)
c:/program files (x86)/atollic/truestudio for arm 7.0.1/armtools/bin/../lib/gcc/arm-atollic-eabi/5.3.1/../../../../arm-atollic-eabi/lib/armv7e-m\libc_nano.a(lib_a-sbrkr.o)
                              c:/program files (x86)/atollic/truestudio for arm 7.0.1/armtools/bin/../lib/gcc/arm-atollic-eabi/5.3.1/../../../../arm-atollic-eabi/lib/armv7e-m\libc_nano.a(lib_a-nano-mallocr.o) (_sbrk_r)
c:/program files (x86)/atollic/truestudio for arm 7.0.1/armtools/bin/../lib/gcc/arm-atollic-eabi/5.3.1/../../../../arm-atollic-eabi/lib/armv7e-m\libc_nano.a(lib_a-sprintf.o)
                              src\main.o (sprintf)
c:/program files (x86)/atollic/truestudio for arm 7.0.1/armtools/bin/../lib/gcc/arm-atollic-eabi/5.3.1/../../../../arm-atollic-eabi/lib/armv7e-m\libc_nano.a(lib_a-strncmp.o)
                              inc\serial.o (strncmp)
c:/program files (x86)/atollic/truestudio for arm 7.0.1/armtools/bin/../lib/gcc/arm-atollic-eabi/5.3.1/../../../../arm-atollic-eabi/lib/armv7e-m\libc_nano.a(lib_a-findfp.o)
                              c:/program files (x86)/atollic/truestudio for arm 7.0.1/armtools/bin/../lib/gcc/arm-atollic-eabi/5.3.1/../../../../arm-atollic-eabi/lib/armv7e-m\libc_nano.a(lib_a-printf.o) (__sinit)
c:/program files (x86)/atollic/truestudio for arm 7.0.1/armtools/bin/../lib/gcc/arm-atollic-eabi/5.3.1/../../../../arm-atollic-eabi/lib/armv7e-m\libc_nano.a(lib_a-fwalk.o)
                              c:/program files (x86)/atollic/truestudio for arm 7.0.1/armtools/bin/../lib/gcc/arm-atollic-eabi/5.3.1/../../../../arm-atollic-eabi/lib/armv7e-m\libc_nano.a(lib_a-findfp.o) (_fwalk)
c:/program files (x86)/atollic/truestudio for arm 7.0.1/armtools/bin/../lib/gcc/arm-atollic-eabi/5.3.1/../../../../arm-atollic-eabi/lib/armv7e-m\libc_nano.a(lib_a-impure.o)
                              c:/program files (x86)/atollic/truestudio for arm 7.0.1/armtools/bin/../lib/gcc/arm-atollic-eabi/5.3.1/../../../../arm-atollic-eabi/lib/armv7e-m\libc_nano.a(lib_a-findfp.o) (_global_impure_ptr)
c:/program files (x86)/atollic/truestudio for arm 7.0.1/armtools/bin/../lib/gcc/arm-atollic-eabi/5.3.1/../../../../arm-atollic-eabi/lib/armv7e-m\libc_nano.a(lib_a-memset.o)
                              c:/program files (x86)/atollic/truestudio for arm 7.0.1/armtools/bin/../lib/gcc/arm-atollic-eabi/5.3.1/../../../../arm-atollic-eabi/lib/armv7e-m\libc_nano.a(lib_a-findfp.o) (memset)
c:/program files (x86)/atollic/truestudio for arm 7.0.1/armtools/bin/../lib/gcc/arm-atollic-eabi/5.3.1/../../../../arm-atollic-eabi/lib/armv7e-m\libc_nano.a(lib_a-mlock.o)
                              c:/program files (x86)/atollic/truestudio for arm 7.0.1/armtools/bin/../lib/gcc/arm-atollic-eabi/5.3.1/../../../../arm-atollic-eabi/lib/armv7e-m\libc_nano.a(lib_a-nano-freer.o) (__malloc_lock)
[...]
Memory Configuration

Name             Origin             Length             Attributes
FLASH            0x08000000         0x00100000         xr
RAM              0x20000000         0x00020000         xrw
MEMORY_B1        0x60000000         0x00000000         xr
CCMRAM           0x10000000         0x00010000         rw
*default*        0x00000000         0xffffffff

Linker script and memory map

LOAD c:/program files (x86)/atollic/truestudio for arm 7.0.1/armtools/bin/../lib/gcc/arm-atollic-eabi/5.3.1/armv7e-m/crti.o
LOAD c:/program files (x86)/atollic/truestudio for arm 7.0.1/armtools/bin/../lib/gcc/arm-atollic-eabi/5.3.1/armv7e-m/crtbegin.o
LOAD Libraries\STM32F4xx_StdPeriph_Driver\src\misc.o
LOAD Libraries\STM32F4xx_StdPeriph_Driver\src\stm32f4xx_adc.o
LOAD Libraries\STM32F4xx_StdPeriph_Driver\src\stm32f4xx_can.o
LOAD Libraries\STM32F4xx_StdPeriph_Driver\src\stm32f4xx_crc.o
LOAD Libraries\STM32F4xx_StdPeriph_Driver\src\stm32f4xx_cryp.o
LOAD Libraries\STM32F4xx_StdPeriph_Driver\src\stm32f4xx_cryp_aes.o
LOAD Libraries\STM32F4xx_StdPeriph_Driver\src\stm32f4xx_cryp_des.o
LOAD Libraries\STM32F4xx_StdPeriph_Driver\src\stm32f4xx_cryp_tdes.o
LOAD Libraries\STM32F4xx_StdPeriph_Driver\src\stm32f4xx_dac.o
LOAD Libraries\STM32F4xx_StdPeriph_Driver\src\stm32f4xx_dbgmcu.o
LOAD Libraries\STM32F4xx_StdPeriph_Driver\src\stm32f4xx_dcmi.o
LOAD Libraries\STM32F4xx_StdPeriph_Driver\src\stm32f4xx_dma.o
LOAD Libraries\STM32F4xx_StdPeriph_Driver\src\stm32f4xx_exti.o
LOAD Libraries\STM32F4xx_StdPeriph_Driver\src\stm32f4xx_flash.o
LOAD Libraries\STM32F4xx_StdPeriph_Driver\src\stm32f4xx_fsmc.o
LOAD Libraries\STM32F4xx_StdPeriph_Driver\src\stm32f4xx_gpio.o
LOAD Libraries\STM32F4xx_StdPeriph_Driver\src\stm32f4xx_hash.o
LOAD Libraries\STM32F4xx_StdPeriph_Driver\src\stm32f4xx_hash_md5.o
LOAD Libraries\STM32F4xx_StdPeriph_Driver\src\stm32f4xx_hash_sha1.o
LOAD Libraries\STM32F4xx_StdPeriph_Driver\src\stm32f4xx_i2c.o
LOAD Libraries\STM32F4xx_StdPeriph_Driver\src\stm32f4xx_iwdg.o
LOAD Libraries\STM32F4xx_StdPeriph_Driver\src\stm32f4xx_pwr.o
LOAD Libraries\STM32F4xx_StdPeriph_Driver\src\stm32f4xx_rcc.o
LOAD Libraries\STM32F4xx_StdPeriph_Driver\src\stm32f4xx_rng.o
LOAD Libraries\STM32F4xx_StdPeriph_Driver\src\stm32f4xx_rtc.o
LOAD Libraries\STM32F4xx_StdPeriph_Driver\src\stm32f4xx_sdio.o
LOAD Libraries\STM32F4xx_StdPeriph_Driver\src\stm32f4xx_spi.o
LOAD Libraries\STM32F4xx_StdPeriph_Driver\src\stm32f4xx_syscfg.o
LOAD Libraries\STM32F4xx_StdPeriph_Driver\src\stm32f4xx_tim.o
LOAD Libraries\STM32F4xx_StdPeriph_Driver\src\stm32f4xx_usart.o
LOAD Libraries\STM32F4xx_StdPeriph_Driver\src\stm32f4xx_wwdg.o
LOAD Utilities\STM32F4-Discovery\stm32f4_discovery.o
LOAD Utilities\STM32F4-Discovery\stm32f4_discovery_audio_codec.o
LOAD Utilities\STM32F4-Discovery\stm32f4_discovery_lis302dl.o
LOAD inc\infra.o
LOAD inc\serial.o
LOAD inc\tm_stm32f4_delay.o
LOAD inc\tm_stm32f4_disco.o
LOAD inc\tm_stm32f4_gpio.o
LOAD inc\tm_stm32f4_lis302dl_lis3dsh.o
LOAD inc\tm_stm32f4_spi.o
LOAD inc\tm_stm32f4_timer_properties.o
LOAD inc\tm_stm32f4_usart.o
LOAD inc\tm_stm32f4_watchdog.o
LOAD other\startup_stm32f40xx.o
LOAD other\syscalls.o
LOAD other\system_stm32f4xx.o
LOAD src\DTW.o
LOAD src\LinkedList.o
LOAD src\main.o
LOAD ub_lib\irsnd_lolevel\irsnd.o
LOAD ub_lib\stm32_ub_irsnd.o
START GROUP
LOAD c:/program files (x86)/atollic/truestudio for arm 7.0.1/armtools/bin/../lib/gcc/arm-atollic-eabi/5.3.1/../../../../arm-atollic-eabi/lib/armv7e-m\libc_nano.a
LOAD c:/program files (x86)/atollic/truestudio for arm 7.0.1/armtools/bin/../lib/gcc/arm-atollic-eabi/5.3.1/../../../../arm-atollic-eabi/lib/armv7e-m\libm.a
END GROUP
                0x00001000                malloc_getpagesize_P = 0x1000
START GROUP
LOAD c:/program files (x86)/atollic/truestudio for arm 7.0.1/armtools/bin/../lib/gcc/arm-atollic-eabi/5.3.1/armv7e-m\libgcc.a
LOAD c:/program files (x86)/atollic/truestudio for arm 7.0.1/armtools/bin/../lib/gcc/arm-atollic-eabi/5.3.1/../../../../arm-atollic-eabi/lib/armv7e-m\libc_nano.a
END GROUP
START GROUP
LOAD c:/program files (x86)/atollic/truestudio for arm 7.0.1/armtools/bin/../lib/gcc/arm-atollic-eabi/5.3.1/armv7e-m\libgcc.a
LOAD c:/program files (x86)/atollic/truestudio for arm 7.0.1/armtools/bin/../lib/gcc/arm-atollic-eabi/5.3.1/../../../../arm-atollic-eabi/lib/armv7e-m\libc_nano.a
LOAD c:/program files (x86)/atollic/truestudio for arm 7.0.1/armtools/bin/../lib/gcc/arm-atollic-eabi/5.3.1/../../../../arm-atollic-eabi/lib/armv7e-m\libnosys.a
END GROUP
START GROUP
LOAD c:/program files (x86)/atollic/truestudio for arm 7.0.1/armtools/bin/../lib/gcc/arm-atollic-eabi/5.3.1/armv7e-m\libgcc.a
LOAD c:/program files (x86)/atollic/truestudio for arm 7.0.1/armtools/bin/../lib/gcc/arm-atollic-eabi/5.3.1/../../../../arm-atollic-eabi/lib/armv7e-m\libc_nano.a
LOAD c:/program files (x86)/atollic/truestudio for arm 7.0.1/armtools/bin/../lib/gcc/arm-atollic-eabi/5.3.1/../../../../arm-atollic-eabi/lib/armv7e-m\libnosys.a
END GROUP
LOAD c:/program files (x86)/atollic/truestudio for arm 7.0.1/armtools/bin/../lib/gcc/arm-atollic-eabi/5.3.1/armv7e-m/crtend.o
LOAD c:/program files (x86)/atollic/truestudio for arm 7.0.1/armtools/bin/../lib/gcc/arm-atollic-eabi/5.3.1/armv7e-m/crtn.o
                0x20020000                _estack = 0x20020000
                0x00005000                _Min_Heap_Size = 0x5000
                0x00000400                _Min_Stack_Size = 0x400

.isr_vector     0x08000000      0x188
                0x08000000                . = ALIGN (0x4)
 *(.isr_vector)
 .isr_vector    0x08000000      0x188 other\startup_stm32f40xx.o
                0x08000000                g_pfnVectors
                0x08000188                . = ALIGN (0x4)

.text           0x08000190     0x74c0
                0x08000190                . = ALIGN (0x4)
 *(.text)
 .text          0x08000190       0x40 c:/program files (x86)/atollic/truestudio for arm 7.0.1/armtools/bin/../lib/gcc/arm-atollic-eabi/5.3.1/armv7e-m/crtbegin.o
 .text          0x080001d0       0xa0 c:/program files (x86)/atollic/truestudio for arm 7.0.1/armtools/bin/../lib/gcc/arm-atollic-eabi/5.3.1/../../../../arm-atollic-eabi/lib/armv7e-m\libc_nano.a(lib_a-memchr.o)
                0x080001d0                memchr
 .text          0x08000270      0x370 c:/program files (x86)/atollic/truestudio for arm 7.0.1/armtools/bin/../lib/gcc/arm-atollic-eabi/5.3.1/armv7e-m\libgcc.a(_arm_addsubdf3.o)
                0x08000270                __aeabi_drsub
                0x08000278                __aeabi_dsub
                0x08000278                __subdf3
                0x0800027c                __aeabi_dadd
                0x0800027c                __adddf3
                0x080004f4                __floatunsidf
                0x080004f4                __aeabi_ui2d
                0x08000514                __floatsidf
                0x08000514                __aeabi_i2d
                0x08000538                __aeabi_f2d
                0x08000538                __extendsfdf2
                0x08000574                __floatundidf
                0x08000574                __aeabi_ul2d
                0x08000584                __floatdidf
                0x08000584                __aeabi_l2d
 .text          0x080005e0      0x424 c:/program files (x86)/atollic/truestudio for arm 7.0.1/armtools/bin/../lib/gcc/arm-atollic-eabi/5.3.1/armv7e-m\libgcc.a(_arm_muldivdf3.o)
                0x080005e0                __aeabi_dmul
                0x080005e0                __muldf3
                0x08000834                __divdf3
                0x08000834                __aeabi_ddiv
 .text          0x08000a04      0x110 c:/program files (x86)/atollic/truestudio for arm 7.0.1/armtools/bin/../lib/gcc/arm-atollic-eabi/5.3.1/armv7e-m\libgcc.a(_arm_cmpdf2.o)
                0x08000a04                __gtdf2
                0x08000a04                __gedf2
                0x08000a0c                __ltdf2
                0x08000a0c                __ledf2
                0x08000a14                __nedf2
                0x08000a14                __eqdf2
                0x08000a14                __cmpdf2
                0x08000a90                __aeabi_cdrcmple
                0x08000aa0                __aeabi_cdcmpeq
                0x08000aa0                __aeabi_cdcmple
                0x08000ab0                __aeabi_dcmpeq
                0x08000ac4                __aeabi_dcmplt
                0x08000ad8                __aeabi_dcmple
                0x08000aec                __aeabi_dcmpge
                0x08000b00                __aeabi_dcmpgt
 .text          0x08000b14       0x2c c:/program files (x86)/atollic/truestudio for arm 7.0.1/armtools/bin/../lib/gcc/arm-atollic-eabi/5.3.1/armv7e-m\libgcc.a(_arm_unorddf2.o)
                0x08000b14                __unorddf2
                0x08000b14                __aeabi_dcmpun
 .text          0x08000b40       0xa0 c:/program files (x86)/atollic/truestudio for arm 7.0.1/armtools/bin/../lib/gcc/arm-atollic-eabi/5.3.1/armv7e-m\libgcc.a(_arm_truncdfsf2.o)
                0x08000b40                __truncdfsf2
                0x08000b40                __aeabi_d2f
 .text          0x08000be0      0x21c c:/program files (x86)/atollic/truestudio for arm 7.0.1/armtools/bin/../lib/gcc/arm-atollic-eabi/5.3.1/armv7e-m\libgcc.a(_arm_addsubsf3.o)
                0x08000be0                __aeabi_frsub
                0x08000be8                __subsf3
                0x08000be8                __aeabi_fsub
                0x08000bec                __aeabi_fadd
                0x08000bec                __addsf3
                0x08000d4c                __aeabi_ui2f
                0x08000d4c                __floatunsisf
                0x08000d54                __aeabi_i2f
                0x08000d54                __floatsisf
                0x08000d70                __aeabi_ul2f
                0x08000d70                __floatundisf
                0x08000d80                __aeabi_l2f
                0x08000d80                __floatdisf
 .text          0x08000dfc      0x2a0 c:/program files (x86)/atollic/truestudio for arm 7.0.1/armtools/bin/../lib/gcc/arm-atollic-eabi/5.3.1/armv7e-m\libgcc.a(_arm_muldivsf3.o)
                0x08000dfc                __mulsf3
                0x08000dfc                __aeabi_fmul
                0x08000f64                __aeabi_fdiv
                0x08000f64                __divsf3
 .text          0x0800109c       0xec c:/program files (x86)/atollic/truestudio for arm 7.0.1/armtools/bin/../lib/gcc/arm-atollic-eabi/5.3.1/armv7e-m\libgcc.a(_arm_cmpsf2.o)
                0x0800109c                __gesf2
                0x0800109c                __gtsf2
                0x080010a4                __lesf2
                0x080010a4                __ltsf2
                0x080010ac                __nesf2
                0x080010ac                __eqsf2
                0x080010ac                __cmpsf2
                0x0800110c                __aeabi_cfrcmple
                0x08001114                __aeabi_cfcmpeq
                0x08001114                __aeabi_cfcmple
                0x08001124                __aeabi_fcmpeq
                0x08001138                __aeabi_fcmplt
                0x0800114c                __aeabi_fcmple
                0x08001160                __aeabi_fcmpge
                0x08001174                __aeabi_fcmpgt
 .text          0x08001188       0x4c c:/program files (x86)/atollic/truestudio for arm 7.0.1/armtools/bin/../lib/gcc/arm-atollic-eabi/5.3.1/armv7e-m\libgcc.a(_arm_fixsfsi.o)
                0x08001188                __aeabi_f2iz
                0x08001188                __fixsfsi
 *(.text*)
 .text.NVIC_Init
                0x080011d4       0xc0 Libraries\STM32F4xx_StdPeriph_Driver\src\misc.o
                0x080011d4                NVIC_Init
 .text.DAC_SetChannel1Data
                0x08001294       0x34 Libraries\STM32F4xx_StdPeriph_Driver\src\stm32f4xx_dac.o
                0x08001294                DAC_SetChannel1Data
 .text.DMA_Init
                0x080012c8       0xac Libraries\STM32F4xx_StdPeriph_Driver\src\stm32f4xx_dma.o
                0x080012c8                DMA_Init
 .text.DMA_Cmd  0x08001374       0x38 Libraries\STM32F4xx_StdPeriph_Driver\src\stm32f4xx_dma.o
                0x08001374                DMA_Cmd
 .text.DMA_GetCmdStatus
                0x080013ac       0x30 Libraries\STM32F4xx_StdPeriph_Driver\src\stm32f4xx_dma.o
                0x080013ac                DMA_GetCmdStatus
 .text.DMA_GetFlagStatus
                0x080013dc       0x74 Libraries\STM32F4xx_StdPeriph_Driver\src\stm32f4xx_dma.o
                0x080013dc                DMA_GetFlagStatus
 .text.DMA_ClearFlag
                0x08001450       0x5c Libraries\STM32F4xx_StdPeriph_Driver\src\stm32f4xx_dma.o
                0x08001450                DMA_ClearFlag
 .text.GPIO_Init
                0x080014ac      0x11c Libraries\STM32F4xx_StdPeriph_Driver\src\stm32f4xx_gpio.o
                0x080014ac                GPIO_Init
 .text.GPIO_PinAFConfig
                0x080015c8       0x90 Libraries\STM32F4xx_StdPeriph_Driver\src\stm32f4xx_gpio.o
                0x080015c8                GPIO_PinAFConfig
 .text.RCC_GetClocksFreq
                0x08001658      0x154 Libraries\STM32F4xx_StdPeriph_Driver\src\stm32f4xx_rcc.o
                0x08001658                RCC_GetClocksFreq
 .text.RCC_AHB1PeriphClockCmd
                0x080017ac       0x3c Libraries\STM32F4xx_StdPeriph_Driver\src\stm32f4xx_rcc.o
                0x080017ac                RCC_AHB1PeriphClockCmd
 .text.RCC_APB1PeriphClockCmd
                0x080017e8       0x3c Libraries\STM32F4xx_StdPeriph_Driver\src\stm32f4xx_rcc.o
                0x080017e8                RCC_APB1PeriphClockCmd
 .text.RCC_APB2PeriphClockCmd
                0x08001824       0x3c Libraries\STM32F4xx_StdPeriph_Driver\src\stm32f4xx_rcc.o
                0x08001824                RCC_APB2PeriphClockCmd
 .text.SPI_Init
                0x08001860       0x88 Libraries\STM32F4xx_StdPeriph_Driver\src\stm32f4xx_spi.o
                0x08001860                SPI_Init
 .text.SPI_StructInit
                0x080018e8       0x48 Libraries\STM32F4xx_StdPeriph_Driver\src\stm32f4xx_spi.o
                0x080018e8                SPI_StructInit
 .text.SPI_I2S_SendData
                0x08001930       0x1c Libraries\STM32F4xx_StdPeriph_Driver\src\stm32f4xx_spi.o
                0x08001930                SPI_I2S_SendData
 .text.SPI_I2S_GetFlagStatus
                0x0800194c       0x38 Libraries\STM32F4xx_StdPeriph_Driver\src\stm32f4xx_spi.o
                0x0800194c                SPI_I2S_GetFlagStatus
 .text.TIM_TimeBaseInit
                0x08001984       0xd4 Libraries\STM32F4xx_StdPeriph_Driver\src\stm32f4xx_tim.o
                0x08001984                TIM_TimeBaseInit
 .text.TIM_SetCounter
                0x08001a58       0x1c Libraries\STM32F4xx_StdPeriph_Driver\src\stm32f4xx_tim.o
                0x08001a58                TIM_SetCounter
 .text.TIM_SetAutoreload
                0x08001a74       0x1c Libraries\STM32F4xx_StdPeriph_Driver\src\stm32f4xx_tim.o
                0x08001a74                TIM_SetAutoreload
 .text.TIM_ARRPreloadConfig
                0x08001a90       0x40 Libraries\STM32F4xx_StdPeriph_Driver\src\stm32f4xx_tim.o
                0x08001a90                TIM_ARRPreloadConfig
 .text.TIM_Cmd  0x08001ad0       0x40 Libraries\STM32F4xx_StdPeriph_Driver\src\stm32f4xx_tim.o
                0x08001ad0                TIM_Cmd
 .text.TIM_OC1Init
                0x08001b10       0xf4 Libraries\STM32F4xx_StdPeriph_Driver\src\stm32f4xx_tim.o
                0x08001b10                TIM_OC1Init
 .text.TIM_SelectOCxM
                0x08001c04       0xb0 Libraries\STM32F4xx_StdPeriph_Driver\src\stm32f4xx_tim.o
                0x08001c04                TIM_SelectOCxM
 .text.TIM_SetCompare1
                0x08001cb4       0x1c Libraries\STM32F4xx_StdPeriph_Driver\src\stm32f4xx_tim.o
                0x08001cb4                TIM_SetCompare1
 .text.TIM_OC1PreloadConfig
                0x08001cd0       0x38 Libraries\STM32F4xx_StdPeriph_Driver\src\stm32f4xx_tim.o
                0x08001cd0                TIM_OC1PreloadConfig
 .text.TIM_CCxCmd
                0x08001d08       0x58 Libraries\STM32F4xx_StdPeriph_Driver\src\stm32f4xx_tim.o
                0x08001d08                TIM_CCxCmd
 .text.TIM_ITConfig
                0x08001d60       0x48 Libraries\STM32F4xx_StdPeriph_Driver\src\stm32f4xx_tim.o
                0x08001d60                TIM_ITConfig
 .text.TIM_ClearITPendingBit
                0x08001da8       0x20 Libraries\STM32F4xx_StdPeriph_Driver\src\stm32f4xx_tim.o
                0x08001da8                TIM_ClearITPendingBit
 .text.USART_Init
                0x08001dc8      0x174 Libraries\STM32F4xx_StdPeriph_Driver\src\stm32f4xx_usart.o
                0x08001dc8                USART_Init
 .text.USART_Cmd
                0x08001f3c       0x40 Libraries\STM32F4xx_StdPeriph_Driver\src\stm32f4xx_usart.o
                0x08001f3c                USART_Cmd
 .text.USART_SendData
                0x08001f7c       0x24 Libraries\STM32F4xx_StdPeriph_Driver\src\stm32f4xx_usart.o
                0x08001f7c                USART_SendData
 .text.USART_ITConfig
                0x08001fa0       0x90 Libraries\STM32F4xx_StdPeriph_Driver\src\stm32f4xx_usart.o
                0x08001fa0                USART_ITConfig
 .text.USART_GetITStatus
                0x08002030       0xb4 Libraries\STM32F4xx_StdPeriph_Driver\src\stm32f4xx_usart.o
                0x08002030                USART_GetITStatus
 .text.Audio_MAL_IRQHandler
                0x080020e4       0xf8 Utilities\STM32F4-Discovery\stm32f4_discovery_audio_codec.o
 .text.DMA1_Stream7_IRQHandler
                0x080021dc        0xc Utilities\STM32F4-Discovery\stm32f4_discovery_audio_codec.o
                0x080021dc                DMA1_Stream7_IRQHandler
 .text.DMA1_Stream0_IRQHandler
                0x080021e8        0xc Utilities\STM32F4-Discovery\stm32f4_discovery_audio_codec.o
                0x080021e8                DMA1_Stream0_IRQHandler
 .text.SPI3_IRQHandler
                0x080021f4       0x44 Utilities\STM32F4-Discovery\stm32f4_discovery_audio_codec.o
                0x080021f4                SPI3_IRQHandler
 .text.Delayms  0x08002238       0x58 inc\infra.o
 .text.sendInfraData
                0x08002290       0x54 inc\infra.o
                0x08002290                sendInfraData
 .text.initINFRA
                0x080022e4        0xc inc\infra.o
                0x080022e4                initINFRA
 .text.infraPair
                0x080022f0       0x2c inc\infra.o
                0x080022f0                infraPair
 .text.init_USART1
                0x0800231c       0xc0 inc\serial.o
                0x0800231c                init_USART1
 .text.USART_puts
                0x080023dc       0x40 inc\serial.o
                0x080023dc                USART_puts
 .text.USART1_IRQHandler
                0x0800241c       0xb0 inc\serial.o
                0x0800241c                USART1_IRQHandler
 .text.listenBluetooth
                0x080024cc       0x14 inc\serial.o
                0x080024cc                listenBluetooth
 .text.NVIC_SetPriority
                0x080024e0       0x54 inc\tm_stm32f4_delay.o
 .text.SysTick_Config
                0x08002534       0x44 inc\tm_stm32f4_delay.o
 .text.SysTick_Handler
                0x08002578       0xf0 inc\tm_stm32f4_delay.o
                0x08002578                SysTick_Handler
 .text.TM_DELAY_Init
                0x08002668       0x50 inc\tm_stm32f4_delay.o
                0x08002668                TM_DELAY_Init
 .text.TM_DISCO_LedInit
                0x080026b8       0x30 inc\tm_stm32f4_disco.o
                0x080026b8                TM_DISCO_LedInit
 .text.TM_DISCO_ButtonInit
                0x080026e8       0x24 inc\tm_stm32f4_disco.o
                0x080026e8                TM_DISCO_ButtonInit
 .text.TM_GPIO_Init
                0x0800270c       0x48 inc\tm_stm32f4_gpio.o
                0x0800270c                TM_GPIO_Init
 .text.TM_GPIO_InitAlternate
                0x08002754       0xa8 inc\tm_stm32f4_gpio.o
                0x08002754                TM_GPIO_InitAlternate
 .text.TM_GPIO_GetPortSource
                0x080027fc       0x20 inc\tm_stm32f4_gpio.o
                0x080027fc                TM_GPIO_GetPortSource
 .text.TM_GPIO_INT_EnableClock
                0x0800281c       0x30 inc\tm_stm32f4_gpio.o
                0x0800281c                TM_GPIO_INT_EnableClock
 .text.TM_GPIO_INT_Init
                0x0800284c      0x10c inc\tm_stm32f4_gpio.o
                0x0800284c                TM_GPIO_INT_Init
 .text.TM_SPI_Send
                0x08002958       0x74 inc\tm_stm32f4_lis302dl_lis3dsh.o
 .text.TM_LIS302DL_LIS3DSH_Detect
                0x080029cc       0x48 inc\tm_stm32f4_lis302dl_lis3dsh.o
                0x080029cc                TM_LIS302DL_LIS3DSH_Detect
 .text.TM_LIS302DL_LIS3DSH_Init
                0x08002a14       0x60 inc\tm_stm32f4_lis302dl_lis3dsh.o
                0x08002a14                TM_LIS302DL_LIS3DSH_Init
 .text.TM_LIS302DL_LIS3DSH_ReadAxes
                0x08002a74       0x3c inc\tm_stm32f4_lis302dl_lis3dsh.o
                0x08002a74                TM_LIS302DL_LIS3DSH_ReadAxes
 .text.TM_LIS302DL_LIS3DSH_INT_InitPins
                0x08002ab0       0x60 inc\tm_stm32f4_lis302dl_lis3dsh.o
                0x08002ab0                TM_LIS302DL_LIS3DSH_INT_InitPins
 .text.TM_LIS302DL_LIS3DSH_INT_WriteSPI
                0x08002b10       0x5c inc\tm_stm32f4_lis302dl_lis3dsh.o
                0x08002b10                TM_LIS302DL_LIS3DSH_INT_WriteSPI
 .text.TM_LIS302DL_LIS3DSH_INT_ReadSPI
                0x08002b6c       0x58 inc\tm_stm32f4_lis302dl_lis3dsh.o
                0x08002b6c                TM_LIS302DL_LIS3DSH_INT_ReadSPI
 .text.TM_LIS302DL_LIS3DSH_INT_InitLIS3DSH
                0x08002bc4      0x108 inc\tm_stm32f4_lis302dl_lis3dsh.o
                0x08002bc4                TM_LIS302DL_LIS3DSH_INT_InitLIS3DSH
 .text.TM_LIS302DL_LIS3DSH_INT_InitLIS302DL
                0x08002ccc       0xfc inc\tm_stm32f4_lis302dl_lis3dsh.o
                0x08002ccc                TM_LIS302DL_LIS3DSH_INT_InitLIS302DL
 .text.TM_LIS3DSH_INT_ReadAxes
                0x08002dc8      0x120 inc\tm_stm32f4_lis302dl_lis3dsh.o
                0x08002dc8                TM_LIS3DSH_INT_ReadAxes
 .text.TM_LIS302DL_INT_ReadAxes
                0x08002ee8       0xd8 inc\tm_stm32f4_lis302dl_lis3dsh.o
                0x08002ee8                TM_LIS302DL_INT_ReadAxes
 .text.TM_LIS302DL_LIS3DSH_INT_Delay
                0x08002fc0       0x24 inc\tm_stm32f4_lis302dl_lis3dsh.o
                0x08002fc0                TM_LIS302DL_LIS3DSH_INT_Delay
 .text.TM_SPI_Init
                0x08002fe4       0xe0 inc\tm_stm32f4_spi.o
                0x08002fe4                TM_SPI_Init
 .text.TM_SPI_WriteMulti
                0x080030c4       0x88 inc\tm_stm32f4_spi.o
                0x080030c4                TM_SPI_WriteMulti
 .text.TM_SPI_ReadMulti
                0x0800314c       0x94 inc\tm_stm32f4_spi.o
                0x0800314c                TM_SPI_ReadMulti
 .text.TM_SPI_InitCustomPinsCallback
                0x080031e0       0x18 inc\tm_stm32f4_spi.o
                0x080031e0                TM_SPI_InitCustomPinsCallback
 .text.TM_SPIx_Init
                0x080031f8      0x188 inc\tm_stm32f4_spi.o
 .text.TM_SPI1_INT_InitPins
                0x08003380       0x60 inc\tm_stm32f4_spi.o
                0x08003380                TM_SPI1_INT_InitPins
 .text.TM_SPI2_INT_InitPins
                0x080033e0       0x98 inc\tm_stm32f4_spi.o
                0x080033e0                TM_SPI2_INT_InitPins
 .text.TM_SPI3_INT_InitPins
                0x08003478       0x64 inc\tm_stm32f4_spi.o
                0x08003478                TM_SPI3_INT_InitPins
 .text.TM_SPI4_INT_InitPins
                0x080034dc       0x60 inc\tm_stm32f4_spi.o
                0x080034dc                TM_SPI4_INT_InitPins
 .text.TM_SPI5_INT_InitPins
                0x0800353c       0x78 inc\tm_stm32f4_spi.o
                0x0800353c                TM_SPI5_INT_InitPins
 .text.TM_SPI6_INT_InitPins
                0x080035b4       0x44 inc\tm_stm32f4_spi.o
                0x080035b4                TM_SPI6_INT_InitPins
 .text.TM_WATCHDOG_Init
                0x080035f8      0x128 inc\tm_stm32f4_watchdog.o
                0x080035f8                TM_WATCHDOG_Init
 .text.Reset_Handler
                0x08003720       0x50 other\startup_stm32f40xx.o
                0x08003720                Reset_Handler
 .text.Default_Handler
                0x08003770        0x2 other\startup_stm32f40xx.o
                0x08003770                RTC_Alarm_IRQHandler
                0x08003770                HASH_RNG_IRQHandler
                0x08003770                EXTI2_IRQHandler
                0x08003770                TIM8_CC_IRQHandler
                0x08003770                DebugMon_Handler
                0x08003770                TIM1_CC_IRQHandler
                0x08003770                DMA2_Stream5_IRQHandler
                0x08003770                HardFault_Handler
                0x08003770                DMA1_Stream5_IRQHandler
                0x08003770                PVD_IRQHandler
                0x08003770                SDIO_IRQHandler
                0x08003770                TAMP_STAMP_IRQHandler
                0x08003770                PendSV_Handler
                0x08003770                NMI_Handler
                0x08003770                CAN2_RX1_IRQHandler
                0x08003770                EXTI3_IRQHandler
                0x08003770                TIM8_TRG_COM_TIM14_IRQHandler
                0x08003770                TIM1_UP_TIM10_IRQHandler
                0x08003770                TIM8_UP_TIM13_IRQHandler
                0x08003770                I2C3_ER_IRQHandler
                0x08003770                EXTI0_IRQHandler
                0x08003770                I2C2_EV_IRQHandler
                0x08003770                DMA1_Stream2_IRQHandler
                0x08003770                CAN1_RX0_IRQHandler
                0x08003770                FPU_IRQHandler
                0x08003770                OTG_HS_WKUP_IRQHandler
                0x08003770                UsageFault_Handler
                0x08003770                CAN2_SCE_IRQHandler
                0x08003770                DMA2_Stream2_IRQHandler
                0x08003770                SPI1_IRQHandler
                0x08003770                TIM6_DAC_IRQHandler
                0x08003770                TIM1_BRK_TIM9_IRQHandler
                0x08003770                DCMI_IRQHandler
                0x08003770                CAN2_RX0_IRQHandler
                0x08003770                DMA2_Stream3_IRQHandler
                0x08003770                USART6_IRQHandler
                0x08003770                USART3_IRQHandler
                0x08003770                CRYP_IRQHandler
                0x08003770                CAN1_RX1_IRQHandler
                0x08003770                UART5_IRQHandler
                0x08003770                DMA2_Stream0_IRQHandler
                0x08003770                TIM4_IRQHandler
                0x08003770                I2C1_EV_IRQHandler
                0x08003770                DMA1_Stream6_IRQHandler
                0x08003770                DMA1_Stream1_IRQHandler
                0x08003770                UART4_IRQHandler
                0x08003770                TIM3_IRQHandler
                0x08003770                RCC_IRQHandler
                0x08003770                TIM8_BRK_TIM12_IRQHandler
                0x08003770                Default_Handler
                0x08003770                EXTI15_10_IRQHandler
                0x08003770                ADC_IRQHandler
                0x08003770                TIM7_IRQHandler
                0x08003770                CAN2_TX_IRQHandler
                0x08003770                TIM5_IRQHandler
                0x08003770                DMA2_Stream7_IRQHandler
                0x08003770                I2C3_EV_IRQHandler
                0x08003770                EXTI9_5_IRQHandler
                0x08003770                RTC_WKUP_IRQHandler
                0x08003770                ETH_WKUP_IRQHandler
                0x08003770                SPI2_IRQHandler
                0x08003770                OTG_HS_EP1_IN_IRQHandler
                0x08003770                MemManage_Handler
                0x08003770                CAN1_TX_IRQHandler
                0x08003770                SVC_Handler
                0x08003770                EXTI4_IRQHandler
                0x08003770                FSMC_IRQHandler
                0x08003770                ETH_IRQHandler
                0x08003770                OTG_HS_EP1_OUT_IRQHandler
                0x08003770                WWDG_IRQHandler
                0x08003770                OTG_FS_WKUP_IRQHandler
                0x08003770                TIM1_TRG_COM_TIM11_IRQHandler
                0x08003770                OTG_HS_IRQHandler
                0x08003770                EXTI1_IRQHandler
                0x08003770                USART2_IRQHandler
                0x08003770                I2C2_ER_IRQHandler
                0x08003770                DMA2_Stream1_IRQHandler
                0x08003770                CAN1_SCE_IRQHandler
                0x08003770                FLASH_IRQHandler
                0x08003770                DMA2_Stream4_IRQHandler
                0x08003770                BusFault_Handler
                0x08003770                OTG_FS_IRQHandler
                0x08003770                DMA1_Stream4_IRQHandler
                0x08003770                I2C1_ER_IRQHandler
                0x08003770                DMA2_Stream6_IRQHandler
                0x08003770                DMA1_Stream3_IRQHandler
 *fill*         0x08003772        0x2 
 .text._sbrk    0x08003774       0x68 other\syscalls.o
                0x08003774                _sbrk
 .text.SystemInit
                0x080037dc       0x5c other\system_stm32f4xx.o
                0x080037dc                SystemInit
 .text.SetSysClock
                0x08003838       0xf4 other\system_stm32f4xx.o
 .text.min      0x0800392c       0x28 src\DTW.o
                0x0800392c                min
 .text.minArray
                0x08003954       0x5c src\DTW.o
                0x08003954                minArray
 .text.maxArray
                0x080039b0       0x84 src\DTW.o
                0x080039b0                maxArray
 .text.average  0x08003a34       0x5c src\DTW.o
                0x08003a34                average
 .text.dtwDistance1
                0x08003a90      0x4c4 src\DTW.o
                0x08003a90                dtwDistance1
 .text.LBKeogh  0x08003f54      0x164 src\DTW.o
                0x08003f54                LBKeogh
 .text.LBKeogh3D
                0x080040b8       0x60 src\DTW.o
                0x080040b8                LBKeogh3D
 .text.knn      0x08004118      0x15c src\DTW.o
                0x08004118                knn
 .text.newLinkedList
                0x08004274       0x28 src\LinkedList.o
                0x08004274                newLinkedList
 .text.prependToLinkedList
                0x0800429c       0x34 src\LinkedList.o
                0x0800429c                prependToLinkedList
 .text.arrayFromLinkedList
                0x080042d0       0x48 src\LinkedList.o
                0x080042d0                arrayFromLinkedList
 .text.freeLinkedList
                0x08004318       0x40 src\LinkedList.o
                0x08004318                freeLinkedList
 .text.Delayms  0x08004358       0x58 src\main.o
 .text.main     0x080043b0      0x708 src\main.o
                0x080043b0                main
 .text.recognizeGesture
                0x08004ab8      0x258 src\main.o
                0x08004ab8                recognizeGesture
 .text.variance
                0x08004d10       0x9c src\main.o
                0x08004d10                variance
 .text.setup    0x08004dac       0x34 src\main.o
                0x08004dac                setup
 .text.EVAL_AUDIO_TransferComplete_CallBack
                0x08004de0       0x14 src\main.o
                0x08004de0                EVAL_AUDIO_TransferComplete_CallBack
 .text.EVAL_AUDIO_GetSampleCallBack
                0x08004df4       0x10 src\main.o
                0x08004df4                EVAL_AUDIO_GetSampleCallBack
 .text.irsnd_on
                0x08004e04       0x3c ub_lib\irsnd_lolevel\irsnd.o
 .text.irsnd_off
                0x08004e40       0x44 ub_lib\irsnd_lolevel\irsnd.o
 .text.irsnd_set_freq
                0x08004e84       0x68 ub_lib\irsnd_lolevel\irsnd.o
 .text.irsnd_init
                0x08004eec       0xac ub_lib\irsnd_lolevel\irsnd.o
                0x08004eec                irsnd_init
 .text.bitsrevervse
                0x08004f98       0x4c ub_lib\irsnd_lolevel\irsnd.o
 .text.irsnd_send_data
                0x08004fe4      0x480 ub_lib\irsnd_lolevel\irsnd.o
                0x08004fe4                irsnd_send_data
 .text.irsnd_ISR
                0x08005464      0x758 ub_lib\irsnd_lolevel\irsnd.o
                0x08005464                irsnd_ISR
 .text.UB_IRSND_Init
                0x08005bbc       0x14 ub_lib\stm32_ub_irsnd.o
                0x08005bbc                UB_IRSND_Init
 .text.UB_IRSND_Write
                0x08005bd0       0x18 ub_lib\stm32_ub_irsnd.o
                0x08005bd0                UB_IRSND_Write
 .text.P_IRSND_InitTIM
                0x08005be8       0x4c ub_lib\stm32_ub_irsnd.o
                0x08005be8                P_IRSND_InitTIM
 .text.P_IRSND_InitNVIC
                0x08005c34       0x28 ub_lib\stm32_ub_irsnd.o
                0x08005c34                P_IRSND_InitNVIC
 .text.TIM2_IRQHandler
                0x08005c5c       0x18 ub_lib\stm32_ub_irsnd.o
                0x08005c5c                TIM2_IRQHandler
 .text.__libc_init_array
                0x08005c74       0x4c c:/program files (x86)/atollic/truestudio for arm 7.0.1/armtools/bin/../lib/gcc/arm-atollic-eabi/5.3.1/../../../../arm-atollic-eabi/lib/armv7e-m\libc_nano.a(lib_a-init.o)
                0x08005c74                __libc_init_array
 .text.malloc   0x08005cc0       0x10 c:/program files (x86)/atollic/truestudio for arm 7.0.1/armtools/bin/../lib/gcc/arm-atollic-eabi/5.3.1/../../../../arm-atollic-eabi/lib/armv7e-m\libc_nano.a(lib_a-malloc.o)
                0x08005cc0                malloc
 .text.free     0x08005cd0       0x10 c:/program files (x86)/atollic/truestudio for arm 7.0.1/armtools/bin/../lib/gcc/arm-atollic-eabi/5.3.1/../../../../arm-atollic-eabi/lib/armv7e-m\libc_nano.a(lib_a-malloc.o)
                0x08005cd0                free
 .text._free_r  0x08005ce0       0x9c c:/program files (x86)/atollic/truestudio for arm 7.0.1/armtools/bin/../lib/gcc/arm-atollic-eabi/5.3.1/../../../../arm-atollic-eabi/lib/armv7e-m\libc_nano.a(lib_a-nano-freer.o)
                0x08005ce0                _free_r
 .text._malloc_r
                0x08005d7c       0xbc c:/program files (x86)/atollic/truestudio for arm 7.0.1/armtools/bin/../lib/gcc/arm-atollic-eabi/5.3.1/../../../../arm-atollic-eabi/lib/armv7e-m\libc_nano.a(lib_a-nano-mallocr.o)
                0x08005d7c                _malloc_r
 .text._sbrk_r  0x08005e38       0x20 c:/program files (x86)/atollic/truestudio for arm 7.0.1/armtools/bin/../lib/gcc/arm-atollic-eabi/5.3.1/../../../../arm-atollic-eabi/lib/armv7e-m\libc_nano.a(lib_a-sbrkr.o)
                0x08005e38                _sbrk_r
 .text.sprintf  0x08005e58       0x48 c:/program files (x86)/atollic/truestudio for arm 7.0.1/armtools/bin/../lib/gcc/arm-atollic-eabi/5.3.1/../../../../arm-atollic-eabi/lib/armv7e-m\libc_nano.a(lib_a-sprintf.o)
                0x08005e58                siprintf
                0x08005e58                sprintf
 .text.strncmp  0x08005ea0       0x2a c:/program files (x86)/atollic/truestudio for arm 7.0.1/armtools/bin/../lib/gcc/arm-atollic-eabi/5.3.1/../../../../arm-atollic-eabi/lib/armv7e-m\libc_nano.a(lib_a-strncmp.o)
                0x08005ea0                strncmp
 .text.__malloc_lock
                0x08005eca        0x2 c:/program files (x86)/atollic/truestudio for arm 7.0.1/armtools/bin/../lib/gcc/arm-atollic-eabi/5.3.1/../../../../arm-atollic-eabi/lib/armv7e-m\libc_nano.a(lib_a-mlock.o)
                0x08005eca                __malloc_lock
 .text.__malloc_unlock
                0x08005ecc        0x2 c:/program files (x86)/atollic/truestudio for arm 7.0.1/armtools/bin/../lib/gcc/arm-atollic-eabi/5.3.1/../../../../arm-atollic-eabi/lib/armv7e-m\libc_nano.a(lib_a-mlock.o)
                0x08005ecc                __malloc_unlock
 .text.__ssputs_r
                0x08005ece       0xb2 c:/program files (x86)/atollic/truestudio for arm 7.0.1/armtools/bin/../lib/gcc/arm-atollic-eabi/5.3.1/../../../../arm-atollic-eabi/lib/armv7e-m\libc_nano.a(lib_a-nano-svfprintf.o)
                0x08005ece                __ssputs_r
 .text._svfprintf_r
                0x08005f80      0x1e8 c:/program files (x86)/atollic/truestudio for arm 7.0.1/armtools/bin/../lib/gcc/arm-atollic-eabi/5.3.1/../../../../arm-atollic-eabi/lib/armv7e-m\libc_nano.a(lib_a-nano-svfprintf.o)
                0x08005f80                _svfiprintf_r
                0x08005f80                _svfprintf_r
 .text._printf_common
                0x08006168       0xec c:/program files (x86)/atollic/truestudio for arm 7.0.1/armtools/bin/../lib/gcc/arm-atollic-eabi/5.3.1/../../../../arm-atollic-eabi/lib/armv7e-m\libc_nano.a(lib_a-nano-vfprintf_i.o)
                0x08006168                _printf_common
 .text._printf_i
                0x08006254      0x24c c:/program files (x86)/atollic/truestudio for arm 7.0.1/armtools/bin/../lib/gcc/arm-atollic-eabi/5.3.1/../../../../arm-atollic-eabi/lib/armv7e-m\libc_nano.a(lib_a-nano-vfprintf_i.o)
                0x08006254                _printf_i
 .text.memcpy   0x080064a0       0x16 c:/program files (x86)/atollic/truestudio for arm 7.0.1/armtools/bin/../lib/gcc/arm-atollic-eabi/5.3.1/../../../../arm-atollic-eabi/lib/armv7e-m\libc_nano.a(lib_a-memcpy-stub.o)
                0x080064a0                memcpy
 .text.memmove  0x080064b6       0x36 c:/program files (x86)/atollic/truestudio for arm 7.0.1/armtools/bin/../lib/gcc/arm-atollic-eabi/5.3.1/../../../../arm-atollic-eabi/lib/armv7e-m\libc_nano.a(lib_a-memmove.o)
                0x080064b6                memmove
 .text._realloc_r
                0x080064ec       0x4c c:/program files (x86)/atollic/truestudio for arm 7.0.1/armtools/bin/../lib/gcc/arm-atollic-eabi/5.3.1/../../../../arm-atollic-eabi/lib/armv7e-m\libc_nano.a(lib_a-nano-reallocr.o)
                0x080064ec                _realloc_r
 .text._malloc_usable_size_r
                0x08006538       0x14 c:/program files (x86)/atollic/truestudio for arm 7.0.1/armtools/bin/../lib/gcc/arm-atollic-eabi/5.3.1/../../../../arm-atollic-eabi/lib/armv7e-m\libc_nano.a(lib_a-nano-msizer.o)
                0x08006538                _malloc_usable_size_r
 .text.pow      0x0800654c      0x2cc c:/program files (x86)/atollic/truestudio for arm 7.0.1/armtools/bin/../lib/gcc/arm-atollic-eabi/5.3.1/../../../../arm-atollic-eabi/lib/armv7e-m\libm.a(lib_a-w_pow.o)
                0x0800654c                pow
 .text.sqrt     0x08006818       0xb0 c:/program files (x86)/atollic/truestudio for arm 7.0.1/armtools/bin/../lib/gcc/arm-atollic-eabi/5.3.1/../../../../arm-atollic-eabi/lib/armv7e-m\libm.a(lib_a-w_sqrt.o)
                0x08006818                sqrt
 .text.__ieee754_pow
                0x080068c8      0x9e8 c:/program files (x86)/atollic/truestudio for arm 7.0.1/armtools/bin/../lib/gcc/arm-atollic-eabi/5.3.1/../../../../arm-atollic-eabi/lib/armv7e-m\libm.a(lib_a-e_pow.o)
                0x080068c8                __ieee754_pow
 .text.__ieee754_sqrt
                0x080072b0      0x154 c:/program files (x86)/atollic/truestudio for arm 7.0.1/armtools/bin/../lib/gcc/arm-atollic-eabi/5.3.1/../../../../arm-atollic-eabi/lib/armv7e-m\libm.a(lib_a-e_sqrt.o)
                0x080072b0                __ieee754_sqrt
 .text.fabs     0x08007404        0x6 c:/program files (x86)/atollic/truestudio for arm 7.0.1/armtools/bin/../lib/gcc/arm-atollic-eabi/5.3.1/../../../../arm-atollic-eabi/lib/armv7e-m\libm.a(lib_a-s_fabs.o)
                0x08007404                fabs
 .text.finite   0x0800740a        0xc c:/program files (x86)/atollic/truestudio for arm 7.0.1/armtools/bin/../lib/gcc/arm-atollic-eabi/5.3.1/../../../../arm-atollic-eabi/lib/armv7e-m\libm.a(lib_a-s_finite.o)
                0x0800740a                finite
 .text.matherr  0x08007416        0x4 c:/program files (x86)/atollic/truestudio for arm 7.0.1/armtools/bin/../lib/gcc/arm-atollic-eabi/5.3.1/../../../../arm-atollic-eabi/lib/armv7e-m\libm.a(lib_a-s_matherr.o)
                0x08007416                matherr
 *fill*         0x0800741a        0x2 
 .text.nan      0x0800741c        0xc c:/program files (x86)/atollic/truestudio for arm 7.0.1/armtools/bin/../lib/gcc/arm-atollic-eabi/5.3.1/../../../../arm-atollic-eabi/lib/armv7e-m\libm.a(lib_a-s_nan.o)
                0x0800741c                nan
 .text.rint     0x08007428      0x118 c:/program files (x86)/atollic/truestudio for arm 7.0.1/armtools/bin/../lib/gcc/arm-atollic-eabi/5.3.1/../../../../arm-atollic-eabi/lib/armv7e-m\libm.a(lib_a-s_rint.o)
                0x08007428                rint
 .text.scalbn   0x08007540       0xdc c:/program files (x86)/atollic/truestudio for arm 7.0.1/armtools/bin/../lib/gcc/arm-atollic-eabi/5.3.1/../../../../arm-atollic-eabi/lib/armv7e-m\libm.a(lib_a-s_scalbn.o)
                0x08007540                scalbn
 .text.copysign
                0x0800761c        0xe c:/program files (x86)/atollic/truestudio for arm 7.0.1/armtools/bin/../lib/gcc/arm-atollic-eabi/5.3.1/../../../../arm-atollic-eabi/lib/armv7e-m\libm.a(lib_a-s_copysign.o)
                0x0800761c                copysign
 *fill*         0x0800762a        0x2 
 .text.__errno  0x0800762c        0xc c:/program files (x86)/atollic/truestudio for arm 7.0.1/armtools/bin/../lib/gcc/arm-atollic-eabi/5.3.1/../../../../arm-atollic-eabi/lib/armv7e-m\libc_nano.a(lib_a-errno.o)
                0x0800762c                __errno
 *(.glue_7)
 .glue_7        0x08007638        0x0 linker stubs
 *(.glue_7t)
 .glue_7t       0x08007638        0x0 linker stubs
 *(.eh_frame)
 .eh_frame      0x08007638        0x0 c:/program files (x86)/atollic/truestudio for arm 7.0.1/armtools/bin/../lib/gcc/arm-atollic-eabi/5.3.1/armv7e-m/crtbegin.o
 *(.init)
 .init          0x08007638        0x4 c:/program files (x86)/atollic/truestudio for arm 7.0.1/armtools/bin/../lib/gcc/arm-atollic-eabi/5.3.1/armv7e-m/crti.o
                0x08007638                _init
 .init          0x0800763c        0x8 c:/program files (x86)/atollic/truestudio for arm 7.0.1/armtools/bin/../lib/gcc/arm-atollic-eabi/5.3.1/armv7e-m/crtn.o
 *(.fini)
 .fini          0x08007644        0x4 c:/program files (x86)/atollic/truestudio for arm 7.0.1/armtools/bin/../lib/gcc/arm-atollic-eabi/5.3.1/armv7e-m/crti.o
                0x08007644                _fini
 .fini          0x08007648        0x8 c:/program files (x86)/atollic/truestudio for arm 7.0.1/armtools/bin/../lib/gcc/arm-atollic-eabi/5.3.1/armv7e-m/crtn.o
                0x08007650                . = ALIGN (0x4)
                0x08007650                _etext = .

.vfp11_veneer   0x08007650        0x0
 .vfp11_veneer  0x08007650        0x0 linker stubs

.v4_bx          0x08007650        0x0
 .v4_bx         0x08007650        0x0 linker stubs

.iplt           0x08007650        0x0
 .iplt          0x08007650        0x0 c:/program files (x86)/atollic/truestudio for arm 7.0.1/armtools/bin/../lib/gcc/arm-atollic-eabi/5.3.1/armv7e-m/crtbegin.o

.rodata         0x08007650      0x168
                0x08007650                . = ALIGN (0x4)
 *(.rodata)
 .rodata        0x08007650       0x11 inc\serial.o
 *fill*         0x08007661        0x3 
 .rodata        0x08007664       0x40 src\DTW.o
 .rodata        0x080076a4       0x2d src\main.o
 *(.rodata*)
 *fill*         0x080076d1        0x3 
 .rodata.__sf_fake_stdin
                0x080076d4       0x20 c:/program files (x86)/atollic/truestudio for arm 7.0.1/armtools/bin/../lib/gcc/arm-atollic-eabi/5.3.1/../../../../arm-atollic-eabi/lib/armv7e-m\libc_nano.a(lib_a-findfp.o)
                0x080076d4                __sf_fake_stdin
 .rodata.__sf_fake_stdout
                0x080076f4       0x20 c:/program files (x86)/atollic/truestudio for arm 7.0.1/armtools/bin/../lib/gcc/arm-atollic-eabi/5.3.1/../../../../arm-atollic-eabi/lib/armv7e-m\libc_nano.a(lib_a-findfp.o)
                0x080076f4                __sf_fake_stdout
 .rodata.__sf_fake_stderr
                0x08007714       0x20 c:/program files (x86)/atollic/truestudio for arm 7.0.1/armtools/bin/../lib/gcc/arm-atollic-eabi/5.3.1/../../../../arm-atollic-eabi/lib/armv7e-m\libc_nano.a(lib_a-findfp.o)
                0x08007714                __sf_fake_stderr
 .rodata.str1.1
                0x08007734        0x2 c:/program files (x86)/atollic/truestudio for arm 7.0.1/armtools/bin/../lib/gcc/arm-atollic-eabi/5.3.1/../../../../arm-atollic-eabi/lib/armv7e-m\libc_nano.a(lib_a-impure.o)
 .rodata.str1.1
                0x08007736       0x11 c:/program files (x86)/atollic/truestudio for arm 7.0.1/armtools/bin/../lib/gcc/arm-atollic-eabi/5.3.1/../../../../arm-atollic-eabi/lib/armv7e-m\libc_nano.a(lib_a-nano-svfprintf.o)
 .rodata.str1.1
                0x08007747       0x22 c:/program files (x86)/atollic/truestudio for arm 7.0.1/armtools/bin/../lib/gcc/arm-atollic-eabi/5.3.1/../../../../arm-atollic-eabi/lib/armv7e-m\libc_nano.a(lib_a-nano-vfprintf_i.o)
 .rodata.str1.1
                0x08007769        0x4 c:/program files (x86)/atollic/truestudio for arm 7.0.1/armtools/bin/../lib/gcc/arm-atollic-eabi/5.3.1/../../../../arm-atollic-eabi/lib/armv7e-m\libm.a(lib_a-w_pow.o)
 .rodata.str1.1
                0x0800776d        0x5 c:/program files (x86)/atollic/truestudio for arm 7.0.1/armtools/bin/../lib/gcc/arm-atollic-eabi/5.3.1/../../../../arm-atollic-eabi/lib/armv7e-m\libm.a(lib_a-w_sqrt.o)
 *fill*         0x08007772        0x6 
 .rodata.dp_h   0x08007778       0x10 c:/program files (x86)/atollic/truestudio for arm 7.0.1/armtools/bin/../lib/gcc/arm-atollic-eabi/5.3.1/../../../../arm-atollic-eabi/lib/armv7e-m\libm.a(lib_a-e_pow.o)
 .rodata.dp_l   0x08007788       0x10 c:/program files (x86)/atollic/truestudio for arm 7.0.1/armtools/bin/../lib/gcc/arm-atollic-eabi/5.3.1/../../../../arm-atollic-eabi/lib/armv7e-m\libm.a(lib_a-e_pow.o)
 .rodata.str1.1
                0x08007798        0x5 c:/program files (x86)/atollic/truestudio for arm 7.0.1/armtools/bin/../lib/gcc/arm-atollic-eabi/5.3.1/../../../../arm-atollic-eabi/lib/armv7e-m\libm.a(lib_a-e_pow.o)
                                  0x1 (size before relaxing)
 .rodata.bp     0x08007798       0x10 c:/program files (x86)/atollic/truestudio for arm 7.0.1/armtools/bin/../lib/gcc/arm-atollic-eabi/5.3.1/../../../../arm-atollic-eabi/lib/armv7e-m\libm.a(lib_a-e_pow.o)
 .rodata.TWO52  0x080077a8       0x10 c:/program files (x86)/atollic/truestudio for arm 7.0.1/armtools/bin/../lib/gcc/arm-atollic-eabi/5.3.1/../../../../arm-atollic-eabi/lib/armv7e-m\libm.a(lib_a-s_rint.o)
                0x080077b8                . = ALIGN (0x4)

.rel.dyn        0x080077b8        0x0
 .rel.iplt      0x080077b8        0x0 c:/program files (x86)/atollic/truestudio for arm 7.0.1/armtools/bin/../lib/gcc/arm-atollic-eabi/5.3.1/armv7e-m/crtbegin.o

.ARM.extab
 *(.ARM.extab* .gnu.linkonce.armextab.*)

.ARM            0x080077b8        0x0
                0x080077b8                __exidx_start = .
 *(.ARM.exidx*)
                0x080077b8                __exidx_end = .

.preinit_array  0x080077b8        0x0
                0x080077b8                PROVIDE (__preinit_array_start, .)
 *(.preinit_array*)
                0x080077b8                PROVIDE (__preinit_array_end, .)

.init_array     0x080077b8        0x4
                0x080077b8                PROVIDE (__init_array_start, .)
 *(SORT(.init_array.*))
 *(.init_array*)
 .init_array    0x080077b8        0x4 c:/program files (x86)/atollic/truestudio for arm 7.0.1/armtools/bin/../lib/gcc/arm-atollic-eabi/5.3.1/armv7e-m/crtbegin.o
                0x080077bc                PROVIDE (__init_array_end, .)

.fini_array     0x080077bc        0x4
                [!provide]                PROVIDE (__fini_array_start, .)
 *(SORT(.fini_array.*))
 *(.fini_array*)
 .fini_array    0x080077bc        0x4 c:/program files (x86)/atollic/truestudio for arm 7.0.1/armtools/bin/../lib/gcc/arm-atollic-eabi/5.3.1/armv7e-m/crtbegin.o
                [!provide]                PROVIDE (__fini_array_end, .)
                0x080077c0                _sidata = LOADADDR (.data)

.data           0x20000000      0x77c load address 0x080077c0
                0x20000000                . = ALIGN (0x4)
                0x20000000                _sdata = .
 *(.data)
 *(.data*)
 .data.APBAHBPrescTable
                0x20000000       0x10 Libraries\STM32F4xx_StdPeriph_Driver\src\stm32f4xx_rcc.o
 .data.AudioRemSize
                0x20000010        0x4 Utilities\STM32F4-Discovery\stm32f4_discovery_audio_codec.o
                0x20000010                AudioRemSize
 .data.CurrAudioInterface
                0x20000014        0x4 Utilities\STM32F4-Discovery\stm32f4_discovery_audio_codec.o
                0x20000014                CurrAudioInterface
 .data.AUDIO_MAL_DMA_STREAM
                0x20000018        0x4 Utilities\STM32F4-Discovery\stm32f4_discovery_audio_codec.o
                0x20000018                AUDIO_MAL_DMA_STREAM
 .data.AUDIO_MAL_DMA_FLAG_TC
                0x2000001c        0x4 Utilities\STM32F4-Discovery\stm32f4_discovery_audio_codec.o
                0x2000001c                AUDIO_MAL_DMA_FLAG_TC
 .data.receivedDevice
                0x20000020        0x4 inc\serial.o
                0x20000020                receivedDevice
 .data.SystemCoreClock
                0x20000024        0x4 other\system_stm32f4xx.o
                0x20000024                SystemCoreClock
 .data.doorOpenX
                0x20000028       0x90 src\DTW.o
                0x20000028                doorOpenX
 .data.doorOpenY
                0x200000b8       0x90 src\DTW.o
                0x200000b8                doorOpenY
 .data.doorOpenZ
                0x20000148       0x90 src\DTW.o
                0x20000148                doorOpenZ
 .data.doorCloseX
                0x200001d8       0x90 src\DTW.o
                0x200001d8                doorCloseX
 .data.doorCloseY
                0x20000268       0x90 src\DTW.o
                0x20000268                doorCloseY
 .data.doorCloseZ
                0x200002f8       0x90 src\DTW.o
                0x200002f8                doorCloseZ
 .data.lightUpX
                0x20000388       0x90 src\DTW.o
                0x20000388                lightUpX
 .data.lightUpY
                0x20000418       0x90 src\DTW.o
                0x20000418                lightUpY
 .data.lightUpZ
                0x200004a8       0x90 src\DTW.o
                0x200004a8                lightUpZ
 .data.lightDownX
                0x20000538       0x9c src\DTW.o
                0x20000538                lightDownX
 .data.lightDownY
                0x200005d4       0x9c src\DTW.o
                0x200005d4                lightDownY
 .data.lightDownZ
                0x20000670       0x9c src\DTW.o
                0x20000670                lightDownZ
 .data.deviceID
                0x2000070c        0x4 src\main.o
                0x2000070c                deviceID
 .data.current_bit.7986
                0x20000710        0x1 ub_lib\irsnd_lolevel\irsnd.o
 .data.new_frame.7996
                0x20000711        0x1 ub_lib\irsnd_lolevel\irsnd.o
 .data.pulse_len.8006
                0x20000712        0x1 ub_lib\irsnd_lolevel\irsnd.o
 .data.pause_len.8007
                0x20000713        0x1 ub_lib\irsnd_lolevel\irsnd.o
 .data.impure_data
                0x20000714       0x60 c:/program files (x86)/atollic/truestudio for arm 7.0.1/armtools/bin/../lib/gcc/arm-atollic-eabi/5.3.1/../../../../arm-atollic-eabi/lib/armv7e-m\libc_nano.a(lib_a-impure.o)
 .data._impure_ptr
                0x20000774        0x4 c:/program files (x86)/atollic/truestudio for arm 7.0.1/armtools/bin/../lib/gcc/arm-atollic-eabi/5.3.1/../../../../arm-atollic-eabi/lib/armv7e-m\libc_nano.a(lib_a-impure.o)
                0x20000774                _impure_ptr
 .data.__fdlib_version
                0x20000778        0x1 c:/program files (x86)/atollic/truestudio for arm 7.0.1/armtools/bin/../lib/gcc/arm-atollic-eabi/5.3.1/../../../../arm-atollic-eabi/lib/armv7e-m\libm.a(lib_a-s_lib_ver.o)
                0x20000778                __fdlib_version
                0x2000077c                . = ALIGN (0x4)
 *fill*         0x20000779        0x3 
                0x2000077c                _edata = .
                0x08007f3c                _siccmram = LOADADDR (.ccmram)

.igot.plt       0x2000077c        0x0 load address 0x08007f3c
 .igot.plt      0x2000077c        0x0 c:/program files (x86)/atollic/truestudio for arm 7.0.1/armtools/bin/../lib/gcc/arm-atollic-eabi/5.3.1/armv7e-m/crtbegin.o

.ccmram         0x10000000        0x0 load address 0x08007f3c
                0x10000000                . = ALIGN (0x4)
                0x10000000                _sccmram = .
 *(.ccmram)
 *(.ccmram*)
                0x10000000                . = ALIGN (0x4)
                0x10000000                _eccmram = .
                0x10000000                . = ALIGN (0x4)

.bss            0x2000077c      0x134
                0x2000077c                _sbss = .
                0x2000077c                __bss_start__ = _sbss
 *(.bss)
 .bss           0x2000077c       0x1c c:/program files (x86)/atollic/truestudio for arm 7.0.1/armtools/bin/../lib/gcc/arm-atollic-eabi/5.3.1/armv7e-m/crtbegin.o
 *(.bss*)
 .bss.cnt.7926  0x20000798        0x1 inc\serial.o
 *fill*         0x20000799        0x3 
 .bss.TM_Time   0x2000079c        0x4 inc\tm_stm32f4_delay.o
                0x2000079c                TM_Time
 .bss.TM_Time2  0x200007a0        0x4 inc\tm_stm32f4_delay.o
                0x200007a0                TM_Time2
 .bss.TM_DELAY_Initialized
                0x200007a4        0x1 inc\tm_stm32f4_delay.o
                0x200007a4                TM_DELAY_Initialized
 *fill*         0x200007a5        0x3 
 .bss.CustomTimers
                0x200007a8       0x18 inc\tm_stm32f4_delay.o
 .bss.GPIO_UsedPins
                0x200007c0       0x16 inc\tm_stm32f4_gpio.o
 .bss.TM_LIS302DL_LIS3DSH_INT_Device
                0x200007d6        0x1 inc\tm_stm32f4_lis302dl_lis3dsh.o
                0x200007d6                TM_LIS302DL_LIS3DSH_INT_Device
 .bss.initialized.7789
                0x200007d7        0x1 inc\tm_stm32f4_lis302dl_lis3dsh.o
 .bss.heap_end.5899
                0x200007d8        0x4 other\syscalls.o
 .bss.isPaired  0x200007dc        0x4 src\main.o
                0x200007dc                isPaired
 .bss.activeCommandDoor
                0x200007e0        0x4 src\main.o
                0x200007e0                activeCommandDoor
 .bss.activeCommandLight
                0x200007e4        0x4 src\main.o
                0x200007e4                activeCommandLight
 .bss.irsnd_busy
                0x200007e8        0x1 ub_lib\irsnd_lolevel\irsnd.o
 .bss.irsnd_protocol
                0x200007e9        0x1 ub_lib\irsnd_lolevel\irsnd.o
 *fill*         0x200007ea        0x2 
 .bss.irsnd_buffer
                0x200007ec        0x6 ub_lib\irsnd_lolevel\irsnd.o
 .bss.irsnd_repeat
                0x200007f2        0x1 ub_lib\irsnd_lolevel\irsnd.o
 .bss.irsnd_is_on
                0x200007f3        0x1 ub_lib\irsnd_lolevel\irsnd.o
 .bss.sircs_additional_bitlen
                0x200007f4        0x1 ub_lib\irsnd_lolevel\irsnd.o
 *fill*         0x200007f5        0x3 
 .bss.TimeBaseFreq.7937
                0x200007f8        0x4 ub_lib\irsnd_lolevel\irsnd.o
 .bss.auto_repetition_counter.8000
                0x200007fc        0x1 ub_lib\irsnd_lolevel\irsnd.o
 *fill*         0x200007fd        0x1 
 .bss.auto_repetition_pause_counter.8002
                0x200007fe        0x2 ub_lib\irsnd_lolevel\irsnd.o
 .bss.repeat_frame_pause_len.8004
                0x20000800        0x2 ub_lib\irsnd_lolevel\irsnd.o
 .bss.auto_repetition_pause_len.8001
                0x20000802        0x2 ub_lib\irsnd_lolevel\irsnd.o
 .bss.complete_data_len.7997
                0x20000804        0x1 ub_lib\irsnd_lolevel\irsnd.o
 *fill*         0x20000805        0x1 
 .bss.packet_repeat_pause_counter.8005
                0x20000806        0x2 ub_lib\irsnd_lolevel\irsnd.o
 .bss.send_trailer.7985
                0x20000808        0x1 ub_lib\irsnd_lolevel\irsnd.o
 .bss.n_repeat_frames.7998
                0x20000809        0x1 ub_lib\irsnd_lolevel\irsnd.o
 .bss.pulse_counter.7987
                0x2000080a        0x1 ub_lib\irsnd_lolevel\irsnd.o
 .bss.pause_counter.7988
                0x2000080b        0x1 ub_lib\irsnd_lolevel\irsnd.o
 .bss.startbit_pulse_len.7989
                0x2000080c        0x1 ub_lib\irsnd_lolevel\irsnd.o
 .bss.startbit_pause_len.7990
                0x2000080d        0x1 ub_lib\irsnd_lolevel\irsnd.o
 .bss.pulse_1_len.7991
                0x2000080e        0x1 ub_lib\irsnd_lolevel\irsnd.o
 .bss.pause_1_len.7992
                0x2000080f        0x1 ub_lib\irsnd_lolevel\irsnd.o
 .bss.pulse_0_len.7993
                0x20000810        0x1 ub_lib\irsnd_lolevel\irsnd.o
 .bss.pause_0_len.7994
                0x20000811        0x1 ub_lib\irsnd_lolevel\irsnd.o
 .bss.has_stop_bit.7995
                0x20000812        0x1 ub_lib\irsnd_lolevel\irsnd.o
 .bss.repeat_counter.8003
                0x20000813        0x1 ub_lib\irsnd_lolevel\irsnd.o
 .bss.n_auto_repetitions.7999
                0x20000814        0x1 ub_lib\irsnd_lolevel\irsnd.o
 *fill*         0x20000815        0x3 
 .bss.__malloc_sbrk_start
                0x20000818        0x4 c:/program files (x86)/atollic/truestudio for arm 7.0.1/armtools/bin/../lib/gcc/arm-atollic-eabi/5.3.1/../../../../arm-atollic-eabi/lib/armv7e-m\libc_nano.a(lib_a-nano-mallocr.o)
                0x20000818                __malloc_sbrk_start
 .bss.__malloc_free_list
                0x2000081c        0x4 c:/program files (x86)/atollic/truestudio for arm 7.0.1/armtools/bin/../lib/gcc/arm-atollic-eabi/5.3.1/../../../../arm-atollic-eabi/lib/armv7e-m\libc_nano.a(lib_a-nano-mallocr.o)
                0x2000081c                __malloc_free_list
 *(COMMON)
 COMMON         0x20000820       0x7c Utilities\STM32F4-Discovery\stm32f4_discovery_audio_codec.o
                0x20000820                CurrentPos
                0x20000824                AUDIO_MAL_DMA_InitStructure
                0x20000860                DMA_InitStructure
 COMMON         0x2000089c        0x6 inc\serial.o
                0x2000089c                received_string
 *fill*         0x200008a2        0x2 
 COMMON         0x200008a4        0x4 inc\tm_stm32f4_delay.o
                0x200008a4                mult
 COMMON         0x200008a8        0x4 inc\tm_stm32f4_lis302dl_lis3dsh.o
                0x200008a8                TM_LIS3DSH_INT_Sensitivity
 COMMON         0x200008ac        0x4 c:/program files (x86)/atollic/truestudio for arm 7.0.1/armtools/bin/../lib/gcc/arm-atollic-eabi/5.3.1/../../../../arm-atollic-eabi/lib/armv7e-m\libc_nano.a(lib_a-reent.o)
                0x200008ac                errno
                0x200008b0                . = ALIGN (0x4)
                0x200008b0                _ebss = .
                0x200008b0                __bss_end__ = _ebss

._user_heap_stack
                0x200008b0     0x5400
                0x200008b0                . = ALIGN (0x4)
                0x200008b0                PROVIDE (end, .)
                [!provide]                PROVIDE (_end, .)
                0x200058b0                . = (. + _Min_Heap_Size)
 *fill*         0x200008b0     0x5000 
                0x20005cb0                . = (. + _Min_Stack_Size)
 *fill*         0x200058b0      0x400 
                0x20005cb0                . = ALIGN (0x4)

.memory_b1_text
 *(.mb1text)
 *(.mb1text*)
 *(.mb1rodata)
 *(.mb1rodata*)

/DISCARD/
 libc.a(*)
 libm.a(*)
 libgcc.a(*)

.ARM.attributes
                0x00000000       0x2a
 *(.ARM.attributes)
 .ARM.attributes
                0x00000000       0x1e c:/program files (x86)/atollic/truestudio for arm 7.0.1/armtools/bin/../lib/gcc/arm-atollic-eabi/5.3.1/armv7e-m/crti.o
 .ARM.attributes
                0x0000001e       0x2e c:/program files (x86)/atollic/truestudio for arm 7.0.1/armtools/bin/../lib/gcc/arm-atollic-eabi/5.3.1/armv7e-m/crtbegin.o
 .ARM.attributes
                0x0000004c       0x33 Libraries\STM32F4xx_StdPeriph_Driver\src\misc.o
 .ARM.attributes
                0x0000007f       0x33 Libraries\STM32F4xx_StdPeriph_Driver\src\stm32f4xx_dac.o
 .ARM.attributes
                0x000000b2       0x33 Libraries\STM32F4xx_StdPeriph_Driver\src\stm32f4xx_dma.o
 .ARM.attributes
                0x000000e5       0x33 Libraries\STM32F4xx_StdPeriph_Driver\src\stm32f4xx_gpio.o
 .ARM.attributes
                0x00000118       0x33 Libraries\STM32F4xx_StdPeriph_Driver\src\stm32f4xx_rcc.o
 .ARM.attributes
                0x0000014b       0x33 Libraries\STM32F4xx_StdPeriph_Driver\src\stm32f4xx_spi.o
 .ARM.attributes
                0x0000017e       0x33 Libraries\STM32F4xx_StdPeriph_Driver\src\stm32f4xx_tim.o
 .ARM.attributes
                0x000001b1       0x33 Libraries\STM32F4xx_StdPeriph_Driver\src\stm32f4xx_usart.o
 .ARM.attributes
                0x000001e4       0x33 Utilities\STM32F4-Discovery\stm32f4_discovery_audio_codec.o
 .ARM.attributes
                0x00000217       0x33 inc\infra.o
 .ARM.attributes
                0x0000024a       0x33 inc\serial.o
 .ARM.attributes
                0x0000027d       0x33 inc\tm_stm32f4_delay.o
 .ARM.attributes
                0x000002b0       0x33 inc\tm_stm32f4_disco.o
 .ARM.attributes
                0x000002e3       0x33 inc\tm_stm32f4_gpio.o
 .ARM.attributes
                0x00000316       0x33 inc\tm_stm32f4_lis302dl_lis3dsh.o
 .ARM.attributes
                0x00000349       0x33 inc\tm_stm32f4_spi.o
 .ARM.attributes
                0x0000037c       0x33 inc\tm_stm32f4_watchdog.o
 .ARM.attributes
                0x000003af       0x21 other\startup_stm32f40xx.o
 .ARM.attributes
                0x000003d0       0x33 other\syscalls.o
 .ARM.attributes
                0x00000403       0x33 other\system_stm32f4xx.o
 .ARM.attributes
                0x00000436       0x33 src\DTW.o
 .ARM.attributes
                0x00000469       0x33 src\LinkedList.o
 .ARM.attributes
                0x0000049c       0x33 src\main.o
 .ARM.attributes
                0x000004cf       0x33 ub_lib\irsnd_lolevel\irsnd.o
 .ARM.attributes
                0x00000502       0x33 ub_lib\stm32_ub_irsnd.o
 .ARM.attributes
                0x00000535       0x2e c:/program files (x86)/atollic/truestudio for arm 7.0.1/armtools/bin/../lib/gcc/arm-atollic-eabi/5.3.1/../../../../arm-atollic-eabi/lib/armv7e-m\libc_nano.a(lib_a-init.o)
 .ARM.attributes
                0x00000563       0x2e c:/program files (x86)/atollic/truestudio for arm 7.0.1/armtools/bin/../lib/gcc/arm-atollic-eabi/5.3.1/../../../../arm-atollic-eabi/lib/armv7e-m\libc_nano.a(lib_a-malloc.o)
 .ARM.attributes
                0x00000591       0x2e c:/program files (x86)/atollic/truestudio for arm 7.0.1/armtools/bin/../lib/gcc/arm-atollic-eabi/5.3.1/../../../../arm-atollic-eabi/lib/armv7e-m\libc_nano.a(lib_a-nano-freer.o)
 .ARM.attributes
                0x000005bf       0x2e c:/program files (x86)/atollic/truestudio for arm 7.0.1/armtools/bin/../lib/gcc/arm-atollic-eabi/5.3.1/../../../../arm-atollic-eabi/lib/armv7e-m\libc_nano.a(lib_a-nano-mallocr.o)
 .ARM.attributes
                0x000005ed       0x2e c:/program files (x86)/atollic/truestudio for arm 7.0.1/armtools/bin/../lib/gcc/arm-atollic-eabi/5.3.1/../../../../arm-atollic-eabi/lib/armv7e-m\libc_nano.a(lib_a-reent.o)
 .ARM.attributes
                0x0000061b       0x2e c:/program files (x86)/atollic/truestudio for arm 7.0.1/armtools/bin/../lib/gcc/arm-atollic-eabi/5.3.1/../../../../arm-atollic-eabi/lib/armv7e-m\libc_nano.a(lib_a-sbrkr.o)
 .ARM.attributes
                0x00000649       0x2e c:/program files (x86)/atollic/truestudio for arm 7.0.1/armtools/bin/../lib/gcc/arm-atollic-eabi/5.3.1/../../../../arm-atollic-eabi/lib/armv7e-m\libc_nano.a(lib_a-sprintf.o)
 .ARM.attributes
                0x00000677       0x2e c:/program files (x86)/atollic/truestudio for arm 7.0.1/armtools/bin/../lib/gcc/arm-atollic-eabi/5.3.1/../../../../arm-atollic-eabi/lib/armv7e-m\libc_nano.a(lib_a-strncmp.o)
 .ARM.attributes
                0x000006a5       0x2e c:/program files (x86)/atollic/truestudio for arm 7.0.1/armtools/bin/../lib/gcc/arm-atollic-eabi/5.3.1/../../../../arm-atollic-eabi/lib/armv7e-m\libc_nano.a(lib_a-findfp.o)
 .ARM.attributes
                0x000006d3       0x2e c:/program files (x86)/atollic/truestudio for arm 7.0.1/armtools/bin/../lib/gcc/arm-atollic-eabi/5.3.1/../../../../arm-atollic-eabi/lib/armv7e-m\libc_nano.a(lib_a-impure.o)
 .ARM.attributes
                0x00000701       0x2e c:/program files (x86)/atollic/truestudio for arm 7.0.1/armtools/bin/../lib/gcc/arm-atollic-eabi/5.3.1/../../../../arm-atollic-eabi/lib/armv7e-m\libc_nano.a(lib_a-mlock.o)
 .ARM.attributes
                0x0000072f       0x2e c:/program files (x86)/atollic/truestudio for arm 7.0.1/armtools/bin/../lib/gcc/arm-atollic-eabi/5.3.1/../../../../arm-atollic-eabi/lib/armv7e-m\libc_nano.a(lib_a-nano-svfprintf.o)
 .ARM.attributes
                0x0000075d       0x2e c:/program files (x86)/atollic/truestudio for arm 7.0.1/armtools/bin/../lib/gcc/arm-atollic-eabi/5.3.1/../../../../arm-atollic-eabi/lib/armv7e-m\libc_nano.a(lib_a-nano-vfprintf_i.o)
 .ARM.attributes
                0x0000078b       0x1c c:/program files (x86)/atollic/truestudio for arm 7.0.1/armtools/bin/../lib/gcc/arm-atollic-eabi/5.3.1/../../../../arm-atollic-eabi/lib/armv7e-m\libc_nano.a(lib_a-memchr.o)
 .ARM.attributes
                0x000007a7       0x2e c:/program files (x86)/atollic/truestudio for arm 7.0.1/armtools/bin/../lib/gcc/arm-atollic-eabi/5.3.1/../../../../arm-atollic-eabi/lib/armv7e-m\libc_nano.a(lib_a-memcpy-stub.o)
 .ARM.attributes
                0x000007d5       0x2e c:/program files (x86)/atollic/truestudio for arm 7.0.1/armtools/bin/../lib/gcc/arm-atollic-eabi/5.3.1/../../../../arm-atollic-eabi/lib/armv7e-m\libc_nano.a(lib_a-memmove.o)
 .ARM.attributes
                0x00000803       0x2e c:/program files (x86)/atollic/truestudio for arm 7.0.1/armtools/bin/../lib/gcc/arm-atollic-eabi/5.3.1/../../../../arm-atollic-eabi/lib/armv7e-m\libc_nano.a(lib_a-nano-reallocr.o)
 .ARM.attributes
                0x00000831       0x2e c:/program files (x86)/atollic/truestudio for arm 7.0.1/armtools/bin/../lib/gcc/arm-atollic-eabi/5.3.1/../../../../arm-atollic-eabi/lib/armv7e-m\libc_nano.a(lib_a-nano-msizer.o)
 .ARM.attributes
                0x0000085f       0x2e c:/program files (x86)/atollic/truestudio for arm 7.0.1/armtools/bin/../lib/gcc/arm-atollic-eabi/5.3.1/../../../../arm-atollic-eabi/lib/armv7e-m\libm.a(lib_a-w_pow.o)
 .ARM.attributes
                0x0000088d       0x2e c:/program files (x86)/atollic/truestudio for arm 7.0.1/armtools/bin/../lib/gcc/arm-atollic-eabi/5.3.1/../../../../arm-atollic-eabi/lib/armv7e-m\libm.a(lib_a-w_sqrt.o)
 .ARM.attributes
                0x000008bb       0x2e c:/program files (x86)/atollic/truestudio for arm 7.0.1/armtools/bin/../lib/gcc/arm-atollic-eabi/5.3.1/../../../../arm-atollic-eabi/lib/armv7e-m\libm.a(lib_a-e_pow.o)
 .ARM.attributes
                0x000008e9       0x2e c:/program files (x86)/atollic/truestudio for arm 7.0.1/armtools/bin/../lib/gcc/arm-atollic-eabi/5.3.1/../../../../arm-atollic-eabi/lib/armv7e-m\libm.a(lib_a-e_sqrt.o)
 .ARM.attributes
                0x00000917       0x2e c:/program files (x86)/atollic/truestudio for arm 7.0.1/armtools/bin/../lib/gcc/arm-atollic-eabi/5.3.1/../../../../arm-atollic-eabi/lib/armv7e-m\libm.a(lib_a-s_fabs.o)
 .ARM.attributes
                0x00000945       0x2e c:/program files (x86)/atollic/truestudio for arm 7.0.1/armtools/bin/../lib/gcc/arm-atollic-eabi/5.3.1/../../../../arm-atollic-eabi/lib/armv7e-m\libm.a(lib_a-s_finite.o)
 .ARM.attributes
                0x00000973       0x2e c:/program files (x86)/atollic/truestudio for arm 7.0.1/armtools/bin/../lib/gcc/arm-atollic-eabi/5.3.1/../../../../arm-atollic-eabi/lib/armv7e-m\libm.a(lib_a-s_lib_ver.o)
 .ARM.attributes
                0x000009a1       0x2e c:/program files (x86)/atollic/truestudio for arm 7.0.1/armtools/bin/../lib/gcc/arm-atollic-eabi/5.3.1/../../../../arm-atollic-eabi/lib/armv7e-m\libm.a(lib_a-s_matherr.o)
 .ARM.attributes
                0x000009cf       0x2e c:/program files (x86)/atollic/truestudio for arm 7.0.1/armtools/bin/../lib/gcc/arm-atollic-eabi/5.3.1/../../../../arm-atollic-eabi/lib/armv7e-m\libm.a(lib_a-s_nan.o)
 .ARM.attributes
                0x000009fd       0x2e c:/program files (x86)/atollic/truestudio for arm 7.0.1/armtools/bin/../lib/gcc/arm-atollic-eabi/5.3.1/../../../../arm-atollic-eabi/lib/armv7e-m\libm.a(lib_a-s_rint.o)
 .ARM.attributes
                0x00000a2b       0x2e c:/program files (x86)/atollic/truestudio for arm 7.0.1/armtools/bin/../lib/gcc/arm-atollic-eabi/5.3.1/../../../../arm-atollic-eabi/lib/armv7e-m\libm.a(lib_a-s_scalbn.o)
 .ARM.attributes
                0x00000a59       0x2e c:/program files (x86)/atollic/truestudio for arm 7.0.1/armtools/bin/../lib/gcc/arm-atollic-eabi/5.3.1/../../../../arm-atollic-eabi/lib/armv7e-m\libm.a(lib_a-s_copysign.o)
 .ARM.attributes
                0x00000a87       0x2e c:/program files (x86)/atollic/truestudio for arm 7.0.1/armtools/bin/../lib/gcc/arm-atollic-eabi/5.3.1/../../../../arm-atollic-eabi/lib/armv7e-m\libc_nano.a(lib_a-errno.o)
 .ARM.attributes
                0x00000ab5       0x1e c:/program files (x86)/atollic/truestudio for arm 7.0.1/armtools/bin/../lib/gcc/arm-atollic-eabi/5.3.1/armv7e-m\libgcc.a(_arm_addsubdf3.o)
 .ARM.attributes
                0x00000ad3       0x1e c:/program files (x86)/atollic/truestudio for arm 7.0.1/armtools/bin/../lib/gcc/arm-atollic-eabi/5.3.1/armv7e-m\libgcc.a(_arm_muldivdf3.o)
 .ARM.attributes
                0x00000af1       0x1e c:/program files (x86)/atollic/truestudio for arm 7.0.1/armtools/bin/../lib/gcc/arm-atollic-eabi/5.3.1/armv7e-m\libgcc.a(_arm_cmpdf2.o)
 .ARM.attributes
                0x00000b0f       0x1e c:/program files (x86)/atollic/truestudio for arm 7.0.1/armtools/bin/../lib/gcc/arm-atollic-eabi/5.3.1/armv7e-m\libgcc.a(_arm_unorddf2.o)
 .ARM.attributes
                0x00000b2d       0x1e c:/program files (x86)/atollic/truestudio for arm 7.0.1/armtools/bin/../lib/gcc/arm-atollic-eabi/5.3.1/armv7e-m\libgcc.a(_arm_truncdfsf2.o)
 .ARM.attributes
                0x00000b4b       0x1e c:/program files (x86)/atollic/truestudio for arm 7.0.1/armtools/bin/../lib/gcc/arm-atollic-eabi/5.3.1/armv7e-m\libgcc.a(_arm_addsubsf3.o)
 .ARM.attributes
                0x00000b69       0x1e c:/program files (x86)/atollic/truestudio for arm 7.0.1/armtools/bin/../lib/gcc/arm-atollic-eabi/5.3.1/armv7e-m\libgcc.a(_arm_muldivsf3.o)
 .ARM.attributes
                0x00000b87       0x1e c:/program files (x86)/atollic/truestudio for arm 7.0.1/armtools/bin/../lib/gcc/arm-atollic-eabi/5.3.1/armv7e-m\libgcc.a(_arm_cmpsf2.o)
 .ARM.attributes
                0x00000ba5       0x1e c:/program files (x86)/atollic/truestudio for arm 7.0.1/armtools/bin/../lib/gcc/arm-atollic-eabi/5.3.1/armv7e-m\libgcc.a(_arm_fixsfsi.o)
 .ARM.attributes
                0x00000bc3       0x1e c:/program files (x86)/atollic/truestudio for arm 7.0.1/armtools/bin/../lib/gcc/arm-atollic-eabi/5.3.1/armv7e-m/crtn.o
OUTPUT(xForce.elf elf32-littlearm)

.debug_info     0x00000000     0xcf53
 .debug_info    0x00000000      0x55a Libraries\STM32F4xx_StdPeriph_Driver\src\misc.o
 .debug_info    0x0000055a      0x649 Libraries\STM32F4xx_StdPeriph_Driver\src\stm32f4xx_dac.o
 .debug_info    0x00000ba3      0x745 Libraries\STM32F4xx_StdPeriph_Driver\src\stm32f4xx_dma.o
 .debug_info    0x000012e8      0x621 Libraries\STM32F4xx_StdPeriph_Driver\src\stm32f4xx_gpio.o
 .debug_info    0x00001909      0xc8d Libraries\STM32F4xx_StdPeriph_Driver\src\stm32f4xx_rcc.o
 .debug_info    0x00002596      0xb13 Libraries\STM32F4xx_StdPeriph_Driver\src\stm32f4xx_spi.o
 .debug_info    0x000030a9     0x1c6d Libraries\STM32F4xx_StdPeriph_Driver\src\stm32f4xx_tim.o
 .debug_info    0x00004d16      0x9ce Libraries\STM32F4xx_StdPeriph_Driver\src\stm32f4xx_usart.o
 .debug_info    0x000056e4     0x109e Utilities\STM32F4-Discovery\stm32f4_discovery_audio_codec.o
 .debug_info    0x00006782      0x256 inc\infra.o
 .debug_info    0x000069d8      0x78d inc\serial.o
 .debug_info    0x00007165      0xa28 inc\tm_stm32f4_delay.o
 .debug_info    0x00007b8d      0x277 inc\tm_stm32f4_disco.o
 .debug_info    0x00007e04      0x841 inc\tm_stm32f4_gpio.o
 .debug_info    0x00008645      0x7e1 inc\tm_stm32f4_lis302dl_lis3dsh.o
 .debug_info    0x00008e26      0xb1b inc\tm_stm32f4_spi.o
 .debug_info    0x00009941      0x383 inc\tm_stm32f4_watchdog.o
 .debug_info    0x00009cc4       0x8d other\startup_stm32f40xx.o
 .debug_info    0x00009d51      0x6d4 other\syscalls.o
 .debug_info    0x0000a425      0x5d6 other\system_stm32f4xx.o
 .debug_info    0x0000a9fb      0x8d3 src\DTW.o
 .debug_info    0x0000b2ce      0x1fe src\LinkedList.o
 .debug_info    0x0000b4cc      0x9d4 src\main.o
 .debug_info    0x0000bea0      0xa18 ub_lib\irsnd_lolevel\irsnd.o
 .debug_info    0x0000c8b8      0x69b ub_lib\stm32_ub_irsnd.o

.debug_abbrev   0x00000000     0x25ae
 .debug_abbrev  0x00000000      0x149 Libraries\STM32F4xx_StdPeriph_Driver\src\misc.o
 .debug_abbrev  0x00000149      0x180 Libraries\STM32F4xx_StdPeriph_Driver\src\stm32f4xx_dac.o
 .debug_abbrev  0x000002c9      0x159 Libraries\STM32F4xx_StdPeriph_Driver\src\stm32f4xx_dma.o
 .debug_abbrev  0x00000422      0x1a9 Libraries\STM32F4xx_StdPeriph_Driver\src\stm32f4xx_gpio.o
 .debug_abbrev  0x000005cb      0x1e7 Libraries\STM32F4xx_StdPeriph_Driver\src\stm32f4xx_rcc.o
 .debug_abbrev  0x000007b2      0x16b Libraries\STM32F4xx_StdPeriph_Driver\src\stm32f4xx_spi.o
 .debug_abbrev  0x0000091d      0x18b Libraries\STM32F4xx_StdPeriph_Driver\src\stm32f4xx_tim.o
 .debug_abbrev  0x00000aa8      0x159 Libraries\STM32F4xx_StdPeriph_Driver\src\stm32f4xx_usart.o
 .debug_abbrev  0x00000c01      0x267 Utilities\STM32F4-Discovery\stm32f4_discovery_audio_codec.o
 .debug_abbrev  0x00000e68      0x1ad inc\infra.o
 .debug_abbrev  0x00001015      0x197 inc\serial.o
 .debug_abbrev  0x000011ac      0x2d1 inc\tm_stm32f4_delay.o
 .debug_abbrev  0x0000147d       0xf2 inc\tm_stm32f4_disco.o
 .debug_abbrev  0x0000156f      0x153 inc\tm_stm32f4_gpio.o
 .debug_abbrev  0x000016c2      0x1c5 inc\tm_stm32f4_lis302dl_lis3dsh.o
 .debug_abbrev  0x00001887      0x1e8 inc\tm_stm32f4_spi.o
 .debug_abbrev  0x00001a6f       0xeb inc\tm_stm32f4_watchdog.o
 .debug_abbrev  0x00001b5a       0x12 other\startup_stm32f40xx.o
 .debug_abbrev  0x00001b6c      0x151 other\syscalls.o
 .debug_abbrev  0x00001cbd      0x13a other\system_stm32f4xx.o
 .debug_abbrev  0x00001df7      0x101 src\DTW.o
 .debug_abbrev  0x00001ef8       0xf1 src\LinkedList.o
 .debug_abbrev  0x00001fe9      0x2b2 src\main.o
 .debug_abbrev  0x0000229b      0x1e5 ub_lib\irsnd_lolevel\irsnd.o
 .debug_abbrev  0x00002480      0x12e ub_lib\stm32_ub_irsnd.o

.debug_aranges  0x00000000      0xf60
 .debug_aranges
                0x00000000       0x40 Libraries\STM32F4xx_StdPeriph_Driver\src\misc.o
 .debug_aranges
                0x00000040       0xa0 Libraries\STM32F4xx_StdPeriph_Driver\src\stm32f4xx_dac.o
 .debug_aranges
                0x000000e0       0xb0 Libraries\STM32F4xx_StdPeriph_Driver\src\stm32f4xx_dma.o
 .debug_aranges
                0x00000190       0x88 Libraries\STM32F4xx_StdPeriph_Driver\src\stm32f4xx_gpio.o
 .debug_aranges
                0x00000218      0x180 Libraries\STM32F4xx_StdPeriph_Driver\src\stm32f4xx_rcc.o
 .debug_aranges
                0x00000398       0xe0 Libraries\STM32F4xx_StdPeriph_Driver\src\stm32f4xx_spi.o
 .debug_aranges
                0x00000478      0x2f8 Libraries\STM32F4xx_StdPeriph_Driver\src\stm32f4xx_tim.o
 .debug_aranges
                0x00000770      0x100 Libraries\STM32F4xx_StdPeriph_Driver\src\stm32f4xx_usart.o
 .debug_aranges
                0x00000870      0x130 Utilities\STM32F4-Discovery\stm32f4_discovery_audio_codec.o
 .debug_aranges
                0x000009a0       0x38 inc\infra.o
 .debug_aranges
                0x000009d8       0x38 inc\serial.o
 .debug_aranges
                0x00000a10       0x80 inc\tm_stm32f4_delay.o
 .debug_aranges
                0x00000a90       0x38 inc\tm_stm32f4_disco.o
 .debug_aranges
                0x00000ac8       0x98 inc\tm_stm32f4_gpio.o
 .debug_aranges
                0x00000b60       0x78 inc\tm_stm32f4_lis302dl_lis3dsh.o
 .debug_aranges
                0x00000bd8       0xb0 inc\tm_stm32f4_spi.o
 .debug_aranges
                0x00000c88       0x20 inc\tm_stm32f4_watchdog.o
 .debug_aranges
                0x00000ca8       0x28 other\startup_stm32f40xx.o
 .debug_aranges
                0x00000cd0       0xb0 other\syscalls.o
 .debug_aranges
                0x00000d80       0x30 other\system_stm32f4xx.o
 .debug_aranges
                0x00000db0       0x70 src\DTW.o
 .debug_aranges
                0x00000e20       0x48 src\LinkedList.o
 .debug_aranges
                0x00000e68       0x58 src\main.o
 .debug_aranges
                0x00000ec0       0x60 ub_lib\irsnd_lolevel\irsnd.o
 .debug_aranges
                0x00000f20       0x40 ub_lib\stm32_ub_irsnd.o

.debug_ranges   0x00000000      0xdf0
 .debug_ranges  0x00000000       0x30 Libraries\STM32F4xx_StdPeriph_Driver\src\misc.o
 .debug_ranges  0x00000030       0x90 Libraries\STM32F4xx_StdPeriph_Driver\src\stm32f4xx_dac.o
 .debug_ranges  0x000000c0       0xa0 Libraries\STM32F4xx_StdPeriph_Driver\src\stm32f4xx_dma.o
 .debug_ranges  0x00000160       0x78 Libraries\STM32F4xx_StdPeriph_Driver\src\stm32f4xx_gpio.o
 .debug_ranges  0x000001d8      0x170 Libraries\STM32F4xx_StdPeriph_Driver\src\stm32f4xx_rcc.o
 .debug_ranges  0x00000348       0xd0 Libraries\STM32F4xx_StdPeriph_Driver\src\stm32f4xx_spi.o
 .debug_ranges  0x00000418      0x2e8 Libraries\STM32F4xx_StdPeriph_Driver\src\stm32f4xx_tim.o
 .debug_ranges  0x00000700       0xf0 Libraries\STM32F4xx_StdPeriph_Driver\src\stm32f4xx_usart.o
 .debug_ranges  0x000007f0      0x120 Utilities\STM32F4-Discovery\stm32f4_discovery_audio_codec.o
 .debug_ranges  0x00000910       0x28 inc\infra.o
 .debug_ranges  0x00000938       0x40 inc\serial.o
 .debug_ranges  0x00000978       0x70 inc\tm_stm32f4_delay.o
 .debug_ranges  0x000009e8       0x28 inc\tm_stm32f4_disco.o
 .debug_ranges  0x00000a10       0x88 inc\tm_stm32f4_gpio.o
 .debug_ranges  0x00000a98       0x68 inc\tm_stm32f4_lis302dl_lis3dsh.o
 .debug_ranges  0x00000b00       0xa0 inc\tm_stm32f4_spi.o
 .debug_ranges  0x00000ba0       0x10 inc\tm_stm32f4_watchdog.o
 .debug_ranges  0x00000bb0       0x20 other\startup_stm32f40xx.o
 .debug_ranges  0x00000bd0       0xa0 other\syscalls.o
 .debug_ranges  0x00000c70       0x20 other\system_stm32f4xx.o
 .debug_ranges  0x00000c90       0x60 src\DTW.o
 .debug_ranges  0x00000cf0       0x38 src\LinkedList.o
 .debug_ranges  0x00000d28       0x48 src\main.o
 .debug_ranges  0x00000d70       0x50 ub_lib\irsnd_lolevel\irsnd.o
 .debug_ranges  0x00000dc0       0x30 ub_lib\stm32_ub_irsnd.o

.debug_line     0x00000000     0x5a4a
 .debug_line    0x00000000      0x239 Libraries\STM32F4xx_StdPeriph_Driver\src\misc.o
 .debug_line    0x00000239      0x34d Libraries\STM32F4xx_StdPeriph_Driver\src\stm32f4xx_dac.o
 .debug_line    0x00000586      0x425 Libraries\STM32F4xx_StdPeriph_Driver\src\stm32f4xx_dma.o
 .debug_line    0x000009ab      0x35b Libraries\STM32F4xx_StdPeriph_Driver\src\stm32f4xx_gpio.o
 .debug_line    0x00000d06      0x5b3 Libraries\STM32F4xx_StdPeriph_Driver\src\stm32f4xx_rcc.o
 .debug_line    0x000012b9      0x46b Libraries\STM32F4xx_StdPeriph_Driver\src\stm32f4xx_spi.o
 .debug_line    0x00001724      0xabc Libraries\STM32F4xx_StdPeriph_Driver\src\stm32f4xx_tim.o
 .debug_line    0x000021e0      0x4c5 Libraries\STM32F4xx_StdPeriph_Driver\src\stm32f4xx_usart.o
 .debug_line    0x000026a5      0x6c7 Utilities\STM32F4-Discovery\stm32f4_discovery_audio_codec.o
 .debug_line    0x00002d6c      0x284 inc\infra.o
 .debug_line    0x00002ff0      0x257 inc\serial.o
 .debug_line    0x00003247      0x351 inc\tm_stm32f4_delay.o
 .debug_line    0x00003598      0x1dd inc\tm_stm32f4_disco.o
 .debug_line    0x00003775      0x35c inc\tm_stm32f4_gpio.o
 .debug_line    0x00003ad1      0x3a0 inc\tm_stm32f4_lis302dl_lis3dsh.o
 .debug_line    0x00003e71      0x4ff inc\tm_stm32f4_spi.o
 .debug_line    0x00004370      0x1ce inc\tm_stm32f4_watchdog.o
 .debug_line    0x0000453e       0x7c other\startup_stm32f40xx.o
 .debug_line    0x000045ba      0x2b5 other\syscalls.o
 .debug_line    0x0000486f      0x201 other\system_stm32f4xx.o
 .debug_line    0x00004a70      0x2dc src\DTW.o
 .debug_line    0x00004d4c      0x124 src\LinkedList.o
 .debug_line    0x00004e70      0x4b6 src\main.o
 .debug_line    0x00005326      0x490 ub_lib\irsnd_lolevel\irsnd.o
 .debug_line    0x000057b6      0x294 ub_lib\stm32_ub_irsnd.o

.debug_str      0x00000000     0x4834
 .debug_str     0x00000000      0x3da Libraries\STM32F4xx_StdPeriph_Driver\src\misc.o
                                0x427 (size before relaxing)
 .debug_str     0x000003da      0x2a3 Libraries\STM32F4xx_StdPeriph_Driver\src\stm32f4xx_dac.o
                                0x4ac (size before relaxing)
 .debug_str     0x0000067d      0x384 Libraries\STM32F4xx_StdPeriph_Driver\src\stm32f4xx_dma.o
                                0x59b (size before relaxing)
 .debug_str     0x00000a01      0x287 Libraries\STM32F4xx_StdPeriph_Driver\src\stm32f4xx_gpio.o
                                0x4fc (size before relaxing)
 .debug_str     0x00000c88      0x665 Libraries\STM32F4xx_StdPeriph_Driver\src\stm32f4xx_rcc.o
                                0x8d2 (size before relaxing)
 .debug_str     0x000012ed      0x39e Libraries\STM32F4xx_StdPeriph_Driver\src\stm32f4xx_spi.o
                                0x6e3 (size before relaxing)
 .debug_str     0x0000168b      0xb68 Libraries\STM32F4xx_StdPeriph_Driver\src\stm32f4xx_tim.o
                                0xe29 (size before relaxing)
 .debug_str     0x000021f3      0x423 Libraries\STM32F4xx_StdPeriph_Driver\src\stm32f4xx_usart.o
                                0x6e8 (size before relaxing)
 .debug_str     0x00002616      0xa23 Utilities\STM32F4-Discovery\stm32f4_discovery_audio_codec.o
                               0x10cc (size before relaxing)
 .debug_str     0x00003039       0xad inc\infra.o
                                0x281 (size before relaxing)
 .debug_str     0x000030e6       0x71 inc\serial.o
                                0xa68 (size before relaxing)
 .debug_str     0x00003157      0x1fe inc\tm_stm32f4_delay.o
                                0xa09 (size before relaxing)
 .debug_str     0x00003355      0x173 inc\tm_stm32f4_disco.o
                                0x374 (size before relaxing)
 .debug_str     0x000034c8      0x1b9 inc\tm_stm32f4_gpio.o
                                0x5e6 (size before relaxing)
 .debug_str     0x00003681      0x4a9 inc\tm_stm32f4_lis302dl_lis3dsh.o
                                0x8dc (size before relaxing)
 .debug_str     0x00003b2a      0x287 inc\tm_stm32f4_spi.o
                                0x7cd (size before relaxing)
 .debug_str     0x00003db1      0x1af inc\tm_stm32f4_watchdog.o
                                0x481 (size before relaxing)
 .debug_str     0x00003f60      0x1ff other\syscalls.o
                                0x3f5 (size before relaxing)
 .debug_str     0x0000415f       0x91 other\system_stm32f4xx.o
                                0x3ed (size before relaxing)
 .debug_str     0x000041f0      0x173 src\DTW.o
                                0x30c (size before relaxing)
 .debug_str     0x00004363       0x9f src\LinkedList.o
                                0x23b (size before relaxing)
 .debug_str     0x00004402       0xe4 src\main.o
                                0x711 (size before relaxing)
 .debug_str     0x000044e6      0x2e5 ub_lib\irsnd_lolevel\irsnd.o
                                0x8d8 (size before relaxing)
 .debug_str     0x000047cb       0x69 ub_lib\stm32_ub_irsnd.o
                                0x97b (size before relaxing)

.comment        0x00000000       0x7e
 .comment       0x00000000       0x7e Libraries\STM32F4xx_StdPeriph_Driver\src\misc.o
                                 0x7f (size before relaxing)
 .comment       0x0000007e       0x7f Libraries\STM32F4xx_StdPeriph_Driver\src\stm32f4xx_dac.o
 .comment       0x0000007e       0x7f Libraries\STM32F4xx_StdPeriph_Driver\src\stm32f4xx_dma.o
 .comment       0x0000007e       0x7f Libraries\STM32F4xx_StdPeriph_Driver\src\stm32f4xx_gpio.o
 .comment       0x0000007e       0x7f Libraries\STM32F4xx_StdPeriph_Driver\src\stm32f4xx_rcc.o
 .comment       0x0000007e       0x7f Libraries\STM32F4xx_StdPeriph_Driver\src\stm32f4xx_spi.o
 .comment       0x0000007e       0x7f Libraries\STM32F4xx_StdPeriph_Driver\src\stm32f4xx_tim.o
 .comment       0x0000007e       0x7f Libraries\STM32F4xx_StdPeriph_Driver\src\stm32f4xx_usart.o
 .comment       0x0000007e       0x7f Utilities\STM32F4-Discovery\stm32f4_discovery_audio_codec.o
 .comment       0x0000007e       0x7f inc\infra.o
 .comment       0x0000007e       0x7f inc\serial.o
 .comment       0x0000007e       0x7f inc\tm_stm32f4_delay.o
 .comment       0x0000007e       0x7f inc\tm_stm32f4_disco.o
 .comment       0x0000007e       0x7f inc\tm_stm32f4_gpio.o
 .comment       0x0000007e       0x7f inc\tm_stm32f4_lis302dl_lis3dsh.o
 .comment       0x0000007e       0x7f inc\tm_stm32f4_spi.o
 .comment       0x0000007e       0x7f inc\tm_stm32f4_watchdog.o
 .comment       0x0000007e       0x7f other\syscalls.o
 .comment       0x0000007e       0x7f other\system_stm32f4xx.o
 .comment       0x0000007e       0x7f src\DTW.o
 .comment       0x0000007e       0x7f src\LinkedList.o
 .comment       0x0000007e       0x7f src\main.o
 .comment       0x0000007e       0x7f ub_lib\irsnd_lolevel\irsnd.o
 .comment       0x0000007e       0x7f ub_lib\stm32_ub_irsnd.o

.debug_frame    0x00000000     0x46d4
 .debug_frame   0x00000000       0xd8 Libraries\STM32F4xx_StdPeriph_Driver\src\misc.o
 .debug_frame   0x000000d8      0x2ac Libraries\STM32F4xx_StdPeriph_Driver\src\stm32f4xx_dac.o
 .debug_frame   0x00000384      0x308 Libraries\STM32F4xx_StdPeriph_Driver\src\stm32f4xx_dma.o
 .debug_frame   0x0000068c      0x23c Libraries\STM32F4xx_StdPeriph_Driver\src\stm32f4xx_gpio.o
 .debug_frame   0x000008c8      0x6fc Libraries\STM32F4xx_StdPeriph_Driver\src\stm32f4xx_rcc.o
 .debug_frame   0x00000fc4      0x3f4 Libraries\STM32F4xx_StdPeriph_Driver\src\stm32f4xx_spi.o
 .debug_frame   0x000013b8      0xe54 Libraries\STM32F4xx_StdPeriph_Driver\src\stm32f4xx_tim.o
 .debug_frame   0x0000220c      0x490 Libraries\STM32F4xx_StdPeriph_Driver\src\stm32f4xx_usart.o
 .debug_frame   0x0000269c      0x4bc Utilities\STM32F4-Discovery\stm32f4_discovery_audio_codec.o
 .debug_frame   0x00002b58       0x9c inc\infra.o
 .debug_frame   0x00002bf4       0x9c inc\serial.o
 .debug_frame   0x00002c90      0x1ec inc\tm_stm32f4_delay.o
 .debug_frame   0x00002e7c       0x98 inc\tm_stm32f4_disco.o
 .debug_frame   0x00002f14      0x274 inc\tm_stm32f4_gpio.o
 .debug_frame   0x00003188      0x1c8 inc\tm_stm32f4_lis302dl_lis3dsh.o
 .debug_frame   0x00003350      0x2e8 inc\tm_stm32f4_spi.o
 .debug_frame   0x00003638       0x38 inc\tm_stm32f4_watchdog.o
 .debug_frame   0x00003670      0x2e8 other\syscalls.o
 .debug_frame   0x00003958       0x7c other\system_stm32f4xx.o
 .debug_frame   0x000039d4      0x1cc src\DTW.o
 .debug_frame   0x00003ba0       0xf0 src\LinkedList.o
 .debug_frame   0x00003c90      0x148 src\main.o
 .debug_frame   0x00003dd8      0x148 ub_lib\irsnd_lolevel\irsnd.o
 .debug_frame   0x00003f20       0xb4 ub_lib\stm32_ub_irsnd.o
 .debug_frame   0x00003fd4       0x2c c:/program files (x86)/atollic/truestudio for arm 7.0.1/armtools/bin/../lib/gcc/arm-atollic-eabi/5.3.1/../../../../arm-atollic-eabi/lib/armv7e-m\libc_nano.a(lib_a-init.o)
 .debug_frame   0x00004000       0x30 c:/program files (x86)/atollic/truestudio for arm 7.0.1/armtools/bin/../lib/gcc/arm-atollic-eabi/5.3.1/../../../../arm-atollic-eabi/lib/armv7e-m\libc_nano.a(lib_a-malloc.o)
 .debug_frame   0x00004030       0x38 c:/program files (x86)/atollic/truestudio for arm 7.0.1/armtools/bin/../lib/gcc/arm-atollic-eabi/5.3.1/../../../../arm-atollic-eabi/lib/armv7e-m\libc_nano.a(lib_a-nano-freer.o)
 .debug_frame   0x00004068       0x2c c:/program files (x86)/atollic/truestudio for arm 7.0.1/armtools/bin/../lib/gcc/arm-atollic-eabi/5.3.1/../../../../arm-atollic-eabi/lib/armv7e-m\libc_nano.a(lib_a-nano-mallocr.o)
 .debug_frame   0x00004094       0x5c c:/program files (x86)/atollic/truestudio for arm 7.0.1/armtools/bin/../lib/gcc/arm-atollic-eabi/5.3.1/../../../../arm-atollic-eabi/lib/armv7e-m\libc_nano.a(lib_a-reent.o)
 .debug_frame   0x000040f0       0x2c c:/program files (x86)/atollic/truestudio for arm 7.0.1/armtools/bin/../lib/gcc/arm-atollic-eabi/5.3.1/../../../../arm-atollic-eabi/lib/armv7e-m\libc_nano.a(lib_a-sbrkr.o)
 .debug_frame   0x0000411c       0x70 c:/program files (x86)/atollic/truestudio for arm 7.0.1/armtools/bin/../lib/gcc/arm-atollic-eabi/5.3.1/../../../../arm-atollic-eabi/lib/armv7e-m\libc_nano.a(lib_a-sprintf.o)
 .debug_frame   0x0000418c       0x2c c:/program files (x86)/atollic/truestudio for arm 7.0.1/armtools/bin/../lib/gcc/arm-atollic-eabi/5.3.1/../../../../arm-atollic-eabi/lib/armv7e-m\libc_nano.a(lib_a-strncmp.o)
 .debug_frame   0x000041b8      0x11c c:/program files (x86)/atollic/truestudio for arm 7.0.1/armtools/bin/../lib/gcc/arm-atollic-eabi/5.3.1/../../../../arm-atollic-eabi/lib/armv7e-m\libc_nano.a(lib_a-findfp.o)
 .debug_frame   0x000042d4       0x30 c:/program files (x86)/atollic/truestudio for arm 7.0.1/armtools/bin/../lib/gcc/arm-atollic-eabi/5.3.1/../../../../arm-atollic-eabi/lib/armv7e-m\libc_nano.a(lib_a-mlock.o)
 .debug_frame   0x00004304       0x90 c:/program files (x86)/atollic/truestudio for arm 7.0.1/armtools/bin/../lib/gcc/arm-atollic-eabi/5.3.1/../../../../arm-atollic-eabi/lib/armv7e-m\libc_nano.a(lib_a-nano-svfprintf.o)
 .debug_frame   0x00004394       0x60 c:/program files (x86)/atollic/truestudio for arm 7.0.1/armtools/bin/../lib/gcc/arm-atollic-eabi/5.3.1/../../../../arm-atollic-eabi/lib/armv7e-m\libc_nano.a(lib_a-nano-vfprintf_i.o)
 .debug_frame   0x000043f4       0x28 c:/program files (x86)/atollic/truestudio for arm 7.0.1/armtools/bin/../lib/gcc/arm-atollic-eabi/5.3.1/../../../../arm-atollic-eabi/lib/armv7e-m\libc_nano.a(lib_a-memcpy-stub.o)
 .debug_frame   0x0000441c       0x28 c:/program files (x86)/atollic/truestudio for arm 7.0.1/armtools/bin/../lib/gcc/arm-atollic-eabi/5.3.1/../../../../arm-atollic-eabi/lib/armv7e-m\libc_nano.a(lib_a-memmove.o)
 .debug_frame   0x00004444       0x3c c:/program files (x86)/atollic/truestudio for arm 7.0.1/armtools/bin/../lib/gcc/arm-atollic-eabi/5.3.1/../../../../arm-atollic-eabi/lib/armv7e-m\libc_nano.a(lib_a-nano-reallocr.o)
 .debug_frame   0x00004480       0x20 c:/program files (x86)/atollic/truestudio for arm 7.0.1/armtools/bin/../lib/gcc/arm-atollic-eabi/5.3.1/../../../../arm-atollic-eabi/lib/armv7e-m\libc_nano.a(lib_a-nano-msizer.o)
 .debug_frame   0x000044a0       0x40 c:/program files (x86)/atollic/truestudio for arm 7.0.1/armtools/bin/../lib/gcc/arm-atollic-eabi/5.3.1/../../../../arm-atollic-eabi/lib/armv7e-m\libm.a(lib_a-w_pow.o)
 .debug_frame   0x000044e0       0x3c c:/program files (x86)/atollic/truestudio for arm 7.0.1/armtools/bin/../lib/gcc/arm-atollic-eabi/5.3.1/../../../../arm-atollic-eabi/lib/armv7e-m\libm.a(lib_a-w_sqrt.o)
 .debug_frame   0x0000451c       0x64 c:/program files (x86)/atollic/truestudio for arm 7.0.1/armtools/bin/../lib/gcc/arm-atollic-eabi/5.3.1/../../../../arm-atollic-eabi/lib/armv7e-m\libm.a(lib_a-e_pow.o)
 .debug_frame   0x00004580       0x30 c:/program files (x86)/atollic/truestudio for arm 7.0.1/armtools/bin/../lib/gcc/arm-atollic-eabi/5.3.1/../../../../arm-atollic-eabi/lib/armv7e-m\libm.a(lib_a-e_sqrt.o)
 .debug_frame   0x000045b0       0x20 c:/program files (x86)/atollic/truestudio for arm 7.0.1/armtools/bin/../lib/gcc/arm-atollic-eabi/5.3.1/../../../../arm-atollic-eabi/lib/armv7e-m\libm.a(lib_a-s_fabs.o)
 .debug_frame   0x000045d0       0x20 c:/program files (x86)/atollic/truestudio for arm 7.0.1/armtools/bin/../lib/gcc/arm-atollic-eabi/5.3.1/../../../../arm-atollic-eabi/lib/armv7e-m\libm.a(lib_a-s_finite.o)
 .debug_frame   0x000045f0       0x20 c:/program files (x86)/atollic/truestudio for arm 7.0.1/armtools/bin/../lib/gcc/arm-atollic-eabi/5.3.1/../../../../arm-atollic-eabi/lib/armv7e-m\libm.a(lib_a-s_matherr.o)