Archive member included to satisfy reference by file (symbol)

c:/program files (x86)/atollic/truestudio for arm 7.0.1/armtools/bin/../lib/gcc/arm-atollic-eabi/5.3.1/../../../../arm-atollic-eabi/lib/armv7e-m\libc_nano.a(lib_a-init.o)
                              other\startup_stm32f40xx.o (__libc_init_array)
c:/program files (x86)/atollic/truestudio for arm 7.0.1/armtools/bin/../lib/gcc/arm-atollic-eabi/5.3.1/../../../../arm-atollic-eabi/lib/armv7e-m\libc_nano.a(lib_a-malloc.o)
                              inc\tm_stm32f4_delay.o (malloc)
c:/program files (x86)/atollic/truestudio for arm 7.0.1/armtools/bin/../lib/gcc/arm-atollic-eabi/5.3.1/../../../../arm-atollic-eabi/lib/armv7e-m\libc_nano.a(lib_a-nano-freer.o)
                              c:/program files (x86)/atollic/truestudio for arm 7.0.1/armtools/bin/../lib/gcc/arm-atollic-eabi/5.3.1/../../../../arm-atollic-eabi/lib/armv7e-m\libc_nano.a(lib_a-malloc.o) (_free_r)
c:/program files (x86)/atollic/truestudio for arm 7.0.1/armtools/bin/../lib/gcc/arm-atollic-eabi/5.3.1/../../../../arm-atollic-eabi/lib/armv7e-m\libc_nano.a(lib_a-nano-mallocr.o)
                              c:/program files (x86)/atollic/truestudio for arm 7.0.1/armtools/bin/../lib/gcc/arm-atollic-eabi/5.3.1/../../../../arm-atollic-eabi/lib/armv7e-m\libc_nano.a(lib_a-malloc.o) (_malloc_r)
c:/program files (x86)/atollic/truestudio for arm 7.0.1/armtools/bin/../lib/gcc/arm-atollic-eabi/5.3.1/../../../../arm-atollic-eabi/lib/armv7e-m\libc_nano.a(lib_a-printf.o)
                              src\LinkedList.o (printf)
c:/program files (x86)/atollic/truestudio for arm 7.0.1/armtools/bin/../lib/gcc/arm-atollic-eabi/5.3.1/../../../../arm-atollic-eabi/lib/armv7e-m\libc_nano.a(lib_a-putchar.o)
                              src\LinkedList.o (putchar)
c:/program files (x86)/atollic/truestudio for arm 7.0.1/armtools/bin/../lib/gcc/arm-atollic-eabi/5.3.1/../../../../arm-atollic-eabi/lib/armv7e-m\libc_nano.a(lib_a-reent.o)
                              other\syscalls.o (errno)
c:/program files (x86)/atollic/truestudio for arm 7.0.1/armtools/bin/../lib/gcc/arm-atollic-eabi/5.3.1/../../../../arm-atollic-eabi/lib/armv7e-m\libc_nano.a(lib_a-sbrkr.o)
                              c:/program files (x86)/atollic/truestudio for arm 7.0.1/armtools/bin/../lib/gcc/arm-atollic-eabi/5.3.1/../../../../arm-atollic-eabi/lib/armv7e-m\libc_nano.a(lib_a-nano-mallocr.o) (_sbrk_r)
c:/program files (x86)/atollic/truestudio for arm 7.0.1/armtools/bin/../lib/gcc/arm-atollic-eabi/5.3.1/../../../../arm-atollic-eabi/lib/armv7e-m\libc_nano.a(lib_a-findfp.o)
                              c:/program files (x86)/atollic/truestudio for arm 7.0.1/armtools/bin/../lib/gcc/arm-atollic-eabi/5.3.1/../../../../arm-atollic-eabi/lib/armv7e-m\libc_nano.a(lib_a-printf.o) (__sinit)
c:/program files (x86)/atollic/truestudio for arm 7.0.1/armtools/bin/../lib/gcc/arm-atollic-eabi/5.3.1/../../../../arm-atollic-eabi/lib/armv7e-m\libc_nano.a(lib_a-fwalk.o)
                              c:/program files (x86)/atollic/truestudio for arm 7.0.1/armtools/bin/../lib/gcc/arm-atollic-eabi/5.3.1/../../../../arm-atollic-eabi/lib/armv7e-m\libc_nano.a(lib_a-findfp.o) (_fwalk)
c:/program files (x86)/atollic/truestudio for arm 7.0.1/armtools/bin/../lib/gcc/arm-atollic-eabi/5.3.1/../../../../arm-atollic-eabi/lib/armv7e-m\libc_nano.a(lib_a-impure.o)
                              c:/program files (x86)/atollic/truestudio for arm 7.0.1/armtools/bin/../lib/gcc/arm-atollic-eabi/5.3.1/../../../../arm-atollic-eabi/lib/armv7e-m\libc_nano.a(lib_a-findfp.o) (_global_impure_ptr)
c:/program files (x86)/atollic/truestudio for arm 7.0.1/armtools/bin/../lib/gcc/arm-atollic-eabi/5.3.1/../../../../arm-atollic-eabi/lib/armv7e-m\libc_nano.a(lib_a-memset.o)
                              c:/program files (x86)/atollic/truestudio for arm 7.0.1/armtools/bin/../lib/gcc/arm-atollic-eabi/5.3.1/../../../../arm-atollic-eabi/lib/armv7e-m\libc_nano.a(lib_a-findfp.o) (memset)
c:/program files (x86)/atollic/truestudio for arm 7.0.1/armtools/bin/../lib/gcc/arm-atollic-eabi/5.3.1/../../../../arm-atollic-eabi/lib/armv7e-m\libc_nano.a(lib_a-mlock.o)
                              c:/program files (x86)/atollic/truestudio for arm 7.0.1/armtools/bin/../lib/gcc/arm-atollic-eabi/5.3.1/../../../../arm-atollic-eabi/lib/armv7e-m\libc_nano.a(lib_a-nano-freer.o) (__malloc_lock)
c:/program files (x86)/atollic/truestudio for arm 7.0.1/armtools/bin/../lib/gcc/arm-atollic-eabi/5.3.1/../../../../arm-atollic-eabi/lib/armv7e-m\libc_nano.a(lib_a-nano-vfprintf.o)
                              c:/program files (x86)/atollic/truestudio for arm 7.0.1/armtools/bin/../lib/gcc/arm-atollic-eabi/5.3.1/../../../../arm-atollic-eabi/lib/armv7e-m\libc_nano.a(lib_a-printf.o) (_vfprintf_r)
c:/program files (x86)/atollic/truestudio for arm 7.0.1/armtools/bin/../lib/gcc/arm-atollic-eabi/5.3.1/../../../../arm-atollic-eabi/lib/armv7e-m\libc_nano.a(lib_a-nano-vfprintf_i.o)
[...]
Memory Configuration

Name             Origin             Length             Attributes
FLASH            0x08000000         0x00100000         xr
RAM              0x20000000         0x00020000         xrw
MEMORY_B1        0x60000000         0x00000000         xr
CCMRAM           0x10000000         0x00010000         rw
*default*        0x00000000         0xffffffff

Linker script and memory map

LOAD c:/program files (x86)/atollic/truestudio for arm 7.0.1/armtools/bin/../lib/gcc/arm-atollic-eabi/5.3.1/armv7e-m/crti.o
LOAD c:/program files (x86)/atollic/truestudio for arm 7.0.1/armtools/bin/../lib/gcc/arm-atollic-eabi/5.3.1/armv7e-m/crtbegin.o
LOAD Libraries\STM32F4xx_StdPeriph_Driver\src\misc.o
LOAD Libraries\STM32F4xx_StdPeriph_Driver\src\stm32f4xx_adc.o
LOAD Libraries\STM32F4xx_StdPeriph_Driver\src\stm32f4xx_can.o
LOAD Libraries\STM32F4xx_StdPeriph_Driver\src\stm32f4xx_crc.o
LOAD Libraries\STM32F4xx_StdPeriph_Driver\src\stm32f4xx_cryp.o
LOAD Libraries\STM32F4xx_StdPeriph_Driver\src\stm32f4xx_cryp_aes.o
LOAD Libraries\STM32F4xx_StdPeriph_Driver\src\stm32f4xx_cryp_des.o
LOAD Libraries\STM32F4xx_StdPeriph_Driver\src\stm32f4xx_cryp_tdes.o
LOAD Libraries\STM32F4xx_StdPeriph_Driver\src\stm32f4xx_dac.o
LOAD Libraries\STM32F4xx_StdPeriph_Driver\src\stm32f4xx_dbgmcu.o
LOAD Libraries\STM32F4xx_StdPeriph_Driver\src\stm32f4xx_dcmi.o
LOAD Libraries\STM32F4xx_StdPeriph_Driver\src\stm32f4xx_dma.o
LOAD Libraries\STM32F4xx_StdPeriph_Driver\src\stm32f4xx_exti.o
LOAD Libraries\STM32F4xx_StdPeriph_Driver\src\stm32f4xx_flash.o
LOAD Libraries\STM32F4xx_StdPeriph_Driver\src\stm32f4xx_fsmc.o
LOAD Libraries\STM32F4xx_StdPeriph_Driver\src\stm32f4xx_gpio.o
LOAD Libraries\STM32F4xx_StdPeriph_Driver\src\stm32f4xx_hash.o
LOAD Libraries\STM32F4xx_StdPeriph_Driver\src\stm32f4xx_hash_md5.o
LOAD Libraries\STM32F4xx_StdPeriph_Driver\src\stm32f4xx_hash_sha1.o
LOAD Libraries\STM32F4xx_StdPeriph_Driver\src\stm32f4xx_i2c.o
LOAD Libraries\STM32F4xx_StdPeriph_Driver\src\stm32f4xx_iwdg.o
LOAD Libraries\STM32F4xx_StdPeriph_Driver\src\stm32f4xx_pwr.o
LOAD Libraries\STM32F4xx_StdPeriph_Driver\src\stm32f4xx_rcc.o
LOAD Libraries\STM32F4xx_StdPeriph_Driver\src\stm32f4xx_rng.o
LOAD Libraries\STM32F4xx_StdPeriph_Driver\src\stm32f4xx_rtc.o
LOAD Libraries\STM32F4xx_StdPeriph_Driver\src\stm32f4xx_sdio.o
LOAD Libraries\STM32F4xx_StdPeriph_Driver\src\stm32f4xx_spi.o
LOAD Libraries\STM32F4xx_StdPeriph_Driver\src\stm32f4xx_syscfg.o
LOAD Libraries\STM32F4xx_StdPeriph_Driver\src\stm32f4xx_tim.o
LOAD Libraries\STM32F4xx_StdPeriph_Driver\src\stm32f4xx_usart.o
LOAD Libraries\STM32F4xx_StdPeriph_Driver\src\stm32f4xx_wwdg.o
LOAD Utilities\STM32F4-Discovery\stm32f4_discovery.o
LOAD Utilities\STM32F4-Discovery\stm32f4_discovery_audio_codec.o
LOAD Utilities\STM32F4-Discovery\stm32f4_discovery_lis302dl.o
LOAD inc\serial.o
LOAD inc\tm_stm32f4_delay.o
LOAD inc\tm_stm32f4_disco.o
LOAD inc\tm_stm32f4_gpio.o
LOAD inc\tm_stm32f4_lis302dl_lis3dsh.o
LOAD inc\tm_stm32f4_spi.o
LOAD inc\tm_stm32f4_timer_properties.o
LOAD other\startup_stm32f40xx.o
LOAD other\syscalls.o
LOAD other\system_stm32f4xx.o
LOAD src\DTW.o
LOAD src\LinkedList.o
LOAD src\main.o
START GROUP
LOAD c:/program files (x86)/atollic/truestudio for arm 7.0.1/armtools/bin/../lib/gcc/arm-atollic-eabi/5.3.1/../../../../arm-atollic-eabi/lib/armv7e-m\libc_nano.a
LOAD c:/program files (x86)/atollic/truestudio for arm 7.0.1/armtools/bin/../lib/gcc/arm-atollic-eabi/5.3.1/../../../../arm-atollic-eabi/lib/armv7e-m\libm.a
END GROUP
                0x00001000                malloc_getpagesize_P = 0x1000
START GROUP
LOAD c:/program files (x86)/atollic/truestudio for arm 7.0.1/armtools/bin/../lib/gcc/arm-atollic-eabi/5.3.1/armv7e-m\libgcc.a
LOAD c:/program files (x86)/atollic/truestudio for arm 7.0.1/armtools/bin/../lib/gcc/arm-atollic-eabi/5.3.1/../../../../arm-atollic-eabi/lib/armv7e-m\libc_nano.a
END GROUP
START GROUP
LOAD c:/program files (x86)/atollic/truestudio for arm 7.0.1/armtools/bin/../lib/gcc/arm-atollic-eabi/5.3.1/armv7e-m\libgcc.a
LOAD c:/program files (x86)/atollic/truestudio for arm 7.0.1/armtools/bin/../lib/gcc/arm-atollic-eabi/5.3.1/../../../../arm-atollic-eabi/lib/armv7e-m\libc_nano.a
LOAD c:/program files (x86)/atollic/truestudio for arm 7.0.1/armtools/bin/../lib/gcc/arm-atollic-eabi/5.3.1/../../../../arm-atollic-eabi/lib/armv7e-m\libnosys.a
END GROUP
START GROUP
LOAD c:/program files (x86)/atollic/truestudio for arm 7.0.1/armtools/bin/../lib/gcc/arm-atollic-eabi/5.3.1/armv7e-m\libgcc.a
LOAD c:/program files (x86)/atollic/truestudio for arm 7.0.1/armtools/bin/../lib/gcc/arm-atollic-eabi/5.3.1/../../../../arm-atollic-eabi/lib/armv7e-m\libc_nano.a
LOAD c:/program files (x86)/atollic/truestudio for arm 7.0.1/armtools/bin/../lib/gcc/arm-atollic-eabi/5.3.1/../../../../arm-atollic-eabi/lib/armv7e-m\libnosys.a
END GROUP
LOAD c:/program files (x86)/atollic/truestudio for arm 7.0.1/armtools/bin/../lib/gcc/arm-atollic-eabi/5.3.1/armv7e-m/crtend.o
LOAD c:/program files (x86)/atollic/truestudio for arm 7.0.1/armtools/bin/../lib/gcc/arm-atollic-eabi/5.3.1/armv7e-m/crtn.o
                0x20020000                _estack = 0x20020000
                0x00005000                _Min_Heap_Size = 0x5000
                0x00000400                _Min_Stack_Size = 0x400

.isr_vector     0x08000000      0x188
                0x08000000                . = ALIGN (0x4)
 *(.isr_vector)
 .isr_vector    0x08000000      0x188 other\startup_stm32f40xx.o
                0x08000000                g_pfnVectors
                0x08000188                . = ALIGN (0x4)

.text           0x08000188     0x51f8
                0x08000188                . = ALIGN (0x4)
 *(.text)
 .text          0x08000188       0x40 c:/program files (x86)/atollic/truestudio for arm 7.0.1/armtools/bin/../lib/gcc/arm-atollic-eabi/5.3.1/armv7e-m/crtbegin.o
 .text          0x080001c8      0x370 c:/program files (x86)/atollic/truestudio for arm 7.0.1/armtools/bin/../lib/gcc/arm-atollic-eabi/5.3.1/armv7e-m\libgcc.a(_arm_addsubdf3.o)
                0x080001c8                __aeabi_drsub
                0x080001d0                __aeabi_dsub
                0x080001d0                __subdf3
                0x080001d4                __aeabi_dadd
                0x080001d4                __adddf3
                0x0800044c                __floatunsidf
                0x0800044c                __aeabi_ui2d
                0x0800046c                __floatsidf
                0x0800046c                __aeabi_i2d
                0x08000490                __aeabi_f2d
                0x08000490                __extendsfdf2
                0x080004cc                __floatundidf
                0x080004cc                __aeabi_ul2d
                0x080004dc                __floatdidf
                0x080004dc                __aeabi_l2d
 .text          0x08000538      0x424 c:/program files (x86)/atollic/truestudio for arm 7.0.1/armtools/bin/../lib/gcc/arm-atollic-eabi/5.3.1/armv7e-m\libgcc.a(_arm_muldivdf3.o)
                0x08000538                __aeabi_dmul
                0x08000538                __muldf3
                0x0800078c                __divdf3
                0x0800078c                __aeabi_ddiv
 .text          0x0800095c      0x110 c:/program files (x86)/atollic/truestudio for arm 7.0.1/armtools/bin/../lib/gcc/arm-atollic-eabi/5.3.1/armv7e-m\libgcc.a(_arm_cmpdf2.o)
                0x0800095c                __gtdf2
                0x0800095c                __gedf2
                0x08000964                __ltdf2
                0x08000964                __ledf2
                0x0800096c                __nedf2
                0x0800096c                __eqdf2
                0x0800096c                __cmpdf2
                0x080009e8                __aeabi_cdrcmple
                0x080009f8                __aeabi_cdcmpeq
                0x080009f8                __aeabi_cdcmple
                0x08000a08                __aeabi_dcmpeq
                0x08000a1c                __aeabi_dcmplt
                0x08000a30                __aeabi_dcmple
                0x08000a44                __aeabi_dcmpge
                0x08000a58                __aeabi_dcmpgt
 .text          0x08000a6c       0x2c c:/program files (x86)/atollic/truestudio for arm 7.0.1/armtools/bin/../lib/gcc/arm-atollic-eabi/5.3.1/armv7e-m\libgcc.a(_arm_unorddf2.o)
                0x08000a6c                __unorddf2
                0x08000a6c                __aeabi_dcmpun
 .text          0x08000a98       0xa0 c:/program files (x86)/atollic/truestudio for arm 7.0.1/armtools/bin/../lib/gcc/arm-atollic-eabi/5.3.1/armv7e-m\libgcc.a(_arm_truncdfsf2.o)
                0x08000a98                __truncdfsf2
                0x08000a98                __aeabi_d2f
 .text          0x08000b38      0x21c c:/program files (x86)/atollic/truestudio for arm 7.0.1/armtools/bin/../lib/gcc/arm-atollic-eabi/5.3.1/armv7e-m\libgcc.a(_arm_addsubsf3.o)
                0x08000b38                __aeabi_frsub
                0x08000b40                __subsf3
                0x08000b40                __aeabi_fsub
                0x08000b44                __aeabi_fadd
                0x08000b44                __addsf3
                0x08000ca4                __aeabi_ui2f
                0x08000ca4                __floatunsisf
                0x08000cac                __aeabi_i2f
                0x08000cac                __floatsisf
                0x08000cc8                __aeabi_ul2f
                0x08000cc8                __floatundisf
                0x08000cd8                __aeabi_l2f
                0x08000cd8                __floatdisf
 .text          0x08000d54      0x2a0 c:/program files (x86)/atollic/truestudio for arm 7.0.1/armtools/bin/../lib/gcc/arm-atollic-eabi/5.3.1/armv7e-m\libgcc.a(_arm_muldivsf3.o)
                0x08000d54                __mulsf3
                0x08000d54                __aeabi_fmul
                0x08000ebc                __aeabi_fdiv
                0x08000ebc                __divsf3
 .text          0x08000ff4       0xec c:/program files (x86)/atollic/truestudio for arm 7.0.1/armtools/bin/../lib/gcc/arm-atollic-eabi/5.3.1/armv7e-m\libgcc.a(_arm_cmpsf2.o)
                0x08000ff4                __gesf2
                0x08000ff4                __gtsf2
                0x08000ffc                __lesf2
                0x08000ffc                __ltsf2
                0x08001004                __nesf2
                0x08001004                __eqsf2
                0x08001004                __cmpsf2
                0x08001064                __aeabi_cfrcmple
                0x0800106c                __aeabi_cfcmpeq
                0x0800106c                __aeabi_cfcmple
                0x0800107c                __aeabi_fcmpeq
                0x08001090                __aeabi_fcmplt
                0x080010a4                __aeabi_fcmple
                0x080010b8                __aeabi_fcmpge
                0x080010cc                __aeabi_fcmpgt
 .text          0x080010e0       0x4c c:/program files (x86)/atollic/truestudio for arm 7.0.1/armtools/bin/../lib/gcc/arm-atollic-eabi/5.3.1/armv7e-m\libgcc.a(_arm_fixsfsi.o)
                0x080010e0                __aeabi_f2iz
                0x080010e0                __fixsfsi
 *(.text*)
 .text.NVIC_Init
                0x0800112c       0xc0 Libraries\STM32F4xx_StdPeriph_Driver\src\misc.o
                0x0800112c                NVIC_Init
 .text.DAC_SetChannel1Data
                0x080011ec       0x34 Libraries\STM32F4xx_StdPeriph_Driver\src\stm32f4xx_dac.o
                0x080011ec                DAC_SetChannel1Data
 .text.DMA_Init
                0x08001220       0xac Libraries\STM32F4xx_StdPeriph_Driver\src\stm32f4xx_dma.o
                0x08001220                DMA_Init
 .text.DMA_Cmd  0x080012cc       0x38 Libraries\STM32F4xx_StdPeriph_Driver\src\stm32f4xx_dma.o
                0x080012cc                DMA_Cmd
 .text.DMA_GetCmdStatus
                0x08001304       0x30 Libraries\STM32F4xx_StdPeriph_Driver\src\stm32f4xx_dma.o
                0x08001304                DMA_GetCmdStatus
 .text.DMA_GetFlagStatus
                0x08001334       0x74 Libraries\STM32F4xx_StdPeriph_Driver\src\stm32f4xx_dma.o
                0x08001334                DMA_GetFlagStatus
 .text.DMA_ClearFlag
                0x080013a8       0x5c Libraries\STM32F4xx_StdPeriph_Driver\src\stm32f4xx_dma.o
                0x080013a8                DMA_ClearFlag
 .text.GPIO_Init
                0x08001404      0x11c Libraries\STM32F4xx_StdPeriph_Driver\src\stm32f4xx_gpio.o
                0x08001404                GPIO_Init
 .text.GPIO_PinAFConfig
                0x08001520       0x90 Libraries\STM32F4xx_StdPeriph_Driver\src\stm32f4xx_gpio.o
                0x08001520                GPIO_PinAFConfig
 .text.RCC_GetClocksFreq
                0x080015b0      0x154 Libraries\STM32F4xx_StdPeriph_Driver\src\stm32f4xx_rcc.o
                0x080015b0                RCC_GetClocksFreq
 .text.RCC_AHB1PeriphClockCmd
                0x08001704       0x3c Libraries\STM32F4xx_StdPeriph_Driver\src\stm32f4xx_rcc.o
                0x08001704                RCC_AHB1PeriphClockCmd
 .text.RCC_APB2PeriphClockCmd
                0x08001740       0x3c Libraries\STM32F4xx_StdPeriph_Driver\src\stm32f4xx_rcc.o
                0x08001740                RCC_APB2PeriphClockCmd
 .text.SPI_Init
                0x0800177c       0x88 Libraries\STM32F4xx_StdPeriph_Driver\src\stm32f4xx_spi.o
                0x0800177c                SPI_Init
 .text.SPI_StructInit
                0x08001804       0x48 Libraries\STM32F4xx_StdPeriph_Driver\src\stm32f4xx_spi.o
                0x08001804                SPI_StructInit
 .text.SPI_I2S_SendData
                0x0800184c       0x1c Libraries\STM32F4xx_StdPeriph_Driver\src\stm32f4xx_spi.o
                0x0800184c                SPI_I2S_SendData
 .text.SPI_I2S_GetFlagStatus
                0x08001868       0x38 Libraries\STM32F4xx_StdPeriph_Driver\src\stm32f4xx_spi.o
                0x08001868                SPI_I2S_GetFlagStatus
 .text.USART_Init
                0x080018a0      0x174 Libraries\STM32F4xx_StdPeriph_Driver\src\stm32f4xx_usart.o
                0x080018a0                USART_Init
 .text.USART_Cmd
                0x08001a14       0x40 Libraries\STM32F4xx_StdPeriph_Driver\src\stm32f4xx_usart.o
                0x08001a14                USART_Cmd
 .text.USART_SendData
                0x08001a54       0x24 Libraries\STM32F4xx_StdPeriph_Driver\src\stm32f4xx_usart.o
                0x08001a54                USART_SendData
 .text.USART_ITConfig
                0x08001a78       0x90 Libraries\STM32F4xx_StdPeriph_Driver\src\stm32f4xx_usart.o
                0x08001a78                USART_ITConfig
 .text.USART_GetITStatus
                0x08001b08       0xb4 Libraries\STM32F4xx_StdPeriph_Driver\src\stm32f4xx_usart.o
                0x08001b08                USART_GetITStatus
 .text.Audio_MAL_IRQHandler
                0x08001bbc       0xf8 Utilities\STM32F4-Discovery\stm32f4_discovery_audio_codec.o
 .text.DMA1_Stream7_IRQHandler
                0x08001cb4        0xc Utilities\STM32F4-Discovery\stm32f4_discovery_audio_codec.o
                0x08001cb4                DMA1_Stream7_IRQHandler
 .text.DMA1_Stream0_IRQHandler
                0x08001cc0        0xc Utilities\STM32F4-Discovery\stm32f4_discovery_audio_codec.o
                0x08001cc0                DMA1_Stream0_IRQHandler
 .text.SPI3_IRQHandler
                0x08001ccc       0x44 Utilities\STM32F4-Discovery\stm32f4_discovery_audio_codec.o
                0x08001ccc                SPI3_IRQHandler
 .text.init_USART1
                0x08001d10       0xb8 inc\serial.o
                0x08001d10                init_USART1
 .text.USART_puts
                0x08001dc8       0x48 inc\serial.o
                0x08001dc8                USART_puts
 .text.USART1_IRQHandler
                0x08001e10       0x68 inc\serial.o
                0x08001e10                USART1_IRQHandler
 .text.NVIC_SetPriority
                0x08001e78       0x54 inc\tm_stm32f4_delay.o
 .text.SysTick_Config
                0x08001ecc       0x44 inc\tm_stm32f4_delay.o
 .text.SysTick_Handler
                0x08001f10       0xf0 inc\tm_stm32f4_delay.o
                0x08001f10                SysTick_Handler
 .text.TM_DELAY_Init
                0x08002000       0x50 inc\tm_stm32f4_delay.o
                0x08002000                TM_DELAY_Init
 .text.TM_DISCO_LedInit
                0x08002050       0x30 inc\tm_stm32f4_disco.o
                0x08002050                TM_DISCO_LedInit
 .text.TM_DISCO_ButtonInit
                0x08002080       0x24 inc\tm_stm32f4_disco.o
                0x08002080                TM_DISCO_ButtonInit
 .text.TM_GPIO_Init
                0x080020a4       0x48 inc\tm_stm32f4_gpio.o
                0x080020a4                TM_GPIO_Init
 .text.TM_GPIO_InitAlternate
                0x080020ec       0xa8 inc\tm_stm32f4_gpio.o
                0x080020ec                TM_GPIO_InitAlternate
 .text.TM_GPIO_GetPortSource
                0x08002194       0x20 inc\tm_stm32f4_gpio.o
                0x08002194                TM_GPIO_GetPortSource
 .text.TM_GPIO_INT_EnableClock
                0x080021b4       0x30 inc\tm_stm32f4_gpio.o
                0x080021b4                TM_GPIO_INT_EnableClock
 .text.TM_GPIO_INT_Init
                0x080021e4      0x10c inc\tm_stm32f4_gpio.o
                0x080021e4                TM_GPIO_INT_Init
 .text.TM_SPI_Send
                0x080022f0       0x74 inc\tm_stm32f4_lis302dl_lis3dsh.o
 .text.TM_LIS302DL_LIS3DSH_Detect
                0x08002364       0x48 inc\tm_stm32f4_lis302dl_lis3dsh.o
                0x08002364                TM_LIS302DL_LIS3DSH_Detect
 .text.TM_LIS302DL_LIS3DSH_Init
                0x080023ac       0x60 inc\tm_stm32f4_lis302dl_lis3dsh.o
                0x080023ac                TM_LIS302DL_LIS3DSH_Init
 .text.TM_LIS302DL_LIS3DSH_ReadAxes
                0x0800240c       0x3c inc\tm_stm32f4_lis302dl_lis3dsh.o
                0x0800240c                TM_LIS302DL_LIS3DSH_ReadAxes
 .text.TM_LIS302DL_LIS3DSH_INT_InitPins
                0x08002448       0x60 inc\tm_stm32f4_lis302dl_lis3dsh.o
                0x08002448                TM_LIS302DL_LIS3DSH_INT_InitPins
 .text.TM_LIS302DL_LIS3DSH_INT_WriteSPI
                0x080024a8       0x5c inc\tm_stm32f4_lis302dl_lis3dsh.o
                0x080024a8                TM_LIS302DL_LIS3DSH_INT_WriteSPI
 .text.TM_LIS302DL_LIS3DSH_INT_ReadSPI
                0x08002504       0x58 inc\tm_stm32f4_lis302dl_lis3dsh.o
                0x08002504                TM_LIS302DL_LIS3DSH_INT_ReadSPI
 .text.TM_LIS302DL_LIS3DSH_INT_InitLIS3DSH
                0x0800255c      0x108 inc\tm_stm32f4_lis302dl_lis3dsh.o
                0x0800255c                TM_LIS302DL_LIS3DSH_INT_InitLIS3DSH
 .text.TM_LIS302DL_LIS3DSH_INT_InitLIS302DL
                0x08002664       0xfc inc\tm_stm32f4_lis302dl_lis3dsh.o
                0x08002664                TM_LIS302DL_LIS3DSH_INT_InitLIS302DL
 .text.TM_LIS3DSH_INT_ReadAxes
                0x08002760      0x120 inc\tm_stm32f4_lis302dl_lis3dsh.o
                0x08002760                TM_LIS3DSH_INT_ReadAxes
 .text.TM_LIS302DL_INT_ReadAxes
                0x08002880       0xd8 inc\tm_stm32f4_lis302dl_lis3dsh.o
                0x08002880                TM_LIS302DL_INT_ReadAxes
 .text.TM_LIS302DL_LIS3DSH_INT_Delay
                0x08002958       0x24 inc\tm_stm32f4_lis302dl_lis3dsh.o
                0x08002958                TM_LIS302DL_LIS3DSH_INT_Delay
 .text.TM_SPI_Init
                0x0800297c       0xe0 inc\tm_stm32f4_spi.o
                0x0800297c                TM_SPI_Init
 .text.TM_SPI_WriteMulti
                0x08002a5c       0x88 inc\tm_stm32f4_spi.o
                0x08002a5c                TM_SPI_WriteMulti
 .text.TM_SPI_ReadMulti
                0x08002ae4       0x94 inc\tm_stm32f4_spi.o
                0x08002ae4                TM_SPI_ReadMulti
 .text.TM_SPI_InitCustomPinsCallback
                0x08002b78       0x18 inc\tm_stm32f4_spi.o
                0x08002b78                TM_SPI_InitCustomPinsCallback
 .text.TM_SPIx_Init
                0x08002b90      0x188 inc\tm_stm32f4_spi.o
 .text.TM_SPI1_INT_InitPins
                0x08002d18       0x60 inc\tm_stm32f4_spi.o
                0x08002d18                TM_SPI1_INT_InitPins
 .text.TM_SPI2_INT_InitPins
                0x08002d78       0x98 inc\tm_stm32f4_spi.o
                0x08002d78                TM_SPI2_INT_InitPins
 .text.TM_SPI3_INT_InitPins
                0x08002e10       0x64 inc\tm_stm32f4_spi.o
                0x08002e10                TM_SPI3_INT_InitPins
 .text.TM_SPI4_INT_InitPins
                0x08002e74       0x60 inc\tm_stm32f4_spi.o
                0x08002e74                TM_SPI4_INT_InitPins
 .text.TM_SPI5_INT_InitPins
                0x08002ed4       0x78 inc\tm_stm32f4_spi.o
                0x08002ed4                TM_SPI5_INT_InitPins
 .text.TM_SPI6_INT_InitPins
                0x08002f4c       0x44 inc\tm_stm32f4_spi.o
                0x08002f4c                TM_SPI6_INT_InitPins
 .text.Reset_Handler
                0x08002f90       0x50 other\startup_stm32f40xx.o
                0x08002f90                Reset_Handler
 .text.Default_Handler
                0x08002fe0        0x2 other\startup_stm32f40xx.o
                0x08002fe0                RTC_Alarm_IRQHandler
                0x08002fe0                HASH_RNG_IRQHandler
                0x08002fe0                EXTI2_IRQHandler
                0x08002fe0                TIM8_CC_IRQHandler
                0x08002fe0                DebugMon_Handler
                0x08002fe0                TIM1_CC_IRQHandler
                0x08002fe0                DMA2_Stream5_IRQHandler
                0x08002fe0                HardFault_Handler
                0x08002fe0                DMA1_Stream5_IRQHandler
                0x08002fe0                PVD_IRQHandler
                0x08002fe0                SDIO_IRQHandler
                0x08002fe0                TAMP_STAMP_IRQHandler
                0x08002fe0                PendSV_Handler
                0x08002fe0                NMI_Handler
                0x08002fe0                CAN2_RX1_IRQHandler
                0x08002fe0                EXTI3_IRQHandler
                0x08002fe0                TIM8_TRG_COM_TIM14_IRQHandler
                0x08002fe0                TIM1_UP_TIM10_IRQHandler
                0x08002fe0                TIM8_UP_TIM13_IRQHandler
                0x08002fe0                I2C3_ER_IRQHandler
                0x08002fe0                EXTI0_IRQHandler
                0x08002fe0                I2C2_EV_IRQHandler
                0x08002fe0                DMA1_Stream2_IRQHandler
                0x08002fe0                CAN1_RX0_IRQHandler
                0x08002fe0                FPU_IRQHandler
                0x08002fe0                OTG_HS_WKUP_IRQHandler
                0x08002fe0                UsageFault_Handler
                0x08002fe0                CAN2_SCE_IRQHandler
                0x08002fe0                DMA2_Stream2_IRQHandler
                0x08002fe0                SPI1_IRQHandler
                0x08002fe0                TIM6_DAC_IRQHandler
                0x08002fe0                TIM1_BRK_TIM9_IRQHandler
                0x08002fe0                DCMI_IRQHandler
                0x08002fe0                CAN2_RX0_IRQHandler
                0x08002fe0                DMA2_Stream3_IRQHandler
                0x08002fe0                USART6_IRQHandler
                0x08002fe0                USART3_IRQHandler
                0x08002fe0                CRYP_IRQHandler
                0x08002fe0                CAN1_RX1_IRQHandler
                0x08002fe0                UART5_IRQHandler
                0x08002fe0                DMA2_Stream0_IRQHandler
                0x08002fe0                TIM4_IRQHandler
                0x08002fe0                I2C1_EV_IRQHandler
                0x08002fe0                DMA1_Stream6_IRQHandler
                0x08002fe0                DMA1_Stream1_IRQHandler
                0x08002fe0                UART4_IRQHandler
                0x08002fe0                TIM3_IRQHandler
                0x08002fe0                RCC_IRQHandler
                0x08002fe0                TIM8_BRK_TIM12_IRQHandler
                0x08002fe0                Default_Handler
                0x08002fe0                EXTI15_10_IRQHandler
                0x08002fe0                ADC_IRQHandler
                0x08002fe0                TIM7_IRQHandler
                0x08002fe0                CAN2_TX_IRQHandler
                0x08002fe0                TIM5_IRQHandler
                0x08002fe0                DMA2_Stream7_IRQHandler
                0x08002fe0                I2C3_EV_IRQHandler
                0x08002fe0                EXTI9_5_IRQHandler
                0x08002fe0                RTC_WKUP_IRQHandler
                0x08002fe0                ETH_WKUP_IRQHandler
                0x08002fe0                SPI2_IRQHandler
                0x08002fe0                OTG_HS_EP1_IN_IRQHandler
                0x08002fe0                MemManage_Handler
                0x08002fe0                CAN1_TX_IRQHandler
                0x08002fe0                SVC_Handler
                0x08002fe0                EXTI4_IRQHandler
                0x08002fe0                FSMC_IRQHandler
                0x08002fe0                ETH_IRQHandler
                0x08002fe0                OTG_HS_EP1_OUT_IRQHandler
                0x08002fe0                WWDG_IRQHandler
                0x08002fe0                TIM2_IRQHandler
                0x08002fe0                OTG_FS_WKUP_IRQHandler
                0x08002fe0                TIM1_TRG_COM_TIM11_IRQHandler
                0x08002fe0                OTG_HS_IRQHandler
                0x08002fe0                EXTI1_IRQHandler
                0x08002fe0                USART2_IRQHandler
                0x08002fe0                I2C2_ER_IRQHandler
                0x08002fe0                DMA2_Stream1_IRQHandler
                0x08002fe0                CAN1_SCE_IRQHandler
                0x08002fe0                FLASH_IRQHandler
                0x08002fe0                DMA2_Stream4_IRQHandler
                0x08002fe0                BusFault_Handler
                0x08002fe0                OTG_FS_IRQHandler
                0x08002fe0                DMA1_Stream4_IRQHandler
                0x08002fe0                I2C1_ER_IRQHandler
                0x08002fe0                DMA2_Stream6_IRQHandler
                0x08002fe0                DMA1_Stream3_IRQHandler
 *fill*         0x08002fe2        0x2 
 .text._sbrk    0x08002fe4       0x68 other\syscalls.o
                0x08002fe4                _sbrk
 .text.SystemInit
                0x0800304c       0x5c other\system_stm32f4xx.o
                0x0800304c                SystemInit
 .text.SetSysClock
                0x080030a8       0xf4 other\system_stm32f4xx.o
 .text.min      0x0800319c       0x28 src\DTW.o
                0x0800319c                min
 .text.minArray
                0x080031c4       0x5c src\DTW.o
                0x080031c4                minArray
 .text.maxArray
                0x08003220       0x84 src\DTW.o
                0x08003220                maxArray
 .text.average  0x080032a4       0x6c src\DTW.o
                0x080032a4                average
 .text.ewma     0x08003310       0xc0 src\DTW.o
                0x08003310                ewma
 .text.dtwDistance1
                0x080033d0      0x4c4 src\DTW.o
                0x080033d0                dtwDistance1
 .text.LBKeogh  0x08003894      0x164 src\DTW.o
                0x08003894                LBKeogh
 .text.LBKeogh3D
                0x080039f8       0x60 src\DTW.o
                0x080039f8                LBKeogh3D
 .text.knn      0x08003a58      0x18c src\DTW.o
                0x08003a58                knn
 .text.newLinkedList
                0x08003be4       0x28 src\LinkedList.o
                0x08003be4                newLinkedList
 .text.prependToLinkedList
                0x08003c0c       0x34 src\LinkedList.o
                0x08003c0c                prependToLinkedList
 .text.arrayFromLinkedList
                0x08003c40       0x48 src\LinkedList.o
                0x08003c40                arrayFromLinkedList
 .text.freeLinkedList
                0x08003c88       0x40 src\LinkedList.o
                0x08003c88                freeLinkedList
 .text.Delayms  0x08003cc8       0x58 src\main.o
 .text.setup    0x08003d20       0x20 src\main.o
                0x08003d20                setup
 .text.main     0x08003d40      0x32c src\main.o
                0x08003d40                main
 .text.EVAL_AUDIO_TransferComplete_CallBack
                0x0800406c       0x14 src\main.o
                0x0800406c                EVAL_AUDIO_TransferComplete_CallBack
 .text.EVAL_AUDIO_GetSampleCallBack
                0x08004080       0x10 src\main.o
                0x08004080                EVAL_AUDIO_GetSampleCallBack
 .text.__libc_init_array
                0x08004090       0x4c c:/program files (x86)/atollic/truestudio for arm 7.0.1/armtools/bin/../lib/gcc/arm-atollic-eabi/5.3.1/../../../../arm-atollic-eabi/lib/armv7e-m\libc_nano.a(lib_a-init.o)
                0x08004090                __libc_init_array
 .text.malloc   0x080040dc       0x10 c:/program files (x86)/atollic/truestudio for arm 7.0.1/armtools/bin/../lib/gcc/arm-atollic-eabi/5.3.1/../../../../arm-atollic-eabi/lib/armv7e-m\libc_nano.a(lib_a-malloc.o)
                0x080040dc                malloc
 .text.free     0x080040ec       0x10 c:/program files (x86)/atollic/truestudio for arm 7.0.1/armtools/bin/../lib/gcc/arm-atollic-eabi/5.3.1/../../../../arm-atollic-eabi/lib/armv7e-m\libc_nano.a(lib_a-malloc.o)
                0x080040ec                free
 .text._free_r  0x080040fc       0x9c c:/program files (x86)/atollic/truestudio for arm 7.0.1/armtools/bin/../lib/gcc/arm-atollic-eabi/5.3.1/../../../../arm-atollic-eabi/lib/armv7e-m\libc_nano.a(lib_a-nano-freer.o)
                0x080040fc                _free_r
 .text._malloc_r
                0x08004198       0xbc c:/program files (x86)/atollic/truestudio for arm 7.0.1/armtools/bin/../lib/gcc/arm-atollic-eabi/5.3.1/../../../../arm-atollic-eabi/lib/armv7e-m\libc_nano.a(lib_a-nano-mallocr.o)
                0x08004198                _malloc_r
 .text._sbrk_r  0x08004254       0x20 c:/program files (x86)/atollic/truestudio for arm 7.0.1/armtools/bin/../lib/gcc/arm-atollic-eabi/5.3.1/../../../../arm-atollic-eabi/lib/armv7e-m\libc_nano.a(lib_a-sbrkr.o)
                0x08004254                _sbrk_r
 .text.__malloc_lock
                0x08004274        0x2 c:/program files (x86)/atollic/truestudio for arm 7.0.1/armtools/bin/../lib/gcc/arm-atollic-eabi/5.3.1/../../../../arm-atollic-eabi/lib/armv7e-m\libc_nano.a(lib_a-mlock.o)
                0x08004274                __malloc_lock
 .text.__malloc_unlock
                0x08004276        0x2 c:/program files (x86)/atollic/truestudio for arm 7.0.1/armtools/bin/../lib/gcc/arm-atollic-eabi/5.3.1/../../../../arm-atollic-eabi/lib/armv7e-m\libc_nano.a(lib_a-mlock.o)
                0x08004276                __malloc_unlock
 .text.pow      0x08004278      0x2cc c:/program files (x86)/atollic/truestudio for arm 7.0.1/armtools/bin/../lib/gcc/arm-atollic-eabi/5.3.1/../../../../arm-atollic-eabi/lib/armv7e-m\libm.a(lib_a-w_pow.o)
                0x08004278                pow
 .text.sqrt     0x08004544       0xb0 c:/program files (x86)/atollic/truestudio for arm 7.0.1/armtools/bin/../lib/gcc/arm-atollic-eabi/5.3.1/../../../../arm-atollic-eabi/lib/armv7e-m\libm.a(lib_a-w_sqrt.o)
                0x08004544                sqrt
 *fill*         0x080045f4        0x4 
 .text.__ieee754_pow
                0x080045f8      0x9e8 c:/program files (x86)/atollic/truestudio for arm 7.0.1/armtools/bin/../lib/gcc/arm-atollic-eabi/5.3.1/../../../../arm-atollic-eabi/lib/armv7e-m\libm.a(lib_a-e_pow.o)
                0x080045f8                __ieee754_pow
 .text.__ieee754_sqrt
                0x08004fe0      0x154 c:/program files (x86)/atollic/truestudio for arm 7.0.1/armtools/bin/../lib/gcc/arm-atollic-eabi/5.3.1/../../../../arm-atollic-eabi/lib/armv7e-m\libm.a(lib_a-e_sqrt.o)
                0x08004fe0                __ieee754_sqrt
 .text.fabs     0x08005134        0x6 c:/program files (x86)/atollic/truestudio for arm 7.0.1/armtools/bin/../lib/gcc/arm-atollic-eabi/5.3.1/../../../../arm-atollic-eabi/lib/armv7e-m\libm.a(lib_a-s_fabs.o)
                0x08005134                fabs
 .text.finite   0x0800513a        0xc c:/program files (x86)/atollic/truestudio for arm 7.0.1/armtools/bin/../lib/gcc/arm-atollic-eabi/5.3.1/../../../../arm-atollic-eabi/lib/armv7e-m\libm.a(lib_a-s_finite.o)
                0x0800513a                finite
 .text.matherr  0x08005146        0x4 c:/program files (x86)/atollic/truestudio for arm 7.0.1/armtools/bin/../lib/gcc/arm-atollic-eabi/5.3.1/../../../../arm-atollic-eabi/lib/armv7e-m\libm.a(lib_a-s_matherr.o)
                0x08005146                matherr
 *fill*         0x0800514a        0x2 
 .text.nan      0x0800514c        0xc c:/program files (x86)/atollic/truestudio for arm 7.0.1/armtools/bin/../lib/gcc/arm-atollic-eabi/5.3.1/../../../../arm-atollic-eabi/lib/armv7e-m\libm.a(lib_a-s_nan.o)
                0x0800514c                nan
 .text.rint     0x08005158      0x118 c:/program files (x86)/atollic/truestudio for arm 7.0.1/armtools/bin/../lib/gcc/arm-atollic-eabi/5.3.1/../../../../arm-atollic-eabi/lib/armv7e-m\libm.a(lib_a-s_rint.o)
                0x08005158                rint
 .text.scalbn   0x08005270       0xdc c:/program files (x86)/atollic/truestudio for arm 7.0.1/armtools/bin/../lib/gcc/arm-atollic-eabi/5.3.1/../../../../arm-atollic-eabi/lib/armv7e-m\libm.a(lib_a-s_scalbn.o)
                0x08005270                scalbn
 .text.copysign
                0x0800534c        0xe c:/program files (x86)/atollic/truestudio for arm 7.0.1/armtools/bin/../lib/gcc/arm-atollic-eabi/5.3.1/../../../../arm-atollic-eabi/lib/armv7e-m\libm.a(lib_a-s_copysign.o)
                0x0800534c                copysign
 *fill*         0x0800535a        0x2 
 .text.__errno  0x0800535c        0xc c:/program files (x86)/atollic/truestudio for arm 7.0.1/armtools/bin/../lib/gcc/arm-atollic-eabi/5.3.1/../../../../arm-atollic-eabi/lib/armv7e-m\libc_nano.a(lib_a-errno.o)
                0x0800535c                __errno
 *(.glue_7)
 .glue_7        0x08005368        0x0 linker stubs
 *(.glue_7t)
 .glue_7t       0x08005368        0x0 linker stubs
 *(.eh_frame)
 .eh_frame      0x08005368        0x0 c:/program files (x86)/atollic/truestudio for arm 7.0.1/armtools/bin/../lib/gcc/arm-atollic-eabi/5.3.1/armv7e-m/crtbegin.o
 *(.init)
 .init          0x08005368        0x4 c:/program files (x86)/atollic/truestudio for arm 7.0.1/armtools/bin/../lib/gcc/arm-atollic-eabi/5.3.1/armv7e-m/crti.o
                0x08005368                _init
 .init          0x0800536c        0x8 c:/program files (x86)/atollic/truestudio for arm 7.0.1/armtools/bin/../lib/gcc/arm-atollic-eabi/5.3.1/armv7e-m/crtn.o
 *(.fini)
 .fini          0x08005374        0x4 c:/program files (x86)/atollic/truestudio for arm 7.0.1/armtools/bin/../lib/gcc/arm-atollic-eabi/5.3.1/armv7e-m/crti.o
                0x08005374                _fini
 .fini          0x08005378        0x8 c:/program files (x86)/atollic/truestudio for arm 7.0.1/armtools/bin/../lib/gcc/arm-atollic-eabi/5.3.1/armv7e-m/crtn.o
                0x08005380                . = ALIGN (0x4)
                0x08005380                _etext = .

.vfp11_veneer   0x08005380        0x0
 .vfp11_veneer  0x08005380        0x0 linker stubs

.v4_bx          0x08005380        0x0
 .v4_bx         0x08005380        0x0 linker stubs

.iplt           0x08005380        0x0
 .iplt          0x08005380        0x0 c:/program files (x86)/atollic/truestudio for arm 7.0.1/armtools/bin/../lib/gcc/arm-atollic-eabi/5.3.1/armv7e-m/crtbegin.o

.rodata         0x08005380      0x100
                0x08005380                . = ALIGN (0x4)
 *(.rodata)
 .rodata        0x08005380       0x40 src\DTW.o
 .rodata        0x080053c0        0xe src\main.o
 *(.rodata*)
 *fill*         0x080053ce        0x2 
 .rodata.__sf_fake_stdin
                0x080053d0       0x20 c:/program files (x86)/atollic/truestudio for arm 7.0.1/armtools/bin/../lib/gcc/arm-atollic-eabi/5.3.1/../../../../arm-atollic-eabi/lib/armv7e-m\libc_nano.a(lib_a-findfp.o)
                0x080053d0                __sf_fake_stdin
 .rodata.__sf_fake_stdout
                0x080053f0       0x20 c:/program files (x86)/atollic/truestudio for arm 7.0.1/armtools/bin/../lib/gcc/arm-atollic-eabi/5.3.1/../../../../arm-atollic-eabi/lib/armv7e-m\libc_nano.a(lib_a-findfp.o)
                0x080053f0                __sf_fake_stdout
 .rodata.__sf_fake_stderr
                0x08005410       0x20 c:/program files (x86)/atollic/truestudio for arm 7.0.1/armtools/bin/../lib/gcc/arm-atollic-eabi/5.3.1/../../../../arm-atollic-eabi/lib/armv7e-m\libc_nano.a(lib_a-findfp.o)
                0x08005410                __sf_fake_stderr
 .rodata.str1.1
                0x08005430        0x2 c:/program files (x86)/atollic/truestudio for arm 7.0.1/armtools/bin/../lib/gcc/arm-atollic-eabi/5.3.1/../../../../arm-atollic-eabi/lib/armv7e-m\libc_nano.a(lib_a-impure.o)
 .rodata.str1.1
                0x08005432        0x4 c:/program files (x86)/atollic/truestudio for arm 7.0.1/armtools/bin/../lib/gcc/arm-atollic-eabi/5.3.1/../../../../arm-atollic-eabi/lib/armv7e-m\libm.a(lib_a-w_pow.o)
 .rodata.str1.1
                0x08005436        0x5 c:/program files (x86)/atollic/truestudio for arm 7.0.1/armtools/bin/../lib/gcc/arm-atollic-eabi/5.3.1/../../../../arm-atollic-eabi/lib/armv7e-m\libm.a(lib_a-w_sqrt.o)
 *fill*         0x0800543b        0x5 
 .rodata.dp_h   0x08005440       0x10 c:/program files (x86)/atollic/truestudio for arm 7.0.1/armtools/bin/../lib/gcc/arm-atollic-eabi/5.3.1/../../../../arm-atollic-eabi/lib/armv7e-m\libm.a(lib_a-e_pow.o)
 .rodata.dp_l   0x08005450       0x10 c:/program files (x86)/atollic/truestudio for arm 7.0.1/armtools/bin/../lib/gcc/arm-atollic-eabi/5.3.1/../../../../arm-atollic-eabi/lib/armv7e-m\libm.a(lib_a-e_pow.o)
 .rodata.str1.1
                0x08005460        0x5 c:/program files (x86)/atollic/truestudio for arm 7.0.1/armtools/bin/../lib/gcc/arm-atollic-eabi/5.3.1/../../../../arm-atollic-eabi/lib/armv7e-m\libm.a(lib_a-e_pow.o)
                                  0x1 (size before relaxing)
 .rodata.bp     0x08005460       0x10 c:/program files (x86)/atollic/truestudio for arm 7.0.1/armtools/bin/../lib/gcc/arm-atollic-eabi/5.3.1/../../../../arm-atollic-eabi/lib/armv7e-m\libm.a(lib_a-e_pow.o)
 .rodata.TWO52  0x08005470       0x10 c:/program files (x86)/atollic/truestudio for arm 7.0.1/armtools/bin/../lib/gcc/arm-atollic-eabi/5.3.1/../../../../arm-atollic-eabi/lib/armv7e-m\libm.a(lib_a-s_rint.o)
                0x08005480                . = ALIGN (0x4)

.rel.dyn        0x08005480        0x0
 .rel.iplt      0x08005480        0x0 c:/program files (x86)/atollic/truestudio for arm 7.0.1/armtools/bin/../lib/gcc/arm-atollic-eabi/5.3.1/armv7e-m/crtbegin.o

.ARM.extab
 *(.ARM.extab* .gnu.linkonce.armextab.*)

.ARM            0x08005480        0x0
                0x08005480                __exidx_start = .
 *(.ARM.exidx*)
                0x08005480                __exidx_end = .

.preinit_array  0x08005480        0x0
                0x08005480                PROVIDE (__preinit_array_start, .)
 *(.preinit_array*)
                0x08005480                PROVIDE (__preinit_array_end, .)

.init_array     0x08005480        0x4
                0x08005480                PROVIDE (__init_array_start, .)
 *(SORT(.init_array.*))
 *(.init_array*)
 .init_array    0x08005480        0x4 c:/program files (x86)/atollic/truestudio for arm 7.0.1/armtools/bin/../lib/gcc/arm-atollic-eabi/5.3.1/armv7e-m/crtbegin.o
                0x08005484                PROVIDE (__init_array_end, .)

.fini_array     0x08005484        0x4
                [!provide]                PROVIDE (__fini_array_start, .)
 *(SORT(.fini_array.*))
 *(.fini_array*)
 .fini_array    0x08005484        0x4 c:/program files (x86)/atollic/truestudio for arm 7.0.1/armtools/bin/../lib/gcc/arm-atollic-eabi/5.3.1/armv7e-m/crtbegin.o
                [!provide]                PROVIDE (__fini_array_end, .)
                0x08005488                _sidata = LOADADDR (.data)

.data           0x20000000      0x704 load address 0x08005488
                0x20000000                . = ALIGN (0x4)
                0x20000000                _sdata = .
 *(.data)
 *(.data*)
 .data.APBAHBPrescTable
                0x20000000       0x10 Libraries\STM32F4xx_StdPeriph_Driver\src\stm32f4xx_rcc.o
 .data.AudioRemSize
                0x20000010        0x4 Utilities\STM32F4-Discovery\stm32f4_discovery_audio_codec.o
                0x20000010                AudioRemSize
 .data.CurrAudioInterface
                0x20000014        0x4 Utilities\STM32F4-Discovery\stm32f4_discovery_audio_codec.o
                0x20000014                CurrAudioInterface
 .data.AUDIO_MAL_DMA_STREAM
                0x20000018        0x4 Utilities\STM32F4-Discovery\stm32f4_discovery_audio_codec.o
                0x20000018                AUDIO_MAL_DMA_STREAM
 .data.AUDIO_MAL_DMA_FLAG_TC
                0x2000001c        0x4 Utilities\STM32F4-Discovery\stm32f4_discovery_audio_codec.o
                0x2000001c                AUDIO_MAL_DMA_FLAG_TC
 .data.SystemCoreClock
                0x20000020        0x4 other\system_stm32f4xx.o
                0x20000020                SystemCoreClock
 .data.doorOpenX
                0x20000024       0x74 src\DTW.o
                0x20000024                doorOpenX
 .data.doorOpenY
                0x20000098       0x74 src\DTW.o
                0x20000098                doorOpenY
 .data.doorOpenZ
                0x2000010c       0x74 src\DTW.o
                0x2000010c                doorOpenZ
 .data.doorCloseX
                0x20000180       0xac src\DTW.o
                0x20000180                doorCloseX
 .data.doorCloseY
                0x2000022c       0xac src\DTW.o
                0x2000022c                doorCloseY
 .data.doorCloseZ
                0x200002d8       0xac src\DTW.o
                0x200002d8                doorCloseZ
 .data.lightUpX
                0x20000384       0x6c src\DTW.o
                0x20000384                lightUpX
 .data.lightUpY
                0x200003f0       0x6c src\DTW.o
                0x200003f0                lightUpY
 .data.lightUpZ
                0x2000045c       0x6c src\DTW.o
                0x2000045c                lightUpZ
 .data.lightDownX
                0x200004c8       0x9c src\DTW.o
                0x200004c8                lightDownX
 .data.lightDownY
                0x20000564       0x9c src\DTW.o
                0x20000564                lightDownY
 .data.lightDownZ
                0x20000600       0x9c src\DTW.o
                0x20000600                lightDownZ
 .data.impure_data
                0x2000069c       0x60 c:/program files (x86)/atollic/truestudio for arm 7.0.1/armtools/bin/../lib/gcc/arm-atollic-eabi/5.3.1/../../../../arm-atollic-eabi/lib/armv7e-m\libc_nano.a(lib_a-impure.o)
 .data._impure_ptr
                0x200006fc        0x4 c:/program files (x86)/atollic/truestudio for arm 7.0.1/armtools/bin/../lib/gcc/arm-atollic-eabi/5.3.1/../../../../arm-atollic-eabi/lib/armv7e-m\libc_nano.a(lib_a-impure.o)
                0x200006fc                _impure_ptr
 .data.__fdlib_version
                0x20000700        0x1 c:/program files (x86)/atollic/truestudio for arm 7.0.1/armtools/bin/../lib/gcc/arm-atollic-eabi/5.3.1/../../../../arm-atollic-eabi/lib/armv7e-m\libm.a(lib_a-s_lib_ver.o)
                0x20000700                __fdlib_version
                0x20000704                . = ALIGN (0x4)
 *fill*         0x20000701        0x3 
                0x20000704                _edata = .
                0x08005b8c                _siccmram = LOADADDR (.ccmram)

.igot.plt       0x20000704        0x0 load address 0x08005b8c
 .igot.plt      0x20000704        0x0 c:/program files (x86)/atollic/truestudio for arm 7.0.1/armtools/bin/../lib/gcc/arm-atollic-eabi/5.3.1/armv7e-m/crtbegin.o

.ccmram         0x10000000        0x0 load address 0x08005b8c
                0x10000000                . = ALIGN (0x4)
                0x10000000                _sccmram = .
 *(.ccmram)
 *(.ccmram*)
                0x10000000                . = ALIGN (0x4)
                0x10000000                _eccmram = .
                0x10000000                . = ALIGN (0x4)

.bss            0x20000704      0x100
                0x20000704                _sbss = .
                0x20000704                __bss_start__ = _sbss
 *(.bss)
 .bss           0x20000704       0x1c c:/program files (x86)/atollic/truestudio for arm 7.0.1/armtools/bin/../lib/gcc/arm-atollic-eabi/5.3.1/armv7e-m/crtbegin.o
 *(.bss*)
 .bss.cnt.7587  0x20000720        0x1 inc\serial.o
 *fill*         0x20000721        0x3 
 .bss.TM_Time   0x20000724        0x4 inc\tm_stm32f4_delay.o
                0x20000724                TM_Time
 .bss.TM_Time2  0x20000728        0x4 inc\tm_stm32f4_delay.o
                0x20000728                TM_Time2
 .bss.TM_DELAY_Initialized
                0x2000072c        0x1 inc\tm_stm32f4_delay.o
                0x2000072c                TM_DELAY_Initialized
 *fill*         0x2000072d        0x3 
 .bss.CustomTimers
                0x20000730       0x18 inc\tm_stm32f4_delay.o
 .bss.GPIO_UsedPins
                0x20000748       0x16 inc\tm_stm32f4_gpio.o
 .bss.TM_LIS302DL_LIS3DSH_INT_Device
                0x2000075e        0x1 inc\tm_stm32f4_lis302dl_lis3dsh.o
                0x2000075e                TM_LIS302DL_LIS3DSH_INT_Device
 .bss.initialized.7789
                0x2000075f        0x1 inc\tm_stm32f4_lis302dl_lis3dsh.o
 .bss.heap_end.5899
                0x20000760        0x4 other\syscalls.o
 .bss.__malloc_sbrk_start
                0x20000764        0x4 c:/program files (x86)/atollic/truestudio for arm 7.0.1/armtools/bin/../lib/gcc/arm-atollic-eabi/5.3.1/../../../../arm-atollic-eabi/lib/armv7e-m\libc_nano.a(lib_a-nano-mallocr.o)
                0x20000764                __malloc_sbrk_start
 .bss.__malloc_free_list
                0x20000768        0x4 c:/program files (x86)/atollic/truestudio for arm 7.0.1/armtools/bin/../lib/gcc/arm-atollic-eabi/5.3.1/../../../../arm-atollic-eabi/lib/armv7e-m\libc_nano.a(lib_a-nano-mallocr.o)
                0x20000768                __malloc_free_list
 *(COMMON)
 COMMON         0x2000076c       0x7c Utilities\STM32F4-Discovery\stm32f4_discovery_audio_codec.o
                0x2000076c                CurrentPos
                0x20000770                AUDIO_MAL_DMA_InitStructure
                0x200007ac                DMA_InitStructure
 COMMON         0x200007e8        0xd inc\serial.o
                0x200007e8                received_string
 *fill*         0x200007f5        0x3 
 COMMON         0x200007f8        0x4 inc\tm_stm32f4_delay.o
                0x200007f8                mult
 COMMON         0x200007fc        0x4 inc\tm_stm32f4_lis302dl_lis3dsh.o
                0x200007fc                TM_LIS3DSH_INT_Sensitivity
 COMMON         0x20000800        0x4 c:/program files (x86)/atollic/truestudio for arm 7.0.1/armtools/bin/../lib/gcc/arm-atollic-eabi/5.3.1/../../../../arm-atollic-eabi/lib/armv7e-m\libc_nano.a(lib_a-reent.o)
                0x20000800                errno
                0x20000804                . = ALIGN (0x4)
                0x20000804                _ebss = .
                0x20000804                __bss_end__ = _ebss

._user_heap_stack
                0x20000804     0x5400
                0x20000804                . = ALIGN (0x4)
                0x20000804                PROVIDE (end, .)
                [!provide]                PROVIDE (_end, .)
                0x20005804                . = (. + _Min_Heap_Size)
 *fill*         0x20000804     0x5000 
                0x20005c04                . = (. + _Min_Stack_Size)
 *fill*         0x20005804      0x400 
                0x20005c04                . = ALIGN (0x4)

.memory_b1_text
 *(.mb1text)
 *(.mb1text*)
 *(.mb1rodata)
 *(.mb1rodata*)

/DISCARD/
 libc.a(*)
 libm.a(*)
 libgcc.a(*)

.ARM.attributes
                0x00000000       0x2a
 *(.ARM.attributes)
 .ARM.attributes
                0x00000000       0x1e c:/program files (x86)/atollic/truestudio for arm 7.0.1/armtools/bin/../lib/gcc/arm-atollic-eabi/5.3.1/armv7e-m/crti.o
 .ARM.attributes
                0x0000001e       0x2e c:/program files (x86)/atollic/truestudio for arm 7.0.1/armtools/bin/../lib/gcc/arm-atollic-eabi/5.3.1/armv7e-m/crtbegin.o
 .ARM.attributes
                0x0000004c       0x33 Libraries\STM32F4xx_StdPeriph_Driver\src\misc.o
 .ARM.attributes
                0x0000007f       0x33 Libraries\STM32F4xx_StdPeriph_Driver\src\stm32f4xx_dac.o
 .ARM.attributes
                0x000000b2       0x33 Libraries\STM32F4xx_StdPeriph_Driver\src\stm32f4xx_dma.o
 .ARM.attributes
                0x000000e5       0x33 Libraries\STM32F4xx_StdPeriph_Driver\src\stm32f4xx_gpio.o
 .ARM.attributes
                0x00000118       0x33 Libraries\STM32F4xx_StdPeriph_Driver\src\stm32f4xx_rcc.o
 .ARM.attributes
                0x0000014b       0x33 Libraries\STM32F4xx_StdPeriph_Driver\src\stm32f4xx_spi.o
 .ARM.attributes
                0x0000017e       0x33 Libraries\STM32F4xx_StdPeriph_Driver\src\stm32f4xx_usart.o
 .ARM.attributes
                0x000001b1       0x33 Utilities\STM32F4-Discovery\stm32f4_discovery_audio_codec.o
 .ARM.attributes
                0x000001e4       0x33 inc\serial.o
 .ARM.attributes
                0x00000217       0x33 inc\tm_stm32f4_delay.o
 .ARM.attributes
                0x0000024a       0x33 inc\tm_stm32f4_disco.o
 .ARM.attributes
                0x0000027d       0x33 inc\tm_stm32f4_gpio.o
 .ARM.attributes
                0x000002b0       0x33 inc\tm_stm32f4_lis302dl_lis3dsh.o
 .ARM.attributes
                0x000002e3       0x33 inc\tm_stm32f4_spi.o
 .ARM.attributes
                0x00000316       0x21 other\startup_stm32f40xx.o
 .ARM.attributes
                0x00000337       0x33 other\syscalls.o
 .ARM.attributes
                0x0000036a       0x33 other\system_stm32f4xx.o
 .ARM.attributes
                0x0000039d       0x33 src\DTW.o
 .ARM.attributes
                0x000003d0       0x33 src\LinkedList.o
 .ARM.attributes
                0x00000403       0x33 src\main.o
 .ARM.attributes
                0x00000436       0x2e c:/program files (x86)/atollic/truestudio for arm 7.0.1/armtools/bin/../lib/gcc/arm-atollic-eabi/5.3.1/../../../../arm-atollic-eabi/lib/armv7e-m\libc_nano.a(lib_a-init.o)
 .ARM.attributes
                0x00000464       0x2e c:/program files (x86)/atollic/truestudio for arm 7.0.1/armtools/bin/../lib/gcc/arm-atollic-eabi/5.3.1/../../../../arm-atollic-eabi/lib/armv7e-m\libc_nano.a(lib_a-malloc.o)
 .ARM.attributes
                0x00000492       0x2e c:/program files (x86)/atollic/truestudio for arm 7.0.1/armtools/bin/../lib/gcc/arm-atollic-eabi/5.3.1/../../../../arm-atollic-eabi/lib/armv7e-m\libc_nano.a(lib_a-nano-freer.o)
 .ARM.attributes
                0x000004c0       0x2e c:/program files (x86)/atollic/truestudio for arm 7.0.1/armtools/bin/../lib/gcc/arm-atollic-eabi/5.3.1/../../../../arm-atollic-eabi/lib/armv7e-m\libc_nano.a(lib_a-nano-mallocr.o)
 .ARM.attributes
                0x000004ee       0x2e c:/program files (x86)/atollic/truestudio for arm 7.0.1/armtools/bin/../lib/gcc/arm-atollic-eabi/5.3.1/../../../../arm-atollic-eabi/lib/armv7e-m\libc_nano.a(lib_a-reent.o)
 .ARM.attributes
                0x0000051c       0x2e c:/program files (x86)/atollic/truestudio for arm 7.0.1/armtools/bin/../lib/gcc/arm-atollic-eabi/5.3.1/../../../../arm-atollic-eabi/lib/armv7e-m\libc_nano.a(lib_a-sbrkr.o)
 .ARM.attributes
                0x0000054a       0x2e c:/program files (x86)/atollic/truestudio for arm 7.0.1/armtools/bin/../lib/gcc/arm-atollic-eabi/5.3.1/../../../../arm-atollic-eabi/lib/armv7e-m\libc_nano.a(lib_a-findfp.o)
 .ARM.attributes
                0x00000578       0x2e c:/program files (x86)/atollic/truestudio for arm 7.0.1/armtools/bin/../lib/gcc/arm-atollic-eabi/5.3.1/../../../../arm-atollic-eabi/lib/armv7e-m\libc_nano.a(lib_a-impure.o)
 .ARM.attributes
                0x000005a6       0x2e c:/program files (x86)/atollic/truestudio for arm 7.0.1/armtools/bin/../lib/gcc/arm-atollic-eabi/5.3.1/../../../../arm-atollic-eabi/lib/armv7e-m\libc_nano.a(lib_a-mlock.o)
 .ARM.attributes
                0x000005d4       0x2e c:/program files (x86)/atollic/truestudio for arm 7.0.1/armtools/bin/../lib/gcc/arm-atollic-eabi/5.3.1/../../../../arm-atollic-eabi/lib/armv7e-m\libm.a(lib_a-w_pow.o)
 .ARM.attributes
                0x00000602       0x2e c:/program files (x86)/atollic/truestudio for arm 7.0.1/armtools/bin/../lib/gcc/arm-atollic-eabi/5.3.1/../../../../arm-atollic-eabi/lib/armv7e-m\libm.a(lib_a-w_sqrt.o)
 .ARM.attributes
                0x00000630       0x2e c:/program files (x86)/atollic/truestudio for arm 7.0.1/armtools/bin/../lib/gcc/arm-atollic-eabi/5.3.1/../../../../arm-atollic-eabi/lib/armv7e-m\libm.a(lib_a-e_pow.o)
 .ARM.attributes
                0x0000065e       0x2e c:/program files (x86)/atollic/truestudio for arm 7.0.1/armtools/bin/../lib/gcc/arm-atollic-eabi/5.3.1/../../../../arm-atollic-eabi/lib/armv7e-m\libm.a(lib_a-e_sqrt.o)
 .ARM.attributes
                0x0000068c       0x2e c:/program files (x86)/atollic/truestudio for arm 7.0.1/armtools/bin/../lib/gcc/arm-atollic-eabi/5.3.1/../../../../arm-atollic-eabi/lib/armv7e-m\libm.a(lib_a-s_fabs.o)
 .ARM.attributes
                0x000006ba       0x2e c:/program files (x86)/atollic/truestudio for arm 7.0.1/armtools/bin/../lib/gcc/arm-atollic-eabi/5.3.1/../../../../arm-atollic-eabi/lib/armv7e-m\libm.a(lib_a-s_finite.o)
 .ARM.attributes
                0x000006e8       0x2e c:/program files (x86)/atollic/truestudio for arm 7.0.1/armtools/bin/../lib/gcc/arm-atollic-eabi/5.3.1/../../../../arm-atollic-eabi/lib/armv7e-m\libm.a(lib_a-s_lib_ver.o)
 .ARM.attributes
                0x00000716       0x2e c:/program files (x86)/atollic/truestudio for arm 7.0.1/armtools/bin/../lib/gcc/arm-atollic-eabi/5.3.1/../../../../arm-atollic-eabi/lib/armv7e-m\libm.a(lib_a-s_matherr.o)
 .ARM.attributes
                0x00000744       0x2e c:/program files (x86)/atollic/truestudio for arm 7.0.1/armtools/bin/../lib/gcc/arm-atollic-eabi/5.3.1/../../../../arm-atollic-eabi/lib/armv7e-m\libm.a(lib_a-s_nan.o)
 .ARM.attributes
                0x00000772       0x2e c:/program files (x86)/atollic/truestudio for arm 7.0.1/armtools/bin/../lib/gcc/arm-atollic-eabi/5.3.1/../../../../arm-atollic-eabi/lib/armv7e-m\libm.a(lib_a-s_rint.o)
 .ARM.attributes
                0x000007a0       0x2e c:/program files (x86)/atollic/truestudio for arm 7.0.1/armtools/bin/../lib/gcc/arm-atollic-eabi/5.3.1/../../../../arm-atollic-eabi/lib/armv7e-m\libm.a(lib_a-s_scalbn.o)
 .ARM.attributes
                0x000007ce       0x2e c:/program files (x86)/atollic/truestudio for arm 7.0.1/armtools/bin/../lib/gcc/arm-atollic-eabi/5.3.1/../../../../arm-atollic-eabi/lib/armv7e-m\libm.a(lib_a-s_copysign.o)
 .ARM.attributes
                0x000007fc       0x2e c:/program files (x86)/atollic/truestudio for arm 7.0.1/armtools/bin/../lib/gcc/arm-atollic-eabi/5.3.1/../../../../arm-atollic-eabi/lib/armv7e-m\libc_nano.a(lib_a-errno.o)
 .ARM.attributes
                0x0000082a       0x1e c:/program files (x86)/atollic/truestudio for arm 7.0.1/armtools/bin/../lib/gcc/arm-atollic-eabi/5.3.1/armv7e-m\libgcc.a(_arm_addsubdf3.o)
 .ARM.attributes
                0x00000848       0x1e c:/program files (x86)/atollic/truestudio for arm 7.0.1/armtools/bin/../lib/gcc/arm-atollic-eabi/5.3.1/armv7e-m\libgcc.a(_arm_muldivdf3.o)
 .ARM.attributes
                0x00000866       0x1e c:/program files (x86)/atollic/truestudio for arm 7.0.1/armtools/bin/../lib/gcc/arm-atollic-eabi/5.3.1/armv7e-m\libgcc.a(_arm_cmpdf2.o)
 .ARM.attributes
                0x00000884       0x1e c:/program files (x86)/atollic/truestudio for arm 7.0.1/armtools/bin/../lib/gcc/arm-atollic-eabi/5.3.1/armv7e-m\libgcc.a(_arm_unorddf2.o)
 .ARM.attributes
                0x000008a2       0x1e c:/program files (x86)/atollic/truestudio for arm 7.0.1/armtools/bin/../lib/gcc/arm-atollic-eabi/5.3.1/armv7e-m\libgcc.a(_arm_truncdfsf2.o)
 .ARM.attributes
                0x000008c0       0x1e c:/program files (x86)/atollic/truestudio for arm 7.0.1/armtools/bin/../lib/gcc/arm-atollic-eabi/5.3.1/armv7e-m\libgcc.a(_arm_addsubsf3.o)
 .ARM.attributes
                0x000008de       0x1e c:/program files (x86)/atollic/truestudio for arm 7.0.1/armtools/bin/../lib/gcc/arm-atollic-eabi/5.3.1/armv7e-m\libgcc.a(_arm_muldivsf3.o)
 .ARM.attributes
                0x000008fc       0x1e c:/program files (x86)/atollic/truestudio for arm 7.0.1/armtools/bin/../lib/gcc/arm-atollic-eabi/5.3.1/armv7e-m\libgcc.a(_arm_cmpsf2.o)
 .ARM.attributes
                0x0000091a       0x1e c:/program files (x86)/atollic/truestudio for arm 7.0.1/armtools/bin/../lib/gcc/arm-atollic-eabi/5.3.1/armv7e-m\libgcc.a(_arm_fixsfsi.o)
 .ARM.attributes
                0x00000938       0x1e c:/program files (x86)/atollic/truestudio for arm 7.0.1/armtools/bin/../lib/gcc/arm-atollic-eabi/5.3.1/armv7e-m/crtn.o
OUTPUT(xForce.elf elf32-littlearm)

.debug_info     0x00000000     0x98a1
 .debug_info    0x00000000      0x55a Libraries\STM32F4xx_StdPeriph_Driver\src\misc.o
 .debug_info    0x0000055a      0x649 Libraries\STM32F4xx_StdPeriph_Driver\src\stm32f4xx_dac.o
 .debug_info    0x00000ba3      0x745 Libraries\STM32F4xx_StdPeriph_Driver\src\stm32f4xx_dma.o
 .debug_info    0x000012e8      0x621 Libraries\STM32F4xx_StdPeriph_Driver\src\stm32f4xx_gpio.o
 .debug_info    0x00001909      0xc8d Libraries\STM32F4xx_StdPeriph_Driver\src\stm32f4xx_rcc.o
 .debug_info    0x00002596      0xb13 Libraries\STM32F4xx_StdPeriph_Driver\src\stm32f4xx_spi.o
 .debug_info    0x000030a9      0x9ce Libraries\STM32F4xx_StdPeriph_Driver\src\stm32f4xx_usart.o
 .debug_info    0x00003a77     0x109e Utilities\STM32F4-Discovery\stm32f4_discovery_audio_codec.o
 .debug_info    0x00004b15      0x743 inc\serial.o
 .debug_info    0x00005258      0xa28 inc\tm_stm32f4_delay.o
 .debug_info    0x00005c80      0x277 inc\tm_stm32f4_disco.o
 .debug_info    0x00005ef7      0x841 inc\tm_stm32f4_gpio.o
 .debug_info    0x00006738      0x7e1 inc\tm_stm32f4_lis302dl_lis3dsh.o
 .debug_info    0x00006f19      0xb1b inc\tm_stm32f4_spi.o
 .debug_info    0x00007a34       0x65 other\startup_stm32f40xx.o
 .debug_info    0x00007a99      0x6d4 other\syscalls.o
 .debug_info    0x0000816d      0x5d6 other\system_stm32f4xx.o
 .debug_info    0x00008743      0x8e5 src\DTW.o
 .debug_info    0x00009028      0x1fe src\LinkedList.o
 .debug_info    0x00009226      0x67b src\main.o

.debug_abbrev   0x00000000     0x1dd9
 .debug_abbrev  0x00000000      0x149 Libraries\STM32F4xx_StdPeriph_Driver\src\misc.o
 .debug_abbrev  0x00000149      0x180 Libraries\STM32F4xx_StdPeriph_Driver\src\stm32f4xx_dac.o
 .debug_abbrev  0x000002c9      0x159 Libraries\STM32F4xx_StdPeriph_Driver\src\stm32f4xx_dma.o
 .debug_abbrev  0x00000422      0x1a9 Libraries\STM32F4xx_StdPeriph_Driver\src\stm32f4xx_gpio.o
 .debug_abbrev  0x000005cb      0x1e7 Libraries\STM32F4xx_StdPeriph_Driver\src\stm32f4xx_rcc.o
 .debug_abbrev  0x000007b2      0x16b Libraries\STM32F4xx_StdPeriph_Driver\src\stm32f4xx_spi.o
 .debug_abbrev  0x0000091d      0x159 Libraries\STM32F4xx_StdPeriph_Driver\src\stm32f4xx_usart.o
 .debug_abbrev  0x00000a76      0x267 Utilities\STM32F4-Discovery\stm32f4_discovery_audio_codec.o
 .debug_abbrev  0x00000cdd      0x16d inc\serial.o
 .debug_abbrev  0x00000e4a      0x2d1 inc\tm_stm32f4_delay.o
 .debug_abbrev  0x0000111b       0xf2 inc\tm_stm32f4_disco.o
 .debug_abbrev  0x0000120d      0x153 inc\tm_stm32f4_gpio.o
 .debug_abbrev  0x00001360      0x1c5 inc\tm_stm32f4_lis302dl_lis3dsh.o
 .debug_abbrev  0x00001525      0x1e8 inc\tm_stm32f4_spi.o
 .debug_abbrev  0x0000170d       0x12 other\startup_stm32f40xx.o
 .debug_abbrev  0x0000171f      0x151 other\syscalls.o
 .debug_abbrev  0x00001870      0x13a other\system_stm32f4xx.o
 .debug_abbrev  0x000019aa      0x101 src\DTW.o
 .debug_abbrev  0x00001aab       0xf1 src\LinkedList.o
 .debug_abbrev  0x00001b9c      0x23d src\main.o

.debug_aranges  0x00000000      0xb58
 .debug_aranges
                0x00000000       0x40 Libraries\STM32F4xx_StdPeriph_Driver\src\misc.o
 .debug_aranges
                0x00000040       0xa0 Libraries\STM32F4xx_StdPeriph_Driver\src\stm32f4xx_dac.o
 .debug_aranges
                0x000000e0       0xb0 Libraries\STM32F4xx_StdPeriph_Driver\src\stm32f4xx_dma.o
 .debug_aranges
                0x00000190       0x88 Libraries\STM32F4xx_StdPeriph_Driver\src\stm32f4xx_gpio.o
 .debug_aranges
                0x00000218      0x180 Libraries\STM32F4xx_StdPeriph_Driver\src\stm32f4xx_rcc.o
 .debug_aranges
                0x00000398       0xe0 Libraries\STM32F4xx_StdPeriph_Driver\src\stm32f4xx_spi.o
 .debug_aranges
                0x00000478      0x100 Libraries\STM32F4xx_StdPeriph_Driver\src\stm32f4xx_usart.o
 .debug_aranges
                0x00000578      0x130 Utilities\STM32F4-Discovery\stm32f4_discovery_audio_codec.o
 .debug_aranges
                0x000006a8       0x30 inc\serial.o
 .debug_aranges
                0x000006d8       0x80 inc\tm_stm32f4_delay.o
 .debug_aranges
                0x00000758       0x38 inc\tm_stm32f4_disco.o
 .debug_aranges
                0x00000790       0x98 inc\tm_stm32f4_gpio.o
 .debug_aranges
                0x00000828       0x78 inc\tm_stm32f4_lis302dl_lis3dsh.o
 .debug_aranges
                0x000008a0       0xb0 inc\tm_stm32f4_spi.o
 .debug_aranges
                0x00000950       0x28 other\startup_stm32f40xx.o
 .debug_aranges
                0x00000978       0xb0 other\syscalls.o
 .debug_aranges
                0x00000a28       0x30 other\system_stm32f4xx.o
 .debug_aranges
                0x00000a58       0x70 src\DTW.o
 .debug_aranges
                0x00000ac8       0x48 src\LinkedList.o
 .debug_aranges
                0x00000b10       0x48 src\main.o

.debug_ranges   0x00000000      0xa38
 .debug_ranges  0x00000000       0x30 Libraries\STM32F4xx_StdPeriph_Driver\src\misc.o
 .debug_ranges  0x00000030       0x90 Libraries\STM32F4xx_StdPeriph_Driver\src\stm32f4xx_dac.o
 .debug_ranges  0x000000c0       0xa0 Libraries\STM32F4xx_StdPeriph_Driver\src\stm32f4xx_dma.o
 .debug_ranges  0x00000160       0x78 Libraries\STM32F4xx_StdPeriph_Driver\src\stm32f4xx_gpio.o
 .debug_ranges  0x000001d8      0x170 Libraries\STM32F4xx_StdPeriph_Driver\src\stm32f4xx_rcc.o
 .debug_ranges  0x00000348       0xd0 Libraries\STM32F4xx_StdPeriph_Driver\src\stm32f4xx_spi.o
 .debug_ranges  0x00000418       0xf0 Libraries\STM32F4xx_StdPeriph_Driver\src\stm32f4xx_usart.o
 .debug_ranges  0x00000508      0x120 Utilities\STM32F4-Discovery\stm32f4_discovery_audio_codec.o
 .debug_ranges  0x00000628       0x38 inc\serial.o
 .debug_ranges  0x00000660       0x70 inc\tm_stm32f4_delay.o
 .debug_ranges  0x000006d0       0x28 inc\tm_stm32f4_disco.o
 .debug_ranges  0x000006f8       0x88 inc\tm_stm32f4_gpio.o
 .debug_ranges  0x00000780       0x68 inc\tm_stm32f4_lis302dl_lis3dsh.o
 .debug_ranges  0x000007e8       0xa0 inc\tm_stm32f4_spi.o
 .debug_ranges  0x00000888       0x20 other\startup_stm32f40xx.o
 .debug_ranges  0x000008a8       0xa0 other\syscalls.o
 .debug_ranges  0x00000948       0x20 other\system_stm32f4xx.o
 .debug_ranges  0x00000968       0x60 src\DTW.o
 .debug_ranges  0x000009c8       0x38 src\LinkedList.o
 .debug_ranges  0x00000a00       0x38 src\main.o

.debug_line     0x00000000     0x426f
 .debug_line    0x00000000      0x239 Libraries\STM32F4xx_StdPeriph_Driver\src\misc.o
 .debug_line    0x00000239      0x34d Libraries\STM32F4xx_StdPeriph_Driver\src\stm32f4xx_dac.o
 .debug_line    0x00000586      0x425 Libraries\STM32F4xx_StdPeriph_Driver\src\stm32f4xx_dma.o
 .debug_line    0x000009ab      0x35b Libraries\STM32F4xx_StdPeriph_Driver\src\stm32f4xx_gpio.o
 .debug_line    0x00000d06      0x5b3 Libraries\STM32F4xx_StdPeriph_Driver\src\stm32f4xx_rcc.o
 .debug_line    0x000012b9      0x46b Libraries\STM32F4xx_StdPeriph_Driver\src\stm32f4xx_spi.o
 .debug_line    0x00001724      0x4c5 Libraries\STM32F4xx_StdPeriph_Driver\src\stm32f4xx_usart.o
 .debug_line    0x00001be9      0x6c7 Utilities\STM32F4-Discovery\stm32f4_discovery_audio_codec.o
 .debug_line    0x000022b0      0x235 inc\serial.o
 .debug_line    0x000024e5      0x351 inc\tm_stm32f4_delay.o
 .debug_line    0x00002836      0x1dd inc\tm_stm32f4_disco.o
 .debug_line    0x00002a13      0x35c inc\tm_stm32f4_gpio.o
 .debug_line    0x00002d6f      0x3a0 inc\tm_stm32f4_lis302dl_lis3dsh.o
 .debug_line    0x0000310f      0x4ff inc\tm_stm32f4_spi.o
 .debug_line    0x0000360e       0x7c other\startup_stm32f40xx.o
 .debug_line    0x0000368a      0x2b5 other\syscalls.o
 .debug_line    0x0000393f      0x201 other\system_stm32f4xx.o
 .debug_line    0x00003b40      0x2f2 src\DTW.o
 .debug_line    0x00003e32       0xfc src\LinkedList.o
 .debug_line    0x00003f2e      0x341 src\main.o

.debug_str      0x00000000     0x3725
 .debug_str     0x00000000      0x3b2 Libraries\STM32F4xx_StdPeriph_Driver\src\misc.o
                                0x3ff (size before relaxing)
 .debug_str     0x000003b2      0x2a8 Libraries\STM32F4xx_StdPeriph_Driver\src\stm32f4xx_dac.o
                                0x484 (size before relaxing)
 .debug_str     0x0000065a      0x384 Libraries\STM32F4xx_StdPeriph_Driver\src\stm32f4xx_dma.o
                                0x573 (size before relaxing)
 .debug_str     0x000009de      0x287 Libraries\STM32F4xx_StdPeriph_Driver\src\stm32f4xx_gpio.o
                                0x4d4 (size before relaxing)
 .debug_str     0x00000c65      0x665 Libraries\STM32F4xx_StdPeriph_Driver\src\stm32f4xx_rcc.o
                                0x8aa (size before relaxing)
 .debug_str     0x000012ca      0x39e Libraries\STM32F4xx_StdPeriph_Driver\src\stm32f4xx_spi.o
                                0x6bb (size before relaxing)
 .debug_str     0x00001668      0x423 Libraries\STM32F4xx_StdPeriph_Driver\src\stm32f4xx_usart.o
                                0x6c0 (size before relaxing)
 .debug_str     0x00001a8b      0xa2d Utilities\STM32F4-Discovery\stm32f4_discovery_audio_codec.o
                               0x10a4 (size before relaxing)
 .debug_str     0x000024b8       0x52 inc\serial.o
                                0xa15 (size before relaxing)
 .debug_str     0x0000250a      0x227 inc\tm_stm32f4_delay.o
                                0x9e1 (size before relaxing)
 .debug_str     0x00002731      0x173 inc\tm_stm32f4_disco.o
                                0x34c (size before relaxing)
 .debug_str     0x000028a4      0x1b9 inc\tm_stm32f4_gpio.o
                                0x5be (size before relaxing)
 .debug_str     0x00002a5d      0x4b7 inc\tm_stm32f4_lis302dl_lis3dsh.o
                                0x8b4 (size before relaxing)
 .debug_str     0x00002f14      0x287 inc\tm_stm32f4_spi.o
                                0x7a5 (size before relaxing)
 .debug_str     0x0000319b      0x20b other\syscalls.o
                                0x3cd (size before relaxing)
 .debug_str     0x000033a6       0x91 other\system_stm32f4xx.o
                                0x3c5 (size before relaxing)
 .debug_str     0x00003437      0x173 src\DTW.o
                                0x2e4 (size before relaxing)
 .debug_str     0x000035aa       0xa5 src\LinkedList.o
                                0x213 (size before relaxing)
 .debug_str     0x0000364f       0xd6 src\main.o
                                0x52e (size before relaxing)

.comment        0x00000000       0x7e
 .comment       0x00000000       0x7e Libraries\STM32F4xx_StdPeriph_Driver\src\misc.o
                                 0x7f (size before relaxing)
 .comment       0x0000007e       0x7f Libraries\STM32F4xx_StdPeriph_Driver\src\stm32f4xx_dac.o
 .comment       0x0000007e       0x7f Libraries\STM32F4xx_StdPeriph_Driver\src\stm32f4xx_dma.o
 .comment       0x0000007e       0x7f Libraries\STM32F4xx_StdPeriph_Driver\src\stm32f4xx_gpio.o
 .comment       0x0000007e       0x7f Libraries\STM32F4xx_StdPeriph_Driver\src\stm32f4xx_rcc.o
 .comment       0x0000007e       0x7f Libraries\STM32F4xx_StdPeriph_Driver\src\stm32f4xx_spi.o
 .comment       0x0000007e       0x7f Libraries\STM32F4xx_StdPeriph_Driver\src\stm32f4xx_usart.o
 .comment       0x0000007e       0x7f Utilities\STM32F4-Discovery\stm32f4_discovery_audio_codec.o
 .comment       0x0000007e       0x7f inc\serial.o
 .comment       0x0000007e       0x7f inc\tm_stm32f4_delay.o
 .comment       0x0000007e       0x7f inc\tm_stm32f4_disco.o
 .comment       0x0000007e       0x7f inc\tm_stm32f4_gpio.o
 .comment       0x0000007e       0x7f inc\tm_stm32f4_lis302dl_lis3dsh.o
 .comment       0x0000007e       0x7f inc\tm_stm32f4_spi.o
 .comment       0x0000007e       0x7f other\syscalls.o
 .comment       0x0000007e       0x7f other\system_stm32f4xx.o
 .comment       0x0000007e       0x7f src\DTW.o
 .comment       0x0000007e       0x7f src\LinkedList.o
 .comment       0x0000007e       0x7f src\main.o

.debug_frame    0x00000000     0x32f4
 .debug_frame   0x00000000       0xd8 Libraries\STM32F4xx_StdPeriph_Driver\src\misc.o
 .debug_frame   0x000000d8      0x2ac Libraries\STM32F4xx_StdPeriph_Driver\src\stm32f4xx_dac.o
 .debug_frame   0x00000384      0x308 Libraries\STM32F4xx_StdPeriph_Driver\src\stm32f4xx_dma.o
 .debug_frame   0x0000068c      0x23c Libraries\STM32F4xx_StdPeriph_Driver\src\stm32f4xx_gpio.o
 .debug_frame   0x000008c8      0x6fc Libraries\STM32F4xx_StdPeriph_Driver\src\stm32f4xx_rcc.o
 .debug_frame   0x00000fc4      0x3f4 Libraries\STM32F4xx_StdPeriph_Driver\src\stm32f4xx_spi.o
 .debug_frame   0x000013b8      0x490 Libraries\STM32F4xx_StdPeriph_Driver\src\stm32f4xx_usart.o
 .debug_frame   0x00001848      0x4bc Utilities\STM32F4-Discovery\stm32f4_discovery_audio_codec.o
 .debug_frame   0x00001d04       0x7c inc\serial.o
 .debug_frame   0x00001d80      0x1ec inc\tm_stm32f4_delay.o
 .debug_frame   0x00001f6c       0x98 inc\tm_stm32f4_disco.o
 .debug_frame   0x00002004      0x274 inc\tm_stm32f4_gpio.o
 .debug_frame   0x00002278      0x1c8 inc\tm_stm32f4_lis302dl_lis3dsh.o
 .debug_frame   0x00002440      0x2e8 inc\tm_stm32f4_spi.o
 .debug_frame   0x00002728      0x2e8 other\syscalls.o
 .debug_frame   0x00002a10       0x7c other\system_stm32f4xx.o
 .debug_frame   0x00002a8c      0x1d0 src\DTW.o
 .debug_frame   0x00002c5c       0xf0 src\LinkedList.o
 .debug_frame   0x00002d4c       0xe0 src\main.o
 .debug_frame   0x00002e2c       0x2c c:/program files (x86)/atollic/truestudio for arm 7.0.1/armtools/bin/../lib/gcc/arm-atollic-eabi/5.3.1/../../../../arm-atollic-eabi/lib/armv7e-m\libc_nano.a(lib_a-init.o)
 .debug_frame   0x00002e58       0x30 c:/program files (x86)/atollic/truestudio for arm 7.0.1/armtools/bin/../lib/gcc/arm-atollic-eabi/5.3.1/../../../../arm-atollic-eabi/lib/armv7e-m\libc_nano.a(lib_a-malloc.o)
 .debug_frame   0x00002e88       0x38 c:/program files (x86)/atollic/truestudio for arm 7.0.1/armtools/bin/../lib/gcc/arm-atollic-eabi/5.3.1/../../../../arm-atollic-eabi/lib/armv7e-m\libc_nano.a(lib_a-nano-freer.o)
 .debug_frame   0x00002ec0       0x2c c:/program files (x86)/atollic/truestudio for arm 7.0.1/armtools/bin/../lib/gcc/arm-atollic-eabi/5.3.1/../../../../arm-atollic-eabi/lib/armv7e-m\libc_nano.a(lib_a-nano-mallocr.o)
 .debug_frame   0x00002eec       0x5c c:/program files (x86)/atollic/truestudio for arm 7.0.1/armtools/bin/../lib/gcc/arm-atollic-eabi/5.3.1/../../../../arm-atollic-eabi/lib/armv7e-m\libc_nano.a(lib_a-reent.o)
 .debug_frame   0x00002f48       0x2c c:/program files (x86)/atollic/truestudio for arm 7.0.1/armtools/bin/../lib/gcc/arm-atollic-eabi/5.3.1/../../../../arm-atollic-eabi/lib/armv7e-m\libc_nano.a(lib_a-sbrkr.o)
 .debug_frame   0x00002f74      0x11c c:/program files (x86)/atollic/truestudio for arm 7.0.1/armtools/bin/../lib/gcc/arm-atollic-eabi/5.3.1/../../../../arm-atollic-eabi/lib/armv7e-m\libc_nano.a(lib_a-findfp.o)
 .debug_frame   0x00003090       0x30 c:/program files (x86)/atollic/truestudio for arm 7.0.1/armtools/bin/../lib/gcc/arm-atollic-eabi/5.3.1/../../../../arm-atollic-eabi/lib/armv7e-m\libc_nano.a(lib_a-mlock.o)
 .debug_frame   0x000030c0       0x40 c:/program files (x86)/atollic/truestudio for arm 7.0.1/armtools/bin/../lib/gcc/arm-atollic-eabi/5.3.1/../../../../arm-atollic-eabi/lib/armv7e-m\libm.a(lib_a-w_pow.o)
 .debug_frame   0x00003100       0x3c c:/program files (x86)/atollic/truestudio for arm 7.0.1/armtools/bin/../lib/gcc/arm-atollic-eabi/5.3.1/../../../../arm-atollic-eabi/lib/armv7e-m\libm.a(lib_a-w_sqrt.o)
 .debug_frame   0x0000313c       0x64 c:/program files (x86)/atollic/truestudio for arm 7.0.1/armtools/bin/../lib/gcc/arm-atollic-eabi/5.3.1/../../../../arm-atollic-eabi/lib/armv7e-m\libm.a(lib_a-e_pow.o)
 .debug_frame   0x000031a0       0x30 c:/program files (x86)/atollic/truestudio for arm 7.0.1/armtools/bin/../lib/gcc/arm-atollic-eabi/5.3.1/../../../../arm-atollic-eabi/lib/armv7e-m\libm.a(lib_a-e_sqrt.o)
 .debug_frame   0x000031d0       0x20 c:/program files (x86)/atollic/truestudio for arm 7.0.1/armtools/bin/../lib/gcc/arm-atollic-eabi/5.3.1/../../../../arm-atollic-eabi/lib/armv7e-m\libm.a(lib_a-s_fabs.o)
 .debug_frame   0x000031f0       0x20 c:/program files (x86)/atollic/truestudio for arm 7.0.1/armtools/bin/../lib/gcc/arm-atollic-eabi/5.3.1/../../../../arm-atollic-eabi/lib/armv7e-m\libm.a(lib_a-s_finite.o)
 .debug_frame   0x00003210       0x20 c:/program files (x86)/atollic/truestudio for arm 7.0.1/armtools/bin/../lib/gcc/arm-atollic-eabi/5.3.1/../../../../arm-atollic-eabi/lib/armv7e-m\libm.a(lib_a-s_matherr.o)
 .debug_frame   0x00003230       0x20 c:/program files (x86)/atollic/truestudio for arm 7.0.1/armtools/bin/../lib/gcc/arm-atollic-eabi/5.3.1/../../../../arm-atollic-eabi/lib/armv7e-m\libm.a(lib_a-s_nan.o)
 .debug_frame   0x00003250       0x34 c:/program files (x86)/atollic/truestudio for arm 7.0.1/armtools/bin/../lib/gcc/arm-atollic-eabi/5.3.1/../../../../arm-atollic-eabi/lib/armv7e-m\libm.a(lib_a-s_rint.o)
 .debug_frame   0x00003284       0x30 c:/program files (x86)/atollic/truestudio for arm 7.0.1/armtools/bin/../lib/gcc/arm-atollic-eabi/5.3.1/../../../../arm-atollic-eabi/lib/armv7e-m\libm.a(lib_a-s_scalbn.o)
 .debug_frame   0x000032b4       0x20 c:/program files (x86)/atollic/truestudio for arm 7.0.1/armtools/bin/../lib/gcc/arm-atollic-eabi/5.3.1/../../../../arm-atollic-eabi/lib/armv7e-m\libm.a(lib_a-s_copysign.o)
 .debug_frame   0x000032d4       0x20 c:/program files (x86)/atollic/truestudio for arm 7.0.1/armtools/bin/../lib/gcc/arm-atollic-eabi/5.3.1/../../../../arm-atollic-eabi/lib/armv7e-m\libc_nano.a(lib_a-errno.o)

Cross Reference Table

Symbol                                            File
ADC_AnalogWatchdogCmd                             Libraries\STM32F4xx_StdPeriph_Driver\src\stm32f4xx_adc.o
ADC_AnalogWatchdogSingleChannelConfig             Libraries\STM32F4xx_StdPeriph_Driver\src\stm32f4xx_adc.o
ADC_AnalogWatchdogThresholdsConfig                Libraries\STM32F4xx_StdPeriph_Driver\src\stm32f4xx_adc.o
ADC_AutoInjectedConvCmd                           Libraries\STM32F4xx_StdPeriph_Driver\src\stm32f4xx_adc.o
ADC_ClearFlag                                     Libraries\STM32F4xx_StdPeriph_Driver\src\stm32f4xx_adc.o
ADC_ClearITPendingBit                             Libraries\STM32F4xx_StdPeriph_Driver\src\stm32f4xx_adc.o
ADC_Cmd                                           Libraries\STM32F4xx_StdPeriph_Driver\src\stm32f4xx_adc.o
ADC_CommonInit                                    Libraries\STM32F4xx_StdPeriph_Driver\src\stm32f4xx_adc.o
ADC_CommonStructInit                              Libraries\STM32F4xx_StdPeriph_Driver\src\stm32f4xx_adc.o
ADC_ContinuousModeCmd                             Libraries\STM32F4xx_StdPeriph_Driver\src\stm32f4xx_adc.o
ADC_DMACmd                                        Libraries\STM32F4xx_StdPeriph_Driver\src\stm32f4xx_adc.o
ADC_DMARequestAfterLastTransferCmd                Libraries\STM32F4xx_StdPeriph_Driver\src\stm32f4xx_adc.o
ADC_DeInit                                        Libraries\STM32F4xx_StdPeriph_Driver\src\stm32f4xx_adc.o
ADC_DiscModeChannelCountConfig                    Libraries\STM32F4xx_StdPeriph_Driver\src\stm32f4xx_adc.o
ADC_DiscModeCmd                                   Libraries\STM32F4xx_StdPeriph_Driver\src\stm32f4xx_adc.o
ADC_EOCOnEachRegularChannelCmd                    Libraries\STM32F4xx_StdPeriph_Driver\src\stm32f4xx_adc.o
ADC_ExternalTrigInjectedConvConfig                Libraries\STM32F4xx_StdPeriph_Driver\src\stm32f4xx_adc.o
ADC_ExternalTrigInjectedConvEdgeConfig            Libraries\STM32F4xx_StdPeriph_Driver\src\stm32f4xx_adc.o
ADC_GetConversionValue                            Libraries\STM32F4xx_StdPeriph_Driver\src\stm32f4xx_adc.o
ADC_GetFlagStatus                                 Libraries\STM32F4xx_StdPeriph_Driver\src\stm32f4xx_adc.o
ADC_GetITStatus                                   Libraries\STM32F4xx_StdPeriph_Driver\src\stm32f4xx_adc.o
ADC_GetInjectedConversionValue                    Libraries\STM32F4xx_StdPeriph_Driver\src\stm32f4xx_adc.o
ADC_GetMultiModeConversionValue                   Libraries\STM32F4xx_StdPeriph_Driver\src\stm32f4xx_adc.o
ADC_GetSoftwareStartConvStatus                    Libraries\STM32F4xx_StdPeriph_Driver\src\stm32f4xx_adc.o
ADC_GetSoftwareStartInjectedConvCmdStatus         Libraries\STM32F4xx_StdPeriph_Driver\src\stm32f4xx_adc.o
ADC_IRQHandler                                    other\startup_stm32f40xx.o
ADC_ITConfig                                      Libraries\STM32F4xx_StdPeriph_Driver\src\stm32f4xx_adc.o
ADC_Init                                          Libraries\STM32F4xx_StdPeriph_Driver\src\stm32f4xx_adc.o
ADC_InjectedChannelConfig                         Libraries\STM32F4xx_StdPeriph_Driver\src\stm32f4xx_adc.o
ADC_InjectedDiscModeCmd                           Libraries\STM32F4xx_StdPeriph_Driver\src\stm32f4xx_adc.o
ADC_InjectedSequencerLengthConfig                 Libraries\STM32F4xx_StdPeriph_Driver\src\stm32f4xx_adc.o
ADC_MultiModeDMARequestAfterLastTransferCmd       Libraries\STM32F4xx_StdPeriph_Driver\src\stm32f4xx_adc.o
ADC_RegularChannelConfig                          Libraries\STM32F4xx_StdPeriph_Driver\src\stm32f4xx_adc.o
ADC_SetInjectedOffset                             Libraries\STM32F4xx_StdPeriph_Driver\src\stm32f4xx_adc.o
ADC_SoftwareStartConv                             Libraries\STM32F4xx_StdPeriph_Driver\src\stm32f4xx_adc.o
ADC_SoftwareStartInjectedConv                     Libraries\STM32F4xx_StdPeriph_Driver\src\stm32f4xx_adc.o
ADC_StructInit                                    Libraries\STM32F4xx_StdPeriph_Driver\src\stm32f4xx_adc.o
ADC_TempSensorVrefintCmd                          Libraries\STM32F4xx_StdPeriph_Driver\src\stm32f4xx_adc.o
ADC_VBATCmd                                       Libraries\STM32F4xx_StdPeriph_Driver\src\stm32f4xx_adc.o
AHBPrescTable                                     other\system_stm32f4xx.o
AUDIO_MAL_DMA_CHANNEL                             Utilities\STM32F4-Discovery\stm32f4_discovery_audio_codec.o
AUDIO_MAL_DMA_CLOCK                               Utilities\STM32F4-Discovery\stm32f4_discovery_audio_codec.o
AUDIO_MAL_DMA_DREG                                Utilities\STM32F4-Discovery\stm32f4_discovery_audio_codec.o
AUDIO_MAL_DMA_FLAG_DME                            Utilities\STM32F4-Discovery\stm32f4_discovery_audio_codec.o
AUDIO_MAL_DMA_FLAG_FE                             Utilities\STM32F4-Discovery\stm32f4_discovery_audio_codec.o
AUDIO_MAL_DMA_FLAG_HT                             Utilities\STM32F4-Discovery\stm32f4_discovery_audio_codec.o
AUDIO_MAL_DMA_FLAG_TC                             Utilities\STM32F4-Discovery\stm32f4_discovery_audio_codec.o
AUDIO_MAL_DMA_FLAG_TE                             Utilities\STM32F4-Discovery\stm32f4_discovery_audio_codec.o
AUDIO_MAL_DMA_IRQ                                 Utilities\STM32F4-Discovery\stm32f4_discovery_audio_codec.o
AUDIO_MAL_DMA_InitStructure                       Utilities\STM32F4-Discovery\stm32f4_discovery_audio_codec.o
AUDIO_MAL_DMA_STREAM                              Utilities\STM32F4-Discovery\stm32f4_discovery_audio_codec.o
AudioRemSize                                      Utilities\STM32F4-Discovery\stm32f4_discovery_audio_codec.o
AudioTotalSize                                    Utilities\STM32F4-Discovery\stm32f4_discovery_audio_codec.o
Audio_MAL_Play                                    Utilities\STM32F4-Discovery\stm32f4_discovery_audio_codec.o
BUTTON_CLK                                        Utilities\STM32F4-Discovery\stm32f4_discovery.o
BUTTON_EXTI_LINE                                  Utilities\STM32F4-Discovery\stm32f4_discovery.o
BUTTON_IRQn                                       Utilities\STM32F4-Discovery\stm32f4_discovery.o
BUTTON_PIN                                        Utilities\STM32F4-Discovery\stm32f4_discovery.o
BUTTON_PIN_SOURCE                                 Utilities\STM32F4-Discovery\stm32f4_discovery.o
BUTTON_PORT                                       Utilities\STM32F4-Discovery\stm32f4_discovery.o
BUTTON_PORT_SOURCE                                Utilities\STM32F4-Discovery\stm32f4_discovery.o
BusFault_Handler                                  other\startup_stm32f40xx.o
CAN1_RX0_IRQHandler                               other\startup_stm32f40xx.o
CAN1_RX1_IRQHandler                               other\startup_stm32f40xx.o
CAN1_SCE_IRQHandler                               other\startup_stm32f40xx.o
CAN1_TX_IRQHandler                                other\startup_stm32f40xx.o
CAN2_RX0_IRQHandler                               other\startup_stm32f40xx.o
CAN2_RX1_IRQHandler                               other\startup_stm32f40xx.o
CAN2_SCE_IRQHandler                               other\startup_stm32f40xx.o
CAN2_TX_IRQHandler                                other\startup_stm32f40xx.o
CAN_CancelTransmit                                Libraries\STM32F4xx_StdPeriph_Driver\src\stm32f4xx_can.o
CAN_ClearFlag                                     Libraries\STM32F4xx_StdPeriph_Driver\src\stm32f4xx_can.o
CAN_ClearITPendingBit                             Libraries\STM32F4xx_StdPeriph_Driver\src\stm32f4xx_can.o
CAN_DBGFreeze                                     Libraries\STM32F4xx_StdPeriph_Driver\src\stm32f4xx_can.o
CAN_DeInit                                        Libraries\STM32F4xx_StdPeriph_Driver\src\stm32f4xx_can.o
CAN_FIFORelease                                   Libraries\STM32F4xx_StdPeriph_Driver\src\stm32f4xx_can.o
CAN_FilterInit                                    Libraries\STM32F4xx_StdPeriph_Driver\src\stm32f4xx_can.o
CAN_GetFlagStatus                                 Libraries\STM32F4xx_StdPeriph_Driver\src\stm32f4xx_can.o
CAN_GetITStatus                                   Libraries\STM32F4xx_StdPeriph_Driver\src\stm32f4xx_can.o
CAN_GetLSBTransmitErrorCounter                    Libraries\STM32F4xx_StdPeriph_Driver\src\stm32f4xx_can.o
CAN_GetLastErrorCode                              Libraries\STM32F4xx_StdPeriph_Driver\src\stm32f4xx_can.o
CAN_GetReceiveErrorCounter                        Libraries\STM32F4xx_StdPeriph_Driver\src\stm32f4xx_can.o
CAN_ITConfig                                      Libraries\STM32F4xx_StdPeriph_Driver\src\stm32f4xx_can.o
CAN_Init                                          Libraries\STM32F4xx_StdPeriph_Driver\src\stm32f4xx_can.o
CAN_MessagePending                                Libraries\STM32F4xx_StdPeriph_Driver\src\stm32f4xx_can.o
CAN_OperatingModeRequest                          Libraries\STM32F4xx_StdPeriph_Driver\src\stm32f4xx_can.o
CAN_Receive                                       Libraries\STM32F4xx_StdPeriph_Driver\src\stm32f4xx_can.o
CAN_SlaveStartBank                                Libraries\STM32F4xx_StdPeriph_Driver\src\stm32f4xx_can.o
CAN_Sleep                                         Libraries\STM32F4xx_StdPeriph_Driver\src\stm32f4xx_can.o
CAN_StructInit                                    Libraries\STM32F4xx_StdPeriph_Driver\src\stm32f4xx_can.o
CAN_TTComModeCmd                                  Libraries\STM32F4xx_StdPeriph_Driver\src\stm32f4xx_can.o
CAN_Transmit                                      Libraries\STM32F4xx_StdPeriph_Driver\src\stm32f4xx_can.o
CAN_TransmitStatus                                Libraries\STM32F4xx_StdPeriph_Driver\src\stm32f4xx_can.o
CAN_WakeUp                                        Libraries\STM32F4xx_StdPeriph_Driver\src\stm32f4xx_can.o
CODECTimeout                                      Utilities\STM32F4-Discovery\stm32f4_discovery_audio_codec.o
CRC_CalcBlockCRC                                  Libraries\STM32F4xx_StdPeriph_Driver\src\stm32f4xx_crc.o
CRC_CalcCRC                                       Libraries\STM32F4xx_StdPeriph_Driver\src\stm32f4xx_crc.o
CRC_GetCRC                                        Libraries\STM32F4xx_StdPeriph_Driver\src\stm32f4xx_crc.o
CRC_GetIDRegister                                 Libraries\STM32F4xx_StdPeriph_Driver\src\stm32f4xx_crc.o
CRC_ResetDR                                       Libraries\STM32F4xx_StdPeriph_Driver\src\stm32f4xx_crc.o
CRC_SetIDRegister                                 Libraries\STM32F4xx_StdPeriph_Driver\src\stm32f4xx_crc.o
CRYP_AES_CBC                                      Libraries\STM32F4xx_StdPeriph_Driver\src\stm32f4xx_cryp_aes.o
CRYP_AES_CCM                                      Libraries\STM32F4xx_StdPeriph_Driver\src\stm32f4xx_cryp_aes.o
CRYP_AES_CTR                                      Libraries\STM32F4xx_StdPeriph_Driver\src\stm32f4xx_cryp_aes.o
CRYP_AES_ECB                                      Libraries\STM32F4xx_StdPeriph_Driver\src\stm32f4xx_cryp_aes.o
CRYP_AES_GCM                                      Libraries\STM32F4xx_StdPeriph_Driver\src\stm32f4xx_cryp_aes.o
CRYP_Cmd                                          Libraries\STM32F4xx_StdPeriph_Driver\src\stm32f4xx_cryp.o
                                                  Libraries\STM32F4xx_StdPeriph_Driver\src\stm32f4xx_cryp_tdes.o
                                                  Libraries\STM32F4xx_StdPeriph_Driver\src\stm32f4xx_cryp_des.o
                                                  Libraries\STM32F4xx_StdPeriph_Driver\src\stm32f4xx_cryp_aes.o
CRYP_DES_CBC                                      Libraries\STM32F4xx_StdPeriph_Driver\src\stm32f4xx_cryp_des.o
CRYP_DES_ECB                                      Libraries\STM32F4xx_StdPeriph_Driver\src\stm32f4xx_cryp_des.o
CRYP_DMACmd                                       Libraries\STM32F4xx_StdPeriph_Driver\src\stm32f4xx_cryp.o
CRYP_DataIn                                       Libraries\STM32F4xx_StdPeriph_Driver\src\stm32f4xx_cryp.o
                                                  Libraries\STM32F4xx_StdPeriph_Driver\src\stm32f4xx_cryp_tdes.o
                                                  Libraries\STM32F4xx_StdPeriph_Driver\src\stm32f4xx_cryp_des.o
                                                  Libraries\STM32F4xx_StdPeriph_Driver\src\stm32f4xx_cryp_aes.o
CRYP_DataOut                                      Libraries\STM32F4xx_StdPeriph_Driver\src\stm32f4xx_cryp.o
                                                  Libraries\STM32F4xx_StdPeriph_Driver\src\stm32f4xx_cryp_tdes.o
                                                  Libraries\STM32F4xx_StdPeriph_Driver\src\stm32f4xx_cryp_des.o
                                                  Libraries\STM32F4xx_StdPeriph_Driver\src\stm32f4xx_cryp_aes.o
CRYP_DeInit                                       Libraries\STM32F4xx_StdPeriph_Driver\src\stm32f4xx_cryp.o
CRYP_FIFOFlush                                    Libraries\STM32F4xx_StdPeriph_Driver\src\stm32f4xx_cryp.o
                                                  Libraries\STM32F4xx_StdPeriph_Driver\src\stm32f4xx_cryp_tdes.o
                                                  Libraries\STM32F4xx_StdPeriph_Driver\src\stm32f4xx_cryp_des.o
                                                  Libraries\STM32F4xx_StdPeriph_Driver\src\stm32f4xx_cryp_aes.o
CRYP_GetCmdStatus                                 Libraries\STM32F4xx_StdPeriph_Driver\src\stm32f4xx_cryp.o
                                                  Libraries\STM32F4xx_StdPeriph_Driver\src\stm32f4xx_cryp_tdes.o
                                                  Libraries\STM32F4xx_StdPeriph_Driver\src\stm32f4xx_cryp_des.o
                                                  Libraries\STM32F4xx_StdPeriph_Driver\src\stm32f4xx_cryp_aes.o
CRYP_GetFlagStatus                                Libraries\STM32F4xx_StdPeriph_Driver\src\stm32f4xx_cryp.o
                                                  Libraries\STM32F4xx_StdPeriph_Driver\src\stm32f4xx_cryp_tdes.o
                                                  Libraries\STM32F4xx_StdPeriph_Driver\src\stm32f4xx_cryp_des.o
                                                  Libraries\STM32F4xx_StdPeriph_Driver\src\stm32f4xx_cryp_aes.o
CRYP_GetITStatus                                  Libraries\STM32F4xx_StdPeriph_Driver\src\stm32f4xx_cryp.o
CRYP_IRQHandler                                   other\startup_stm32f40xx.o
CRYP_ITConfig                                     Libraries\STM32F4xx_StdPeriph_Driver\src\stm32f4xx_cryp.o
CRYP_IVInit                                       Libraries\STM32F4xx_StdPeriph_Driver\src\stm32f4xx_cryp.o
                                                  Libraries\STM32F4xx_StdPeriph_Driver\src\stm32f4xx_cryp_tdes.o
                                                  Libraries\STM32F4xx_StdPeriph_Driver\src\stm32f4xx_cryp_des.o
                                                  Libraries\STM32F4xx_StdPeriph_Driver\src\stm32f4xx_cryp_aes.o
CRYP_IVStructInit                                 Libraries\STM32F4xx_StdPeriph_Driver\src\stm32f4xx_cryp.o
CRYP_Init                                         Libraries\STM32F4xx_StdPeriph_Driver\src\stm32f4xx_cryp.o
                                                  Libraries\STM32F4xx_StdPeriph_Driver\src\stm32f4xx_cryp_tdes.o
                                                  Libraries\STM32F4xx_StdPeriph_Driver\src\stm32f4xx_cryp_des.o
                                                  Libraries\STM32F4xx_StdPeriph_Driver\src\stm32f4xx_cryp_aes.o
CRYP_KeyInit                                      Libraries\STM32F4xx_StdPeriph_Driver\src\stm32f4xx_cryp.o
                                                  Libraries\STM32F4xx_StdPeriph_Driver\src\stm32f4xx_cryp_tdes.o
                                                  Libraries\STM32F4xx_StdPeriph_Driver\src\stm32f4xx_cryp_des.o
                                                  Libraries\STM32F4xx_StdPeriph_Driver\src\stm32f4xx_cryp_aes.o
CRYP_KeyStructInit                                Libraries\STM32F4xx_StdPeriph_Driver\src\stm32f4xx_cryp.o
                                                  Libraries\STM32F4xx_StdPeriph_Driver\src\stm32f4xx_cryp_tdes.o
                                                  Libraries\STM32F4xx_StdPeriph_Driver\src\stm32f4xx_cryp_des.o
                                                  Libraries\STM32F4xx_StdPeriph_Driver\src\stm32f4xx_cryp_aes.o
CRYP_PhaseConfig                                  Libraries\STM32F4xx_StdPeriph_Driver\src\stm32f4xx_cryp.o
                                                  Libraries\STM32F4xx_StdPeriph_Driver\src\stm32f4xx_cryp_aes.o
CRYP_RestoreContext                               Libraries\STM32F4xx_StdPeriph_Driver\src\stm32f4xx_cryp.o
CRYP_SaveContext                                  Libraries\STM32F4xx_StdPeriph_Driver\src\stm32f4xx_cryp.o
CRYP_StructInit                                   Libraries\STM32F4xx_StdPeriph_Driver\src\stm32f4xx_cryp.o
CRYP_TDES_CBC                                     Libraries\STM32F4xx_StdPeriph_Driver\src\stm32f4xx_cryp_tdes.o
CRYP_TDES_ECB                                     Libraries\STM32F4xx_StdPeriph_Driver\src\stm32f4xx_cryp_tdes.o
Codec_TIMEOUT_UserCallback                        Utilities\STM32F4-Discovery\stm32f4_discovery_audio_codec.o
CurrAudioInterface                                Utilities\STM32F4-Discovery\stm32f4_discovery_audio_codec.o
CurrentPos                                        Utilities\STM32F4-Discovery\stm32f4_discovery_audio_codec.o
DAC_ClearFlag                                     Libraries\STM32F4xx_StdPeriph_Driver\src\stm32f4xx_dac.o
DAC_ClearITPendingBit                             Libraries\STM32F4xx_StdPeriph_Driver\src\stm32f4xx_dac.o
DAC_Cmd                                           Libraries\STM32F4xx_StdPeriph_Driver\src\stm32f4xx_dac.o
                                                  Utilities\STM32F4-Discovery\stm32f4_discovery_audio_codec.o
DAC_Config                                        Utilities\STM32F4-Discovery\stm32f4_discovery_audio_codec.o
DAC_DMACmd                                        Libraries\STM32F4xx_StdPeriph_Driver\src\stm32f4xx_dac.o
DAC_DeInit                                        Libraries\STM32F4xx_StdPeriph_Driver\src\stm32f4xx_dac.o
DAC_DualSoftwareTriggerCmd                        Libraries\STM32F4xx_StdPeriph_Driver\src\stm32f4xx_dac.o
DAC_GetDataOutputValue                            Libraries\STM32F4xx_StdPeriph_Driver\src\stm32f4xx_dac.o